#
# There is insufficient memory for the Java Runtime Environment to continue.
# Native memory allocation (malloc) failed to allocate 1360656 bytes for Chunk::new
# Possible reasons:
#   The system is out of physical RAM or swap space
#   The process is running with CompressedOops enabled, and the Java Heap may be blocking the growth of the native heap
# Possible solutions:
#   Reduce memory load on the system
#   Increase physical memory or swap space
#   Check if swap backing store is full
#   Decrease Java heap size (-Xmx/-Xms)
#   Decrease number of Java threads
#   Decrease Java thread stack sizes (-Xss)
#   Set larger code cache with -XX:ReservedCodeCacheSize=
#   JVM is running with Unscaled Compressed Oops mode in which the Java heap is
#     placed in the first 4GB address space. The Java Heap base address is the
#     maximum limit for the native heap growth. Please use -XX:HeapBaseMinAddress
#     to set the Java Heap base and to place the Java Heap above 4GB virtual address.
# This output file may be truncated or incomplete.
#
#  Out of Memory Error (arena.cpp:189), pid=9116, tid=17364
#
# JRE version: Java(TM) SE Runtime Environment (17.0.13+10) (build 17.0.13+10-LTS-268)
# Java VM: Java HotSpot(TM) 64-Bit Server VM (17.0.13+10-LTS-268, mixed mode, sharing, tiered, compressed oops, compressed class ptrs, g1 gc, windows-amd64)
# No core dump will be written. Minidumps are not enabled by default on client versions of Windows
#

---------------  S U M M A R Y ------------

Command Line: --add-opens=java.base/java.lang=ALL-UNNAMED --add-opens=java.base/java.lang.invoke=ALL-UNNAMED --add-opens=java.base/java.util=ALL-UNNAMED --add-opens=java.prefs/java.util.prefs=ALL-UNNAMED --add-exports=jdk.compiler/com.sun.tools.javac.api=ALL-UNNAMED --add-exports=jdk.compiler/com.sun.tools.javac.util=ALL-UNNAMED --add-opens=java.base/java.util=ALL-UNNAMED --add-opens=java.prefs/java.util.prefs=ALL-UNNAMED --add-opens=java.base/java.nio.charset=ALL-UNNAMED --add-opens=java.base/java.net=ALL-UNNAMED --add-opens=java.base/java.util.concurrent.atomic=ALL-UNNAMED --add-opens=java.xml/javax.xml.namespace=ALL-UNNAMED -XX:MaxMetaspaceSize=256m -Xmx1024m -Dfile.encoding=windows-1252 -Duser.country=IN -Duser.language=en -Duser.variant -javaagent:C:\Users\ACER\.gradle\wrapper\dists\gradle-8.13-bin\5xuhj0ry160q40clulazy9h7d\gradle-8.13\lib\agents\gradle-instrumentation-agent-8.13.jar org.gradle.launcher.daemon.bootstrap.GradleDaemon 8.13

Host: Intel(R) Core(TM) i3-7100U CPU @ 2.40GHz, 4 cores, 11G,  Windows 10 , 64 bit Build 19041 (10.0.19041.5915)
Time: Tue Apr 28 16:36:30 2026 India Standard Time elapsed time: 58.611058 seconds (0d 0h 0m 58s)

---------------  T H R E A D  ---------------

Current thread (0x00000193e1042080):  JavaThread "C2 CompilerThread1" daemon [_thread_in_native, id=17364, stack(0x00000083e4b00000,0x00000083e4c00000)]


Current CompileTask:
C2:  58611 12504   !   4       com.sun.beans.TypeResolver::resolve (261 bytes)

Stack: [0x00000083e4b00000,0x00000083e4c00000]
Native frames: (J=compiled Java code, j=interpreted, Vv=VM code, C=native code)
V  [jvm.dll+0x67a23a]
V  [jvm.dll+0x7da96d]
V  [jvm.dll+0x7dc2b3]
V  [jvm.dll+0x7dc923]
V  [jvm.dll+0x2450ef]
V  [jvm.dll+0xab793]
V  [jvm.dll+0xabd5c]
V  [jvm.dll+0x361d0f]
V  [jvm.dll+0x1ba2ba]
V  [jvm.dll+0x2169f7]
V  [jvm.dll+0x215ccf]
V  [jvm.dll+0x1a2980]
V  [jvm.dll+0x22616b]
V  [jvm.dll+0x22430b]
V  [jvm.dll+0x790a8c]
V  [jvm.dll+0x78af1a]
V  [jvm.dll+0x679125]
C  [ucrtbase.dll+0x21bb2]
C  [KERNEL32.DLL+0x17374]
C  [ntdll.dll+0x4cc91]


---------------  P R O C E S S  ---------------

Threads class SMR info:
_java_thread_list=0x00000193e65ac330, length=91, elements={
0x00000193b2c99ec0, 0x00000193cdffaee0, 0x00000193cdffbc70, 0x00000193ce011840,
0x00000193ce015290, 0x00000193ce015b60, 0x00000193ce017440, 0x00000193ce0180f0,
0x00000193ce01aac0, 0x00000193ce043b60, 0x00000193ce21b6a0, 0x00000193ce2a7e90,
0x00000193e200f0e0, 0x00000193e142e7f0, 0x00000193ce673f70, 0x00000193e237e0b0,
0x00000193e237e960, 0x00000193ce64ddb0, 0x00000193ce64d390, 0x00000193ce64d8a0,
0x00000193ce64e2c0, 0x00000193ce64e7d0, 0x00000193ce64c970, 0x00000193ce64bf50,
0x00000193ce64c460, 0x00000193ce64ce80, 0x00000193ce64ba40, 0x00000193ce64b530,
0x00000193e2ee9240, 0x00000193e2eed920, 0x00000193e2eea170, 0x00000193e2ee6ed0,
0x00000193e2eec4e0, 0x00000193e2ee8d30, 0x00000193e2eeb5b0, 0x00000193e2ee7e00,
0x00000193e2ee69c0, 0x00000193e2ee78f0, 0x00000193e2eeb0a0, 0x00000193e2ee8310,
0x00000193e2ee9750, 0x00000193e2eebac0, 0x00000193e2eebfd0, 0x00000193e2eede30,
0x00000193e2e1c850, 0x00000193e2e20510, 0x00000193e2e1ebc0, 0x00000193e2e20a20,
0x00000193e2e1c340, 0x00000193e2e1d780, 0x00000193e2e1d270, 0x00000193e2e1f0d0,
0x00000193e2e1f5e0, 0x00000193e2e1dc90, 0x00000193e2e1e6b0, 0x00000193e2e20f30,
0x00000193e2e232a0, 0x00000193e2e1be30, 0x00000193e2e21440, 0x00000193e2e21950,
0x00000193e2e21e60, 0x00000193e2e22370, 0x00000193e2e22880, 0x00000193e2e22d90,
0x00000193e56acec0, 0x00000193e56ab060, 0x00000193e56ac4a0, 0x00000193e56afc50,
0x00000193e56b0670, 0x00000193e56b29e0, 0x00000193e56b0160, 0x00000193e56b1090,
0x00000193e56ad3d0, 0x00000193e56b0b80, 0x00000193e56ad8e0, 0x00000193e56b15a0,
0x00000193e56addf0, 0x00000193e56b1ab0, 0x00000193e56b1fc0, 0x00000193e56b24d0,
0x00000193e56aba80, 0x00000193e56abf90, 0x00000193e56ae300, 0x00000193e56ae810,
0x00000193e56af230, 0x00000193e56af740, 0x00000193e4403be0, 0x00000193e4405a40,
0x00000193e44036d0, 0x00000193e4400e50, 0x00000193e1042080
}

Java Threads: ( => current thread )
  0x00000193b2c99ec0 JavaThread "main" [_thread_blocked, id=14920, stack(0x00000083de500000,0x00000083de600000)]
  0x00000193cdffaee0 JavaThread "Reference Handler" daemon [_thread_blocked, id=18332, stack(0x00000083dec00000,0x00000083ded00000)]
  0x00000193cdffbc70 JavaThread "Finalizer" daemon [_thread_blocked, id=11604, stack(0x00000083ded00000,0x00000083dee00000)]
  0x00000193ce011840 JavaThread "Signal Dispatcher" daemon [_thread_blocked, id=18248, stack(0x00000083dee00000,0x00000083def00000)]
  0x00000193ce015290 JavaThread "Attach Listener" daemon [_thread_blocked, id=15952, stack(0x00000083def00000,0x00000083df000000)]
  0x00000193ce015b60 JavaThread "Service Thread" daemon [_thread_blocked, id=17324, stack(0x00000083df000000,0x00000083df100000)]
  0x00000193ce017440 JavaThread "Monitor Deflation Thread" daemon [_thread_blocked, id=6288, stack(0x00000083df100000,0x00000083df200000)]
  0x00000193ce0180f0 JavaThread "C2 CompilerThread0" daemon [_thread_blocked, id=16612, stack(0x00000083df200000,0x00000083df300000)]
  0x00000193ce01aac0 JavaThread "C1 CompilerThread0" daemon [_thread_blocked, id=14480, stack(0x00000083df300000,0x00000083df400000)]
  0x00000193ce043b60 JavaThread "Sweeper thread" daemon [_thread_blocked, id=11904, stack(0x00000083df400000,0x00000083df500000)]
  0x00000193ce21b6a0 JavaThread "Common-Cleaner" daemon [_thread_blocked, id=12632, stack(0x00000083df500000,0x00000083df600000)]
  0x00000193ce2a7e90 JavaThread "Notification Thread" daemon [_thread_blocked, id=12220, stack(0x00000083df600000,0x00000083df700000)]
  0x00000193e200f0e0 JavaThread "Daemon health stats" [_thread_blocked, id=620, stack(0x00000083dfc00000,0x00000083dfd00000)]
  0x00000193e142e7f0 JavaThread "Incoming local TCP Connector on port 54595" [_thread_in_native, id=12532, stack(0x00000083dfb00000,0x00000083dfc00000)]
  0x00000193ce673f70 JavaThread "Daemon periodic checks" [_thread_blocked, id=18160, stack(0x00000083dfd00000,0x00000083dfe00000)]
  0x00000193e237e0b0 JavaThread "Daemon" [_thread_blocked, id=1532, stack(0x00000083dff00000,0x00000083e0000000)]
  0x00000193e237e960 JavaThread "Handler for socket connection from /127.0.0.1:54595 to /127.0.0.1:54596" [_thread_in_native, id=18276, stack(0x00000083e0000000,0x00000083e0100000)]
  0x00000193ce64ddb0 JavaThread "Cancel handler" [_thread_blocked, id=15432, stack(0x00000083dfe00000,0x00000083dff00000)]
  0x00000193ce64d390 JavaThread "Daemon worker" [_thread_in_vm, id=13016, stack(0x00000083e0100000,0x00000083e0200000)]
  0x00000193ce64d8a0 JavaThread "Asynchronous log dispatcher for DefaultDaemonConnection: socket connection from /127.0.0.1:54595 to /127.0.0.1:54596" [_thread_blocked, id=2160, stack(0x00000083e0200000,0x00000083e0300000)]
  0x00000193ce64e2c0 JavaThread "Stdin handler" [_thread_blocked, id=12884, stack(0x00000083e0300000,0x00000083e0400000)]
  0x00000193ce64e7d0 JavaThread "Daemon client event forwarder" [_thread_blocked, id=13040, stack(0x00000083e0400000,0x00000083e0500000)]
  0x00000193ce64c970 JavaThread "Cache worker for journal cache (C:\Users\ACER\.gradle\caches\journal-1)" [_thread_blocked, id=3968, stack(0x00000083e0500000,0x00000083e0600000)]
  0x00000193ce64bf50 JavaThread "File lock request listener" [_thread_in_native, id=15156, stack(0x00000083e0600000,0x00000083e0700000)]
  0x00000193ce64c460 JavaThread "Cache worker for file hash cache (C:\Users\ACER\.gradle\caches\8.13\fileHashes)" [_thread_blocked, id=16464, stack(0x00000083e0800000,0x00000083e0900000)]
  0x00000193ce64ce80 JavaThread "Cache worker for file hash cache (E:\porteruser\android\.gradle\8.13\fileHashes)" [_thread_blocked, id=11720, stack(0x00000083e0900000,0x00000083e0a00000)]
  0x00000193ce64ba40 JavaThread "Cache worker for Build Output Cleanup Cache (E:\porteruser\android\.gradle\buildOutputCleanup)" [_thread_blocked, id=13244, stack(0x00000083e0700000,0x00000083e0800000)]
  0x00000193ce64b530 JavaThread "File watcher server" daemon [_thread_in_native, id=15084, stack(0x00000083e0a00000,0x00000083e0b00000)]
  0x00000193e2ee9240 JavaThread "File watcher consumer" daemon [_thread_blocked, id=14124, stack(0x00000083e0b00000,0x00000083e0c00000)]
  0x00000193e2eed920 JavaThread "jar transforms" [_thread_blocked, id=17504, stack(0x00000083e0d00000,0x00000083e0e00000)]
  0x00000193e2eea170 JavaThread "Cache worker for checksums cache (E:\porteruser\android\.gradle\8.13\checksums)" [_thread_blocked, id=13948, stack(0x00000083e0e00000,0x00000083e0f00000)]
  0x00000193e2ee6ed0 JavaThread "Cache worker for file content cache (C:\Users\ACER\.gradle\caches\8.13\fileContent)" [_thread_blocked, id=2052, stack(0x00000083e0f00000,0x00000083e1000000)]
  0x00000193e2eec4e0 JavaThread "Cache worker for cache directory md-supplier (C:\Users\ACER\.gradle\caches\8.13\md-supplier)" [_thread_blocked, id=14740, stack(0x00000083e1000000,0x00000083e1100000)]
  0x00000193e2ee8d30 JavaThread "Cache worker for cache directory md-rule (C:\Users\ACER\.gradle\caches\8.13\md-rule)" [_thread_blocked, id=13072, stack(0x00000083e1100000,0x00000083e1200000)]
  0x00000193e2eeb5b0 JavaThread "Cache worker for Build Output Cleanup Cache (E:\porteruser\node_modules\@react-native\gradle-plugin\.gradle\buildOutputCleanup)" [_thread_blocked, id=15408, stack(0x00000083e1200000,0x00000083e1300000)]
  0x00000193e2ee7e00 JavaThread "Unconstrained build operations" [_thread_blocked, id=14016, stack(0x00000083e1300000,0x00000083e1400000)]
  0x00000193e2ee69c0 JavaThread "Unconstrained build operations Thread 2" [_thread_blocked, id=14972, stack(0x00000083e1400000,0x00000083e1500000)]
  0x00000193e2ee78f0 JavaThread "Unconstrained build operations Thread 3" [_thread_blocked, id=2968, stack(0x00000083e1500000,0x00000083e1600000)]
  0x00000193e2eeb0a0 JavaThread "Unconstrained build operations Thread 4" [_thread_blocked, id=18124, stack(0x00000083e1600000,0x00000083e1700000)]
  0x00000193e2ee8310 JavaThread "Unconstrained build operations Thread 5" [_thread_blocked, id=3372, stack(0x00000083e1700000,0x00000083e1800000)]
  0x00000193e2ee9750 JavaThread "Unconstrained build operations Thread 6" [_thread_blocked, id=1776, stack(0x00000083e1800000,0x00000083e1900000)]
  0x00000193e2eebac0 JavaThread "Unconstrained build operations Thread 7" [_thread_blocked, id=5512, stack(0x00000083e0c00000,0x00000083e0d00000)]
  0x00000193e2eebfd0 JavaThread "Unconstrained build operations Thread 8" [_thread_blocked, id=17108, stack(0x00000083e1900000,0x00000083e1a00000)]
  0x00000193e2eede30 JavaThread "Unconstrained build operations Thread 9" [_thread_blocked, id=15456, stack(0x00000083e1a00000,0x00000083e1b00000)]
  0x00000193e2e1c850 JavaThread "Unconstrained build operations Thread 10" [_thread_blocked, id=12224, stack(0x00000083e1b00000,0x00000083e1c00000)]
  0x00000193e2e20510 JavaThread "Unconstrained build operations Thread 11" [_thread_blocked, id=16568, stack(0x00000083e1c00000,0x00000083e1d00000)]
  0x00000193e2e1ebc0 JavaThread "Unconstrained build operations Thread 12" [_thread_blocked, id=8520, stack(0x00000083e1d00000,0x00000083e1e00000)]
  0x00000193e2e20a20 JavaThread "Unconstrained build operations Thread 13" [_thread_blocked, id=16556, stack(0x00000083e1e00000,0x00000083e1f00000)]
  0x00000193e2e1c340 JavaThread "Unconstrained build operations Thread 14" [_thread_blocked, id=17776, stack(0x00000083e1f00000,0x00000083e2000000)]
  0x00000193e2e1d780 JavaThread "Unconstrained build operations Thread 15" [_thread_blocked, id=14604, stack(0x00000083e2000000,0x00000083e2100000)]
  0x00000193e2e1d270 JavaThread "build event listener" [_thread_blocked, id=16748, stack(0x00000083e2100000,0x00000083e2200000)]
  0x00000193e2e1f0d0 JavaThread "Memory manager" [_thread_blocked, id=1436, stack(0x00000083e2200000,0x00000083e2300000)]
  0x00000193e2e1f5e0 JavaThread "ForkJoinPool.commonPool-worker-1" daemon [_thread_blocked, id=15644, stack(0x00000083e2400000,0x00000083e2500000)]
  0x00000193e2e1dc90 JavaThread "ForkJoinPool.commonPool-worker-2" daemon [_thread_blocked, id=7776, stack(0x00000083e2500000,0x00000083e2600000)]
  0x00000193e2e1e6b0 JavaThread "ForkJoinPool.commonPool-worker-3" daemon [_thread_blocked, id=8404, stack(0x00000083e2600000,0x00000083e2700000)]
  0x00000193e2e20f30 JavaThread "included builds" [_thread_blocked, id=12040, stack(0x00000083e2700000,0x00000083e2800000)]
  0x00000193e2e232a0 JavaThread "Execution worker" [_thread_blocked, id=7632, stack(0x00000083e2800000,0x00000083e2900000)]
  0x00000193e2e1be30 JavaThread "Execution worker Thread 2" [_thread_blocked, id=17524, stack(0x00000083e2900000,0x00000083e2a00000)]
  0x00000193e2e21440 JavaThread "Execution worker Thread 3" [_thread_blocked, id=18064, stack(0x00000083e2a00000,0x00000083e2b00000)]
  0x00000193e2e21950 JavaThread "Cache worker for execution history cache (E:\porteruser\node_modules\@react-native\gradle-plugin\.gradle\8.13\executionHistory)" [_thread_blocked, id=7452, stack(0x00000083e2b00000,0x00000083e2c00000)]
  0x00000193e2e21e60 JavaThread "Unconstrained build operations Thread 16" [_thread_blocked, id=12648, stack(0x00000083e2e00000,0x00000083e2f00000)]
  0x00000193e2e22370 JavaThread "Unconstrained build operations Thread 17" [_thread_blocked, id=16300, stack(0x00000083e2f00000,0x00000083e3000000)]
  0x00000193e2e22880 JavaThread "Unconstrained build operations Thread 18" [_thread_blocked, id=5072, stack(0x00000083e3000000,0x00000083e3100000)]
  0x00000193e2e22d90 JavaThread "Unconstrained build operations Thread 19" [_thread_blocked, id=17092, stack(0x00000083e3100000,0x00000083e3200000)]
  0x00000193e56acec0 JavaThread "Unconstrained build operations Thread 20" [_thread_blocked, id=3000, stack(0x00000083e3200000,0x00000083e3300000)]
  0x00000193e56ab060 JavaThread "Unconstrained build operations Thread 21" [_thread_blocked, id=17328, stack(0x00000083e3300000,0x00000083e3400000)]
  0x00000193e56ac4a0 JavaThread "Unconstrained build operations Thread 22" [_thread_blocked, id=2132, stack(0x00000083e3400000,0x00000083e3500000)]
  0x00000193e56afc50 JavaThread "Unconstrained build operations Thread 23" [_thread_blocked, id=16104, stack(0x00000083e3500000,0x00000083e3600000)]
  0x00000193e56b0670 JavaThread "Unconstrained build operations Thread 24" [_thread_blocked, id=864, stack(0x00000083e3600000,0x00000083e3700000)]
  0x00000193e56b29e0 JavaThread "Unconstrained build operations Thread 25" [_thread_blocked, id=12516, stack(0x00000083e2300000,0x00000083e2400000)]
  0x00000193e56b0160 JavaThread "Unconstrained build operations Thread 26" [_thread_blocked, id=4976, stack(0x00000083e3700000,0x00000083e3800000)]
  0x00000193e56b1090 JavaThread "Unconstrained build operations Thread 27" [_thread_blocked, id=17036, stack(0x00000083e3800000,0x00000083e3900000)]
  0x00000193e56ad3d0 JavaThread "Unconstrained build operations Thread 28" [_thread_blocked, id=13348, stack(0x00000083e3900000,0x00000083e3a00000)]
  0x00000193e56b0b80 JavaThread "Unconstrained build operations Thread 29" [_thread_blocked, id=17880, stack(0x00000083e3a00000,0x00000083e3b00000)]
  0x00000193e56ad8e0 JavaThread "Unconstrained build operations Thread 30" [_thread_blocked, id=10916, stack(0x00000083e3b00000,0x00000083e3c00000)]
  0x00000193e56b15a0 JavaThread "Unconstrained build operations Thread 31" [_thread_blocked, id=11596, stack(0x00000083e3c00000,0x00000083e3d00000)]
  0x00000193e56addf0 JavaThread "Unconstrained build operations Thread 32" [_thread_blocked, id=16328, stack(0x00000083e3d00000,0x00000083e3e00000)]
  0x00000193e56b1ab0 JavaThread "Unconstrained build operations Thread 33" [_thread_blocked, id=9848, stack(0x00000083e3e00000,0x00000083e3f00000)]
  0x00000193e56b1fc0 JavaThread "Unconstrained build operations Thread 34" [_thread_blocked, id=1148, stack(0x00000083e3f00000,0x00000083e4000000)]
  0x00000193e56b24d0 JavaThread "Unconstrained build operations Thread 35" [_thread_blocked, id=860, stack(0x00000083e4000000,0x00000083e4100000)]
  0x00000193e56aba80 JavaThread "Unconstrained build operations Thread 36" [_thread_blocked, id=14828, stack(0x00000083e4100000,0x00000083e4200000)]
  0x00000193e56abf90 JavaThread "Unconstrained build operations Thread 37" [_thread_blocked, id=18164, stack(0x00000083e4200000,0x00000083e4300000)]
  0x00000193e56ae300 JavaThread "jar transforms Thread 2" [_thread_blocked, id=7904, stack(0x00000083e4300000,0x00000083e4400000)]
  0x00000193e56ae810 JavaThread "jar transforms Thread 3" [_thread_blocked, id=16692, stack(0x00000083e4400000,0x00000083e4500000)]
  0x00000193e56af230 JavaThread "Unconstrained build operations Thread 38" [_thread_blocked, id=17696, stack(0x00000083e4600000,0x00000083e4700000)]
  0x00000193e56af740 JavaThread "Unconstrained build operations Thread 39" [_thread_blocked, id=6348, stack(0x00000083e4700000,0x00000083e4800000)]
  0x00000193e4403be0 JavaThread "Unconstrained build operations Thread 40" [_thread_blocked, id=8568, stack(0x00000083e4800000,0x00000083e4900000)]
  0x00000193e4405a40 JavaThread "jar transforms Thread 4" [_thread_blocked, id=2320, stack(0x00000083e4900000,0x00000083e4a00000)]
  0x00000193e44036d0 JavaThread "build event listener" [_thread_blocked, id=14284, stack(0x00000083e4500000,0x00000083e4600000)]
  0x00000193e4400e50 JavaThread "Problems report writer" [_thread_blocked, id=16376, stack(0x00000083e4a00000,0x00000083e4b00000)]
=>0x00000193e1042080 JavaThread "C2 CompilerThread1" daemon [_thread_in_native, id=17364, stack(0x00000083e4b00000,0x00000083e4c00000)]

Other Threads:
  0x00000193cdff73d0 VMThread "VM Thread" [stack: 0x00000083deb00000,0x00000083dec00000] [id=15420]
  0x00000193ce284010 WatcherThread [stack: 0x00000083df700000,0x00000083df800000] [id=12456]
  0x00000193b2cd64a0 GCTaskThread "GC Thread#0" [stack: 0x00000083de600000,0x00000083de700000] [id=2456]
  0x00000193ce396f50 GCTaskThread "GC Thread#1" [stack: 0x00000083df800000,0x00000083df900000] [id=17544]
  0x00000193ce397210 GCTaskThread "GC Thread#2" [stack: 0x00000083df900000,0x00000083dfa00000] [id=9828]
  0x00000193ce3974d0 GCTaskThread "GC Thread#3" [stack: 0x00000083dfa00000,0x00000083dfb00000] [id=4624]
  0x00000193b2ce0310 ConcurrentGCThread "G1 Main Marker" [stack: 0x00000083de700000,0x00000083de800000] [id=2228]
  0x00000193b2ce0c30 ConcurrentGCThread "G1 Conc#0" [stack: 0x00000083de800000,0x00000083de900000] [id=6416]
  0x00000193b2d6dd90 ConcurrentGCThread "G1 Refine#0" [stack: 0x00000083de900000,0x00000083dea00000] [id=10276]
  0x00000193b2d6e6d0 ConcurrentGCThread "G1 Service" [stack: 0x00000083dea00000,0x00000083deb00000] [id=3384]

Threads with active compile tasks:
C2 CompilerThread1    58663 12504   !   4       com.sun.beans.TypeResolver::resolve (261 bytes)

VM state: not at safepoint (normal execution)

VM Mutex/Monitor currently owned by a thread: None

Heap address: 0x00000000c0000000, size: 1024 MB, Compressed Oops mode: 32-bit

CDS archive(s) mapped at: [0x00000193cf000000-0x00000193cfbd0000-0x00000193cfbd0000), size 12386304, SharedBaseAddress: 0x00000193cf000000, ArchiveRelocationMode: 1.
Compressed class space mapped at: 0x00000193d0000000-0x00000193dd000000, reserved size: 218103808
Narrow klass base: 0x00000193cf000000, Narrow klass shift: 0, Narrow klass range: 0x100000000

GC Precious Log:
 CPUs: 4 total, 4 available
 Memory: 12165M
 Large Page Support: Disabled
 NUMA Support: Disabled
 Compressed Oops: Enabled (32-bit)
 Heap Region Size: 1M
 Heap Min Capacity: 8M
 Heap Initial Capacity: 192M
 Heap Max Capacity: 1G
 Pre-touch: Disabled
 Parallel Workers: 4
 Concurrent Workers: 1
 Concurrent Refinement Workers: 4
 Periodic GC: Disabled

Heap:
 garbage-first heap   total 203776K, used 156279K [0x00000000c0000000, 0x0000000100000000)
  region size 1024K, 51 young (52224K), 7 survivors (7168K)
 Metaspace       used 97363K, committed 98304K, reserved 344064K
  class space    used 13291K, committed 13760K, reserved 212992K

Heap Regions: E=young(eden), S=young(survivor), O=old, HS=humongous(starts), HC=humongous(continues), CS=collection set, F=free, OA=open archive, CA=closed archive, TAMS=top-at-mark-start (previous, next)
|   0|0x00000000c0000000, 0x00000000c0100000, 0x00000000c0100000|100%|HS|  |TAMS 0x00000000c0100000, 0x00000000c0000000| Complete 
|   1|0x00000000c0100000, 0x00000000c0200000, 0x00000000c0200000|100%|HC|  |TAMS 0x00000000c0200000, 0x00000000c0100000| Complete 
|   2|0x00000000c0200000, 0x00000000c0300000, 0x00000000c0300000|100%|HC|  |TAMS 0x00000000c0300000, 0x00000000c0200000| Complete 
|   3|0x00000000c0300000, 0x00000000c0400000, 0x00000000c0400000|100%| O|  |TAMS 0x00000000c0400000, 0x00000000c0300000| Untracked 
|   4|0x00000000c0400000, 0x00000000c0500000, 0x00000000c0500000|100%| O|  |TAMS 0x00000000c0500000, 0x00000000c0400000| Untracked 
|   5|0x00000000c0500000, 0x00000000c0600000, 0x00000000c0600000|100%| O|  |TAMS 0x00000000c0600000, 0x00000000c0500000| Untracked 
|   6|0x00000000c0600000, 0x00000000c0700000, 0x00000000c0700000|100%| O|  |TAMS 0x00000000c0700000, 0x00000000c0600000| Untracked 
|   7|0x00000000c0700000, 0x00000000c0800000, 0x00000000c0800000|100%|HS|  |TAMS 0x00000000c0800000, 0x00000000c0700000| Complete 
|   8|0x00000000c0800000, 0x00000000c0900000, 0x00000000c0900000|100%| O|  |TAMS 0x00000000c0900000, 0x00000000c0800000| Untracked 
|   9|0x00000000c0900000, 0x00000000c0a00000, 0x00000000c0a00000|100%| O|  |TAMS 0x00000000c0a00000, 0x00000000c0900000| Untracked 
|  10|0x00000000c0a00000, 0x00000000c0b00000, 0x00000000c0b00000|100%| O|  |TAMS 0x00000000c0b00000, 0x00000000c0a00000| Untracked 
|  11|0x00000000c0b00000, 0x00000000c0c00000, 0x00000000c0c00000|100%| O|  |TAMS 0x00000000c0c00000, 0x00000000c0b00000| Untracked 
|  12|0x00000000c0c00000, 0x00000000c0d00000, 0x00000000c0d00000|100%| O|  |TAMS 0x00000000c0d00000, 0x00000000c0c00000| Untracked 
|  13|0x00000000c0d00000, 0x00000000c0e00000, 0x00000000c0e00000|100%| O|  |TAMS 0x00000000c0e00000, 0x00000000c0d00000| Untracked 
|  14|0x00000000c0e00000, 0x00000000c0f00000, 0x00000000c0f00000|100%| O|  |TAMS 0x00000000c0f00000, 0x00000000c0e00000| Untracked 
|  15|0x00000000c0f00000, 0x00000000c1000000, 0x00000000c1000000|100%| O|  |TAMS 0x00000000c1000000, 0x00000000c0f00000| Untracked 
|  16|0x00000000c1000000, 0x00000000c1100000, 0x00000000c1100000|100%| O|  |TAMS 0x00000000c1100000, 0x00000000c1000000| Untracked 
|  17|0x00000000c1100000, 0x00000000c1200000, 0x00000000c1200000|100%| O|  |TAMS 0x00000000c1200000, 0x00000000c1100000| Untracked 
|  18|0x00000000c1200000, 0x00000000c1300000, 0x00000000c1300000|100%| O|  |TAMS 0x00000000c1300000, 0x00000000c1200000| Untracked 
|  19|0x00000000c1300000, 0x00000000c1400000, 0x00000000c1400000|100%| O|  |TAMS 0x00000000c1400000, 0x00000000c1300000| Untracked 
|  20|0x00000000c1400000, 0x00000000c1500000, 0x00000000c1500000|100%| O|  |TAMS 0x00000000c1500000, 0x00000000c1400000| Untracked 
|  21|0x00000000c1500000, 0x00000000c1600000, 0x00000000c1600000|100%| O|  |TAMS 0x00000000c1600000, 0x00000000c1500000| Untracked 
|  22|0x00000000c1600000, 0x00000000c1700000, 0x00000000c1700000|100%| O|  |TAMS 0x00000000c1700000, 0x00000000c1600000| Untracked 
|  23|0x00000000c1700000, 0x00000000c1800000, 0x00000000c1800000|100%| O|  |TAMS 0x00000000c1800000, 0x00000000c1700000| Untracked 
|  24|0x00000000c1800000, 0x00000000c1900000, 0x00000000c1900000|100%| O|  |TAMS 0x00000000c1900000, 0x00000000c1800000| Untracked 
|  25|0x00000000c1900000, 0x00000000c1a00000, 0x00000000c1a00000|100%| O|  |TAMS 0x00000000c1a00000, 0x00000000c1900000| Untracked 
|  26|0x00000000c1a00000, 0x00000000c1b00000, 0x00000000c1b00000|100%| O|  |TAMS 0x00000000c1b00000, 0x00000000c1a00000| Untracked 
|  27|0x00000000c1b00000, 0x00000000c1c00000, 0x00000000c1c00000|100%| O|  |TAMS 0x00000000c1c00000, 0x00000000c1b00000| Untracked 
|  28|0x00000000c1c00000, 0x00000000c1d00000, 0x00000000c1d00000|100%| O|  |TAMS 0x00000000c1d00000, 0x00000000c1c00000| Untracked 
|  29|0x00000000c1d00000, 0x00000000c1e00000, 0x00000000c1e00000|100%| O|  |TAMS 0x00000000c1e00000, 0x00000000c1d00000| Untracked 
|  30|0x00000000c1e00000, 0x00000000c1f00000, 0x00000000c1f00000|100%| O|  |TAMS 0x00000000c1f00000, 0x00000000c1e00000| Untracked 
|  31|0x00000000c1f00000, 0x00000000c2000000, 0x00000000c2000000|100%| O|  |TAMS 0x00000000c2000000, 0x00000000c1f00000| Untracked 
|  32|0x00000000c2000000, 0x00000000c2100000, 0x00000000c2100000|100%| O|  |TAMS 0x00000000c2100000, 0x00000000c2000000| Untracked 
|  33|0x00000000c2100000, 0x00000000c2200000, 0x00000000c2200000|100%| O|  |TAMS 0x00000000c2200000, 0x00000000c2100000| Untracked 
|  34|0x00000000c2200000, 0x00000000c2300000, 0x00000000c2300000|100%| O|  |TAMS 0x00000000c2300000, 0x00000000c2200000| Untracked 
|  35|0x00000000c2300000, 0x00000000c2400000, 0x00000000c2400000|100%| O|  |TAMS 0x00000000c2400000, 0x00000000c2300000| Untracked 
|  36|0x00000000c2400000, 0x00000000c2500000, 0x00000000c2500000|100%| O|  |TAMS 0x00000000c2500000, 0x00000000c2400000| Complete 
|  37|0x00000000c2500000, 0x00000000c2600000, 0x00000000c2600000|100%| O|  |TAMS 0x00000000c2600000, 0x00000000c2500000| Untracked 
|  38|0x00000000c2600000, 0x00000000c2700000, 0x00000000c2700000|100%| O|  |TAMS 0x00000000c2700000, 0x00000000c2600000| Untracked 
|  39|0x00000000c2700000, 0x00000000c2700000, 0x00000000c2800000|  0%| F|  |TAMS 0x00000000c2700000, 0x00000000c2700000| Untracked 
|  40|0x00000000c2800000, 0x00000000c2900000, 0x00000000c2900000|100%| O|  |TAMS 0x00000000c2900000, 0x00000000c2800000| Untracked 
|  41|0x00000000c2900000, 0x00000000c2a00000, 0x00000000c2a00000|100%|HS|  |TAMS 0x00000000c2a00000, 0x00000000c2900000| Complete 
|  42|0x00000000c2a00000, 0x00000000c2b00000, 0x00000000c2b00000|100%|HC|  |TAMS 0x00000000c2b00000, 0x00000000c2a00000| Complete 
|  43|0x00000000c2b00000, 0x00000000c2c00000, 0x00000000c2c00000|100%|HC|  |TAMS 0x00000000c2c00000, 0x00000000c2b00000| Complete 
|  44|0x00000000c2c00000, 0x00000000c2d00000, 0x00000000c2d00000|100%|HS|  |TAMS 0x00000000c2d00000, 0x00000000c2c00000| Complete 
|  45|0x00000000c2d00000, 0x00000000c2e00000, 0x00000000c2e00000|100%|HC|  |TAMS 0x00000000c2e00000, 0x00000000c2d00000| Complete 
|  46|0x00000000c2e00000, 0x00000000c2f00000, 0x00000000c2f00000|100%|HC|  |TAMS 0x00000000c2f00000, 0x00000000c2e00000| Complete 
|  47|0x00000000c2f00000, 0x00000000c3000000, 0x00000000c3000000|100%| O|  |TAMS 0x00000000c3000000, 0x00000000c2f00000| Untracked 
|  48|0x00000000c3000000, 0x00000000c3100000, 0x00000000c3100000|100%| O|  |TAMS 0x00000000c3100000, 0x00000000c3000000| Untracked 
|  49|0x00000000c3100000, 0x00000000c3200000, 0x00000000c3200000|100%| O|  |TAMS 0x00000000c3200000, 0x00000000c3100000| Untracked 
|  50|0x00000000c3200000, 0x00000000c3300000, 0x00000000c3300000|100%| O|  |TAMS 0x00000000c3300000, 0x00000000c3200000| Untracked 
|  51|0x00000000c3300000, 0x00000000c3400000, 0x00000000c3400000|100%| O|  |TAMS 0x00000000c3400000, 0x00000000c3300000| Untracked 
|  52|0x00000000c3400000, 0x00000000c3500000, 0x00000000c3500000|100%| O|  |TAMS 0x00000000c3500000, 0x00000000c3400000| Untracked 
|  53|0x00000000c3500000, 0x00000000c3600000, 0x00000000c3600000|100%| O|  |TAMS 0x00000000c3600000, 0x00000000c3500000| Untracked 
|  54|0x00000000c3600000, 0x00000000c3700000, 0x00000000c3700000|100%| O|  |TAMS 0x00000000c3700000, 0x00000000c3600000| Untracked 
|  55|0x00000000c3700000, 0x00000000c3800000, 0x00000000c3800000|100%| O|  |TAMS 0x00000000c3800000, 0x00000000c3700000| Untracked 
|  56|0x00000000c3800000, 0x00000000c3900000, 0x00000000c3900000|100%| O|  |TAMS 0x00000000c3900000, 0x00000000c3800000| Untracked 
|  57|0x00000000c3900000, 0x00000000c3a00000, 0x00000000c3a00000|100%| O|  |TAMS 0x00000000c3a00000, 0x00000000c3900000| Untracked 
|  58|0x00000000c3a00000, 0x00000000c3b00000, 0x00000000c3b00000|100%| O|  |TAMS 0x00000000c3b00000, 0x00000000c3a00000| Untracked 
|  59|0x00000000c3b00000, 0x00000000c3c00000, 0x00000000c3c00000|100%| O|  |TAMS 0x00000000c3c00000, 0x00000000c3b00000| Untracked 
|  60|0x00000000c3c00000, 0x00000000c3d00000, 0x00000000c3d00000|100%| O|  |TAMS 0x00000000c3d00000, 0x00000000c3c00000| Untracked 
|  61|0x00000000c3d00000, 0x00000000c3e00000, 0x00000000c3e00000|100%| O|  |TAMS 0x00000000c3e00000, 0x00000000c3d00000| Complete 
|  62|0x00000000c3e00000, 0x00000000c3e00000, 0x00000000c3f00000|  0%| F|  |TAMS 0x00000000c3e00000, 0x00000000c3e00000| Untracked 
|  63|0x00000000c3f00000, 0x00000000c4000000, 0x00000000c4000000|100%|HS|  |TAMS 0x00000000c4000000, 0x00000000c3f00000| Complete 
|  64|0x00000000c4000000, 0x00000000c4100000, 0x00000000c4100000|100%|HS|  |TAMS 0x00000000c4100000, 0x00000000c4000000| Complete 
|  65|0x00000000c4100000, 0x00000000c4200000, 0x00000000c4200000|100%| O|  |TAMS 0x00000000c4200000, 0x00000000c4100000| Untracked 
|  66|0x00000000c4200000, 0x00000000c4300000, 0x00000000c4300000|100%| O|  |TAMS 0x00000000c4300000, 0x00000000c4200000| Untracked 
|  67|0x00000000c4300000, 0x00000000c4400000, 0x00000000c4400000|100%|HS|  |TAMS 0x00000000c4400000, 0x00000000c4300000| Complete 
|  68|0x00000000c4400000, 0x00000000c4500000, 0x00000000c4500000|100%|HC|  |TAMS 0x00000000c4500000, 0x00000000c4400000| Complete 
|  69|0x00000000c4500000, 0x00000000c4600000, 0x00000000c4600000|100%|HC|  |TAMS 0x00000000c4600000, 0x00000000c4500000| Complete 
|  70|0x00000000c4600000, 0x00000000c4700000, 0x00000000c4700000|100%| O|  |TAMS 0x00000000c4700000, 0x00000000c4600000| Untracked 
|  71|0x00000000c4700000, 0x00000000c4800000, 0x00000000c4800000|100%| O|  |TAMS 0x00000000c4800000, 0x00000000c4700000| Untracked 
|  72|0x00000000c4800000, 0x00000000c4900000, 0x00000000c4900000|100%| O|  |TAMS 0x00000000c4900000, 0x00000000c4800000| Untracked 
|  73|0x00000000c4900000, 0x00000000c4a00000, 0x00000000c4a00000|100%| O|  |TAMS 0x00000000c4a00000, 0x00000000c4900000| Untracked 
|  74|0x00000000c4a00000, 0x00000000c4b00000, 0x00000000c4b00000|100%| O|  |TAMS 0x00000000c4b00000, 0x00000000c4a00000| Untracked 
|  75|0x00000000c4b00000, 0x00000000c4c00000, 0x00000000c4c00000|100%| O|  |TAMS 0x00000000c4c00000, 0x00000000c4b00000| Untracked 
|  76|0x00000000c4c00000, 0x00000000c4d00000, 0x00000000c4d00000|100%| O|  |TAMS 0x00000000c4d00000, 0x00000000c4c00000| Untracked 
|  77|0x00000000c4d00000, 0x00000000c4e00000, 0x00000000c4e00000|100%| O|  |TAMS 0x00000000c4e00000, 0x00000000c4d00000| Untracked 
|  78|0x00000000c4e00000, 0x00000000c4f00000, 0x00000000c4f00000|100%| O|  |TAMS 0x00000000c4f00000, 0x00000000c4e00000| Untracked 
|  79|0x00000000c4f00000, 0x00000000c5000000, 0x00000000c5000000|100%| O|  |TAMS 0x00000000c5000000, 0x00000000c4f00000| Untracked 
|  80|0x00000000c5000000, 0x00000000c5100000, 0x00000000c5100000|100%| O|  |TAMS 0x00000000c5100000, 0x00000000c5000000| Untracked 
|  81|0x00000000c5100000, 0x00000000c5100000, 0x00000000c5200000|  0%| F|  |TAMS 0x00000000c5100000, 0x00000000c5100000| Untracked 
|  82|0x00000000c5200000, 0x00000000c5300000, 0x00000000c5300000|100%| O|  |TAMS 0x00000000c5300000, 0x00000000c5200000| Complete 
|  83|0x00000000c5300000, 0x00000000c5400000, 0x00000000c5400000|100%| O|  |TAMS 0x00000000c5400000, 0x00000000c5300000| Untracked 
|  84|0x00000000c5400000, 0x00000000c5500000, 0x00000000c5500000|100%| O|  |TAMS 0x00000000c5500000, 0x00000000c5400000| Untracked 
|  85|0x00000000c5500000, 0x00000000c5600000, 0x00000000c5600000|100%|HS|  |TAMS 0x00000000c5600000, 0x00000000c5500000| Complete 
|  86|0x00000000c5600000, 0x00000000c5700000, 0x00000000c5700000|100%|HS|  |TAMS 0x00000000c5700000, 0x00000000c5600000| Complete 
|  87|0x00000000c5700000, 0x00000000c5800000, 0x00000000c5800000|100%| O|  |TAMS 0x00000000c5800000, 0x00000000c5700000| Untracked 
|  88|0x00000000c5800000, 0x00000000c5900000, 0x00000000c5900000|100%|HS|  |TAMS 0x00000000c5900000, 0x00000000c5800000| Complete 
|  89|0x00000000c5900000, 0x00000000c5a00000, 0x00000000c5a00000|100%|HS|  |TAMS 0x00000000c5a00000, 0x00000000c5900000| Complete 
|  90|0x00000000c5a00000, 0x00000000c5b00000, 0x00000000c5b00000|100%| O|  |TAMS 0x00000000c5b00000, 0x00000000c5a00000| Untracked 
|  91|0x00000000c5b00000, 0x00000000c5c00000, 0x00000000c5c00000|100%| O|  |TAMS 0x00000000c5c00000, 0x00000000c5b00000| Untracked 
|  92|0x00000000c5c00000, 0x00000000c5d00000, 0x00000000c5d00000|100%| O|  |TAMS 0x00000000c5d00000, 0x00000000c5c00000| Untracked 
|  93|0x00000000c5d00000, 0x00000000c5e00000, 0x00000000c5e00000|100%| O|  |TAMS 0x00000000c5e00000, 0x00000000c5d00000| Untracked 
|  94|0x00000000c5e00000, 0x00000000c5f00000, 0x00000000c5f00000|100%| O|  |TAMS 0x00000000c5f00000, 0x00000000c5e00000| Untracked 
|  95|0x00000000c5f00000, 0x00000000c6000000, 0x00000000c6000000|100%| O|  |TAMS 0x00000000c6000000, 0x00000000c5f00000| Untracked 
|  96|0x00000000c6000000, 0x00000000c6100000, 0x00000000c6100000|100%| O|  |TAMS 0x00000000c6100000, 0x00000000c6000000| Untracked 
|  97|0x00000000c6100000, 0x00000000c6200000, 0x00000000c6200000|100%| O|  |TAMS 0x00000000c6200000, 0x00000000c6100000| Untracked 
|  98|0x00000000c6200000, 0x00000000c6300000, 0x00000000c6300000|100%| O|  |TAMS 0x00000000c6300000, 0x00000000c6200000| Untracked 
|  99|0x00000000c6300000, 0x00000000c6400000, 0x00000000c6400000|100%| O|  |TAMS 0x00000000c6400000, 0x00000000c6300000| Untracked 
| 100|0x00000000c6400000, 0x00000000c6500000, 0x00000000c6500000|100%|HS|  |TAMS 0x00000000c6500000, 0x00000000c6400000| Complete 
| 101|0x00000000c6500000, 0x00000000c6600000, 0x00000000c6600000|100%| O|  |TAMS 0x00000000c6600000, 0x00000000c6500000| Untracked 
| 102|0x00000000c6600000, 0x00000000c6700000, 0x00000000c6700000|100%| O|  |TAMS 0x00000000c6700000, 0x00000000c6600000| Untracked 
| 103|0x00000000c6700000, 0x00000000c672f400, 0x00000000c6800000| 18%| O|  |TAMS 0x00000000c672f400, 0x00000000c6700000| Untracked 
| 104|0x00000000c6800000, 0x00000000c6900000, 0x00000000c6900000|100%|HS|  |TAMS 0x00000000c6900000, 0x00000000c6800000| Complete 
| 105|0x00000000c6900000, 0x00000000c6a00000, 0x00000000c6a00000|100%|HC|  |TAMS 0x00000000c6a00000, 0x00000000c6900000| Complete 
| 106|0x00000000c6a00000, 0x00000000c6b00000, 0x00000000c6b00000|100%|HC|  |TAMS 0x00000000c6b00000, 0x00000000c6a00000| Complete 
| 107|0x00000000c6b00000, 0x00000000c6b00000, 0x00000000c6c00000|  0%| F|  |TAMS 0x00000000c6b00000, 0x00000000c6b00000| Untracked 
| 108|0x00000000c6c00000, 0x00000000c6c00000, 0x00000000c6d00000|  0%| F|  |TAMS 0x00000000c6c00000, 0x00000000c6c00000| Untracked 
| 109|0x00000000c6d00000, 0x00000000c6d00000, 0x00000000c6e00000|  0%| F|  |TAMS 0x00000000c6d00000, 0x00000000c6d00000| Untracked 
| 110|0x00000000c6e00000, 0x00000000c6e00000, 0x00000000c6f00000|  0%| F|  |TAMS 0x00000000c6e00000, 0x00000000c6e00000| Untracked 
| 111|0x00000000c6f00000, 0x00000000c6f00000, 0x00000000c7000000|  0%| F|  |TAMS 0x00000000c6f00000, 0x00000000c6f00000| Untracked 
| 112|0x00000000c7000000, 0x00000000c7000000, 0x00000000c7100000|  0%| F|  |TAMS 0x00000000c7000000, 0x00000000c7000000| Untracked 
| 113|0x00000000c7100000, 0x00000000c7100000, 0x00000000c7200000|  0%| F|  |TAMS 0x00000000c7100000, 0x00000000c7100000| Untracked 
| 114|0x00000000c7200000, 0x00000000c7200000, 0x00000000c7300000|  0%| F|  |TAMS 0x00000000c7200000, 0x00000000c7200000| Untracked 
| 115|0x00000000c7300000, 0x00000000c7300000, 0x00000000c7400000|  0%| F|  |TAMS 0x00000000c7300000, 0x00000000c7300000| Untracked 
| 116|0x00000000c7400000, 0x00000000c7400000, 0x00000000c7500000|  0%| F|  |TAMS 0x00000000c7400000, 0x00000000c7400000| Untracked 
| 117|0x00000000c7500000, 0x00000000c7500000, 0x00000000c7600000|  0%| F|  |TAMS 0x00000000c7500000, 0x00000000c7500000| Untracked 
| 118|0x00000000c7600000, 0x00000000c7600000, 0x00000000c7700000|  0%| F|  |TAMS 0x00000000c7600000, 0x00000000c7600000| Untracked 
| 119|0x00000000c7700000, 0x00000000c7700000, 0x00000000c7800000|  0%| F|  |TAMS 0x00000000c7700000, 0x00000000c7700000| Untracked 
| 120|0x00000000c7800000, 0x00000000c7800000, 0x00000000c7900000|  0%| F|  |TAMS 0x00000000c7800000, 0x00000000c7800000| Untracked 
| 121|0x00000000c7900000, 0x00000000c7900000, 0x00000000c7a00000|  0%| F|  |TAMS 0x00000000c7900000, 0x00000000c7900000| Untracked 
| 122|0x00000000c7a00000, 0x00000000c7a00000, 0x00000000c7b00000|  0%| F|  |TAMS 0x00000000c7a00000, 0x00000000c7a00000| Untracked 
| 123|0x00000000c7b00000, 0x00000000c7b00000, 0x00000000c7c00000|  0%| F|  |TAMS 0x00000000c7b00000, 0x00000000c7b00000| Untracked 
| 124|0x00000000c7c00000, 0x00000000c7c00000, 0x00000000c7d00000|  0%| F|  |TAMS 0x00000000c7c00000, 0x00000000c7c00000| Untracked 
| 125|0x00000000c7d00000, 0x00000000c7d00000, 0x00000000c7e00000|  0%| F|  |TAMS 0x00000000c7d00000, 0x00000000c7d00000| Untracked 
| 126|0x00000000c7e00000, 0x00000000c7e00000, 0x00000000c7f00000|  0%| F|  |TAMS 0x00000000c7e00000, 0x00000000c7e00000| Untracked 
| 127|0x00000000c7f00000, 0x00000000c7f00000, 0x00000000c8000000|  0%| F|  |TAMS 0x00000000c7f00000, 0x00000000c7f00000| Untracked 
| 128|0x00000000c8000000, 0x00000000c8000000, 0x00000000c8100000|  0%| F|  |TAMS 0x00000000c8000000, 0x00000000c8000000| Untracked 
| 129|0x00000000c8100000, 0x00000000c8100000, 0x00000000c8200000|  0%| F|  |TAMS 0x00000000c8100000, 0x00000000c8100000| Untracked 
| 130|0x00000000c8200000, 0x00000000c8200000, 0x00000000c8300000|  0%| F|  |TAMS 0x00000000c8200000, 0x00000000c8200000| Untracked 
| 131|0x00000000c8300000, 0x00000000c8300000, 0x00000000c8400000|  0%| F|  |TAMS 0x00000000c8300000, 0x00000000c8300000| Untracked 
| 132|0x00000000c8400000, 0x00000000c8400000, 0x00000000c8500000|  0%| F|  |TAMS 0x00000000c8400000, 0x00000000c8400000| Untracked 
| 133|0x00000000c8500000, 0x00000000c856ebe0, 0x00000000c8600000| 43%| S|CS|TAMS 0x00000000c8500000, 0x00000000c8500000| Complete 
| 134|0x00000000c8600000, 0x00000000c8700000, 0x00000000c8700000|100%| S|CS|TAMS 0x00000000c8600000, 0x00000000c8600000| Complete 
| 135|0x00000000c8700000, 0x00000000c8800000, 0x00000000c8800000|100%| S|CS|TAMS 0x00000000c8700000, 0x00000000c8700000| Complete 
| 136|0x00000000c8800000, 0x00000000c8900000, 0x00000000c8900000|100%| S|CS|TAMS 0x00000000c8800000, 0x00000000c8800000| Complete 
| 137|0x00000000c8900000, 0x00000000c8a00000, 0x00000000c8a00000|100%| S|CS|TAMS 0x00000000c8900000, 0x00000000c8900000| Complete 
| 138|0x00000000c8a00000, 0x00000000c8b00000, 0x00000000c8b00000|100%| S|CS|TAMS 0x00000000c8a00000, 0x00000000c8a00000| Complete 
| 139|0x00000000c8b00000, 0x00000000c8b00000, 0x00000000c8c00000|  0%| F|  |TAMS 0x00000000c8b00000, 0x00000000c8b00000| Untracked 
| 140|0x00000000c8c00000, 0x00000000c8c00000, 0x00000000c8d00000|  0%| F|  |TAMS 0x00000000c8c00000, 0x00000000c8c00000| Untracked 
| 141|0x00000000c8d00000, 0x00000000c8e00000, 0x00000000c8e00000|100%| S|CS|TAMS 0x00000000c8d00000, 0x00000000c8d00000| Complete 
| 142|0x00000000c8e00000, 0x00000000c8e00000, 0x00000000c8f00000|  0%| F|  |TAMS 0x00000000c8e00000, 0x00000000c8e00000| Untracked 
| 143|0x00000000c8f00000, 0x00000000c8f00000, 0x00000000c9000000|  0%| F|  |TAMS 0x00000000c8f00000, 0x00000000c8f00000| Untracked 
| 144|0x00000000c9000000, 0x00000000c9000000, 0x00000000c9100000|  0%| F|  |TAMS 0x00000000c9000000, 0x00000000c9000000| Untracked 
| 145|0x00000000c9100000, 0x00000000c9100000, 0x00000000c9200000|  0%| F|  |TAMS 0x00000000c9100000, 0x00000000c9100000| Untracked 
| 146|0x00000000c9200000, 0x00000000c9200000, 0x00000000c9300000|  0%| F|  |TAMS 0x00000000c9200000, 0x00000000c9200000| Untracked 
| 147|0x00000000c9300000, 0x00000000c9300000, 0x00000000c9400000|  0%| F|  |TAMS 0x00000000c9300000, 0x00000000c9300000| Untracked 
| 148|0x00000000c9400000, 0x00000000c9400000, 0x00000000c9500000|  0%| F|  |TAMS 0x00000000c9400000, 0x00000000c9400000| Untracked 
| 149|0x00000000c9500000, 0x00000000c9500000, 0x00000000c9600000|  0%| F|  |TAMS 0x00000000c9500000, 0x00000000c9500000| Untracked 
| 150|0x00000000c9600000, 0x00000000c9600000, 0x00000000c9700000|  0%| F|  |TAMS 0x00000000c9600000, 0x00000000c9600000| Untracked 
| 151|0x00000000c9700000, 0x00000000c9700000, 0x00000000c9800000|  0%| F|  |TAMS 0x00000000c9700000, 0x00000000c9700000| Untracked 
| 152|0x00000000c9800000, 0x00000000c9800000, 0x00000000c9900000|  0%| F|  |TAMS 0x00000000c9800000, 0x00000000c9800000| Untracked 
| 153|0x00000000c9900000, 0x00000000c9900000, 0x00000000c9a00000|  0%| F|  |TAMS 0x00000000c9900000, 0x00000000c9900000| Untracked 
| 154|0x00000000c9a00000, 0x00000000c9a00000, 0x00000000c9b00000|  0%| F|  |TAMS 0x00000000c9a00000, 0x00000000c9a00000| Untracked 
| 155|0x00000000c9b00000, 0x00000000c9b80800, 0x00000000c9c00000| 50%| E|  |TAMS 0x00000000c9b00000, 0x00000000c9b00000| Complete 
| 156|0x00000000c9c00000, 0x00000000c9d00000, 0x00000000c9d00000|100%| E|CS|TAMS 0x00000000c9c00000, 0x00000000c9c00000| Complete 
| 157|0x00000000c9d00000, 0x00000000c9e00000, 0x00000000c9e00000|100%| E|CS|TAMS 0x00000000c9d00000, 0x00000000c9d00000| Complete 
| 158|0x00000000c9e00000, 0x00000000c9f00000, 0x00000000c9f00000|100%| E|CS|TAMS 0x00000000c9e00000, 0x00000000c9e00000| Complete 
| 159|0x00000000c9f00000, 0x00000000ca000000, 0x00000000ca000000|100%| E|CS|TAMS 0x00000000c9f00000, 0x00000000c9f00000| Complete 
| 160|0x00000000ca000000, 0x00000000ca100000, 0x00000000ca100000|100%| E|CS|TAMS 0x00000000ca000000, 0x00000000ca000000| Complete 
| 161|0x00000000ca100000, 0x00000000ca200000, 0x00000000ca200000|100%| E|CS|TAMS 0x00000000ca100000, 0x00000000ca100000| Complete 
| 162|0x00000000ca200000, 0x00000000ca300000, 0x00000000ca300000|100%| E|CS|TAMS 0x00000000ca200000, 0x00000000ca200000| Complete 
| 163|0x00000000ca300000, 0x00000000ca400000, 0x00000000ca400000|100%| E|CS|TAMS 0x00000000ca300000, 0x00000000ca300000| Complete 
| 164|0x00000000ca400000, 0x00000000ca500000, 0x00000000ca500000|100%| E|CS|TAMS 0x00000000ca400000, 0x00000000ca400000| Complete 
| 165|0x00000000ca500000, 0x00000000ca600000, 0x00000000ca600000|100%| E|CS|TAMS 0x00000000ca500000, 0x00000000ca500000| Complete 
| 166|0x00000000ca600000, 0x00000000ca700000, 0x00000000ca700000|100%| E|CS|TAMS 0x00000000ca600000, 0x00000000ca600000| Complete 
| 167|0x00000000ca700000, 0x00000000ca800000, 0x00000000ca800000|100%| E|CS|TAMS 0x00000000ca700000, 0x00000000ca700000| Complete 
| 168|0x00000000ca800000, 0x00000000ca900000, 0x00000000ca900000|100%| E|CS|TAMS 0x00000000ca800000, 0x00000000ca800000| Complete 
| 169|0x00000000ca900000, 0x00000000caa00000, 0x00000000caa00000|100%| E|CS|TAMS 0x00000000ca900000, 0x00000000ca900000| Complete 
| 170|0x00000000caa00000, 0x00000000cab00000, 0x00000000cab00000|100%| E|CS|TAMS 0x00000000caa00000, 0x00000000caa00000| Complete 
| 171|0x00000000cab00000, 0x00000000cac00000, 0x00000000cac00000|100%| E|CS|TAMS 0x00000000cab00000, 0x00000000cab00000| Complete 
| 172|0x00000000cac00000, 0x00000000cad00000, 0x00000000cad00000|100%| E|CS|TAMS 0x00000000cac00000, 0x00000000cac00000| Complete 
| 173|0x00000000cad00000, 0x00000000cae00000, 0x00000000cae00000|100%| E|CS|TAMS 0x00000000cad00000, 0x00000000cad00000| Complete 
| 174|0x00000000cae00000, 0x00000000caf00000, 0x00000000caf00000|100%| E|CS|TAMS 0x00000000cae00000, 0x00000000cae00000| Complete 
| 175|0x00000000caf00000, 0x00000000cb000000, 0x00000000cb000000|100%| E|CS|TAMS 0x00000000caf00000, 0x00000000caf00000| Complete 
| 176|0x00000000cb000000, 0x00000000cb100000, 0x00000000cb100000|100%| E|CS|TAMS 0x00000000cb000000, 0x00000000cb000000| Complete 
| 177|0x00000000cb100000, 0x00000000cb200000, 0x00000000cb200000|100%| E|CS|TAMS 0x00000000cb100000, 0x00000000cb100000| Complete 
| 178|0x00000000cb200000, 0x00000000cb300000, 0x00000000cb300000|100%| E|CS|TAMS 0x00000000cb200000, 0x00000000cb200000| Complete 
| 179|0x00000000cb300000, 0x00000000cb400000, 0x00000000cb400000|100%| E|CS|TAMS 0x00000000cb300000, 0x00000000cb300000| Complete 
| 180|0x00000000cb400000, 0x00000000cb500000, 0x00000000cb500000|100%| E|CS|TAMS 0x00000000cb400000, 0x00000000cb400000| Complete 
| 181|0x00000000cb500000, 0x00000000cb600000, 0x00000000cb600000|100%| E|CS|TAMS 0x00000000cb500000, 0x00000000cb500000| Complete 
| 182|0x00000000cb600000, 0x00000000cb700000, 0x00000000cb700000|100%| E|CS|TAMS 0x00000000cb600000, 0x00000000cb600000| Complete 
| 183|0x00000000cb700000, 0x00000000cb800000, 0x00000000cb800000|100%| E|CS|TAMS 0x00000000cb700000, 0x00000000cb700000| Complete 
| 184|0x00000000cb800000, 0x00000000cb900000, 0x00000000cb900000|100%| E|CS|TAMS 0x00000000cb800000, 0x00000000cb800000| Complete 
| 185|0x00000000cb900000, 0x00000000cba00000, 0x00000000cba00000|100%| E|CS|TAMS 0x00000000cb900000, 0x00000000cb900000| Complete 
| 186|0x00000000cba00000, 0x00000000cbb00000, 0x00000000cbb00000|100%| E|CS|TAMS 0x00000000cba00000, 0x00000000cba00000| Complete 
| 187|0x00000000cbb00000, 0x00000000cbc00000, 0x00000000cbc00000|100%| E|CS|TAMS 0x00000000cbb00000, 0x00000000cbb00000| Complete 
| 188|0x00000000cbc00000, 0x00000000cbd00000, 0x00000000cbd00000|100%| E|CS|TAMS 0x00000000cbc00000, 0x00000000cbc00000| Complete 
| 189|0x00000000cbd00000, 0x00000000cbe00000, 0x00000000cbe00000|100%| E|CS|TAMS 0x00000000cbd00000, 0x00000000cbd00000| Complete 
| 190|0x00000000cbe00000, 0x00000000cbf00000, 0x00000000cbf00000|100%| E|CS|TAMS 0x00000000cbe00000, 0x00000000cbe00000| Complete 
| 191|0x00000000cbf00000, 0x00000000cc000000, 0x00000000cc000000|100%| E|CS|TAMS 0x00000000cbf00000, 0x00000000cbf00000| Complete 
| 192|0x00000000cc000000, 0x00000000cc100000, 0x00000000cc100000|100%| E|CS|TAMS 0x00000000cc000000, 0x00000000cc000000| Complete 
| 193|0x00000000cc100000, 0x00000000cc200000, 0x00000000cc200000|100%| E|CS|TAMS 0x00000000cc100000, 0x00000000cc100000| Complete 
| 194|0x00000000cc200000, 0x00000000cc300000, 0x00000000cc300000|100%| E|CS|TAMS 0x00000000cc200000, 0x00000000cc200000| Complete 
| 195|0x00000000cc300000, 0x00000000cc400000, 0x00000000cc400000|100%| E|CS|TAMS 0x00000000cc300000, 0x00000000cc300000| Complete 
| 196|0x00000000cc400000, 0x00000000cc500000, 0x00000000cc500000|100%| E|CS|TAMS 0x00000000cc400000, 0x00000000cc400000| Complete 
| 197|0x00000000cc500000, 0x00000000cc600000, 0x00000000cc600000|100%| E|CS|TAMS 0x00000000cc500000, 0x00000000cc500000| Complete 
| 198|0x00000000cc600000, 0x00000000cc700000, 0x00000000cc700000|100%| E|CS|TAMS 0x00000000cc600000, 0x00000000cc600000| Complete 

Card table byte_map: [0x00000193c9770000,0x00000193c9970000] _byte_map_base: 0x00000193c9170000

Marking Bits (Prev, Next): (CMBitMap*) 0x00000193b2cd7a20, (CMBitMap*) 0x00000193b2cd79e0
 Prev Bits: [0x00000193cab70000, 0x00000193cbb70000)
 Next Bits: [0x00000193c9b70000, 0x00000193cab70000)

Polling page: 0x00000193b0b20000

Metaspace:

Usage:
  Non-class:     82.10 MB used.
      Class:     12.98 MB used.
       Both:     95.08 MB used.

Virtual space:
  Non-class space:      128.00 MB reserved,      82.56 MB ( 65%) committed,  2 nodes.
      Class space:      208.00 MB reserved,      13.44 MB (  6%) committed,  1 nodes.
             Both:      336.00 MB reserved,      96.00 MB ( 29%) committed. 

Chunk freelists:
   Non-Class:  13.19 MB
       Class:  2.55 MB
        Both:  15.73 MB

MaxMetaspaceSize: 256.00 MB
CompressedClassSpaceSize: 208.00 MB
Initial GC threshold: 21.00 MB
Current GC threshold: 157.31 MB
CDS: on
MetaspaceReclaimPolicy: balanced
 - commit_granule_bytes: 65536.
 - commit_granule_words: 8192.
 - virtual_space_node_default_size: 8388608.
 - enlarge_chunks_in_place: 1.
 - new_chunks_are_fully_committed: 0.
 - uncommit_free_chunks: 1.
 - use_allocation_guard: 0.
 - handle_deallocations: 1.


Internal statistics:

num_allocs_failed_limit: 9.
num_arena_births: 1268.
num_arena_deaths: 0.
num_vsnodes_births: 3.
num_vsnodes_deaths: 0.
num_space_committed: 1536.
num_space_uncommitted: 0.
num_chunks_returned_to_freelist: 9.
num_chunks_taken_from_freelist: 5548.
num_chunk_merges: 9.
num_chunk_splits: 3608.
num_chunks_enlarged: 2348.
num_inconsistent_stats: 0.

CodeHeap 'non-profiled nmethods': size=120000Kb used=7657Kb max_used=7657Kb free=112343Kb
 bounds [0x00000193c2040000, 0x00000193c27c0000, 0x00000193c9570000]
CodeHeap 'profiled nmethods': size=120000Kb used=21061Kb max_used=21061Kb free=98938Kb
 bounds [0x00000193ba570000, 0x00000193bba10000, 0x00000193c1aa0000]
CodeHeap 'non-nmethods': size=5760Kb used=2399Kb max_used=2491Kb free=3360Kb
 bounds [0x00000193c1aa0000, 0x00000193c1d30000, 0x00000193c2040000]
 total_blobs=11849 nmethods=10917 adapters=844
 compilation: enabled
              stopped_count=0, restarted_count=0
 full_count=0

Compilation events (20 events):
Event: 58.277 Thread 0x00000193ce0180f0 12563       4       org.gradle.api.internal.provider.AbstractMinimalProvider::getOrNull (13 bytes)
Event: 58.279 Thread 0x00000193ce0180f0 nmethod 12563 0x00000193c27b6d90 code [0x00000193c27b6f20, 0x00000193c27b7068]
Event: 58.292 Thread 0x00000193ce01aac0 12564       3       org.gradle.internal.event.BroadcastDispatch$CompositeDispatch::<init> (12 bytes)
Event: 58.293 Thread 0x00000193ce01aac0 nmethod 12564 0x00000193bba00990 code [0x00000193bba00b40, 0x00000193bba00e78]
Event: 58.297 Thread 0x00000193ce0180f0 12565       4       java.util.regex.Matcher::search (154 bytes)
Event: 58.316 Thread 0x00000193ce0180f0 nmethod 12565 0x00000193c27b7210 code [0x00000193c27b73e0, 0x00000193c27b7a68]
Event: 58.347 Thread 0x00000193ce0180f0 12566       4       com.google.common.collect.AbstractIndexedListIterator::hasNext (17 bytes)
Event: 58.348 Thread 0x00000193ce0180f0 nmethod 12566 0x00000193c27b7f90 code [0x00000193c27b8100, 0x00000193c27b8198]
Event: 58.351 Thread 0x00000193ce01aac0 12567       3       org.gradle.api.internal.project.DefaultProjectStateRegistry$ProjectStateImpl::newCalculatedValue (17 bytes)
Event: 58.352 Thread 0x00000193ce01aac0 nmethod 12567 0x00000193bba01010 code [0x00000193bba01200, 0x00000193bba01978]
Event: 58.352 Thread 0x00000193ce01aac0 12568       3       org.gradle.api.internal.project.DefaultProjectStateRegistry$CalculatedModelValueImpl::<init> (31 bytes)
Event: 58.353 Thread 0x00000193ce01aac0 nmethod 12568 0x00000193bba01c10 code [0x00000193bba01e00, 0x00000193bba02498]
Event: 58.357 Thread 0x00000193ce01aac0 12569       3       org.gradle.api.internal.artifacts.configurations.DefaultUnlockedConfiguration_Decorated::getHierarchy (40 bytes)
Event: 58.358 Thread 0x00000193ce01aac0 nmethod 12569 0x00000193bba02690 code [0x00000193bba02880, 0x00000193bba02c78]
Event: 58.358 Thread 0x00000193ce01aac0 12570       3       java.util.TreeMap::buildFromSorted (218 bytes)
Event: 58.358 Thread 0x00000193ce0180f0 12571       4       java.util.TreeMap$KeyIterator::next (8 bytes)
Event: 58.359 Thread 0x00000193ce01aac0 nmethod 12570 0x00000193bba02e10 code [0x00000193bba030a0, 0x00000193bba03e98]
Event: 58.365 Thread 0x00000193ce0180f0 nmethod 12571 0x00000193c27b8290 code [0x00000193c27b8420, 0x00000193c27b8758]
Event: 58.431 Thread 0x00000193ce0180f0 12572       4       java.lang.String::regionMatches (150 bytes)
Event: 58.451 Thread 0x00000193ce0180f0 nmethod 12572 0x00000193c27b8910 code [0x00000193c27b8ae0, 0x00000193c27b9558]

GC Heap History (20 events):
Event: 46.321 GC heap before
{Heap before GC invocations=48 (full 0):
 garbage-first heap   total 160768K, used 95839K [0x00000000c0000000, 0x0000000100000000)
  region size 1024K, 15 young (15360K), 4 survivors (4096K)
 Metaspace       used 79465K, committed 80320K, reserved 344064K
  class space    used 11005K, committed 11392K, reserved 212992K
}
Event: 46.327 GC heap after
{Heap after GC invocations=49 (full 0):
 garbage-first heap   total 160768K, used 86485K [0x00000000c0000000, 0x0000000100000000)
  region size 1024K, 2 young (2048K), 2 survivors (2048K)
 Metaspace       used 79465K, committed 80320K, reserved 344064K
  class space    used 11005K, committed 11392K, reserved 212992K
}
Event: 48.081 GC heap before
{Heap before GC invocations=50 (full 0):
 garbage-first heap   total 160768K, used 134613K [0x00000000c0000000, 0x0000000100000000)
  region size 1024K, 43 young (44032K), 2 survivors (2048K)
 Metaspace       used 81568K, committed 82496K, reserved 344064K
  class space    used 11260K, committed 11712K, reserved 212992K
}
Event: 48.088 GC heap after
{Heap after GC invocations=51 (full 0):
 garbage-first heap   total 160768K, used 99978K [0x00000000c0000000, 0x0000000100000000)
  region size 1024K, 6 young (6144K), 6 survivors (6144K)
 Metaspace       used 81568K, committed 82496K, reserved 344064K
  class space    used 11260K, committed 11712K, reserved 212992K
}
Event: 48.126 GC heap before
{Heap before GC invocations=51 (full 0):
 garbage-first heap   total 160768K, used 101002K [0x00000000c0000000, 0x0000000100000000)
  region size 1024K, 7 young (7168K), 6 survivors (6144K)
 Metaspace       used 81701K, committed 82624K, reserved 344064K
  class space    used 11266K, committed 11712K, reserved 212992K
}
Event: 48.133 GC heap after
{Heap after GC invocations=52 (full 0):
 garbage-first heap   total 160768K, used 98277K [0x00000000c0000000, 0x0000000100000000)
  region size 1024K, 1 young (1024K), 1 survivors (1024K)
 Metaspace       used 81701K, committed 82624K, reserved 344064K
  class space    used 11266K, committed 11712K, reserved 212992K
}
Event: 49.192 GC heap before
{Heap before GC invocations=52 (full 0):
 garbage-first heap   total 160768K, used 131045K [0x00000000c0000000, 0x0000000100000000)
  region size 1024K, 33 young (33792K), 1 survivors (1024K)
 Metaspace       used 84236K, committed 85120K, reserved 344064K
  class space    used 11559K, committed 11968K, reserved 212992K
}
Event: 49.196 GC heap after
{Heap after GC invocations=53 (full 0):
 garbage-first heap   total 160768K, used 98574K [0x00000000c0000000, 0x0000000100000000)
  region size 1024K, 1 young (1024K), 1 survivors (1024K)
 Metaspace       used 84236K, committed 85120K, reserved 344064K
  class space    used 11559K, committed 11968K, reserved 212992K
}
Event: 49.653 GC heap before
{Heap before GC invocations=53 (full 0):
 garbage-first heap   total 160768K, used 105742K [0x00000000c0000000, 0x0000000100000000)
  region size 1024K, 9 young (9216K), 1 survivors (1024K)
 Metaspace       used 85651K, committed 86592K, reserved 344064K
  class space    used 11711K, committed 12160K, reserved 212992K
}
Event: 49.658 GC heap after
{Heap after GC invocations=54 (full 0):
 garbage-first heap   total 160768K, used 100184K [0x00000000c0000000, 0x0000000100000000)
  region size 1024K, 3 young (3072K), 3 survivors (3072K)
 Metaspace       used 85651K, committed 86592K, reserved 344064K
  class space    used 11711K, committed 12160K, reserved 212992K
}
Event: 50.916 GC heap before
{Heap before GC invocations=55 (full 0):
 garbage-first heap   total 194560K, used 136024K [0x00000000c0000000, 0x0000000100000000)
  region size 1024K, 33 young (33792K), 3 survivors (3072K)
 Metaspace       used 86822K, committed 87744K, reserved 344064K
  class space    used 11890K, committed 12288K, reserved 212992K
}
Event: 50.927 GC heap after
{Heap after GC invocations=56 (full 0):
 garbage-first heap   total 194560K, used 104008K [0x00000000c0000000, 0x0000000100000000)
  region size 1024K, 5 young (5120K), 5 survivors (5120K)
 Metaspace       used 86822K, committed 87744K, reserved 344064K
  class space    used 11890K, committed 12288K, reserved 212992K
}
Event: 51.078 GC heap before
{Heap before GC invocations=56 (full 0):
 garbage-first heap   total 194560K, used 108104K [0x00000000c0000000, 0x0000000100000000)
  region size 1024K, 9 young (9216K), 5 survivors (5120K)
 Metaspace       used 87177K, committed 88128K, reserved 344064K
  class space    used 11934K, committed 12352K, reserved 212992K
}
Event: 51.087 GC heap after
{Heap after GC invocations=57 (full 0):
 garbage-first heap   total 194560K, used 103357K [0x00000000c0000000, 0x0000000100000000)
  region size 1024K, 1 young (1024K), 1 survivors (1024K)
 Metaspace       used 87177K, committed 88128K, reserved 344064K
  class space    used 11934K, committed 12352K, reserved 212992K
}
Event: 53.211 GC heap before
{Heap before GC invocations=57 (full 0):
 garbage-first heap   total 194560K, used 152509K [0x00000000c0000000, 0x0000000100000000)
  region size 1024K, 46 young (47104K), 1 survivors (1024K)
 Metaspace       used 90164K, committed 91072K, reserved 344064K
  class space    used 12317K, committed 12736K, reserved 212992K
}
Event: 53.215 GC heap after
{Heap after GC invocations=58 (full 0):
 garbage-first heap   total 194560K, used 108197K [0x00000000c0000000, 0x0000000100000000)
  region size 1024K, 3 young (3072K), 3 survivors (3072K)
 Metaspace       used 90164K, committed 91072K, reserved 344064K
  class space    used 12317K, committed 12736K, reserved 212992K
}
Event: 54.731 GC heap before
{Heap before GC invocations=58 (full 0):
 garbage-first heap   total 194560K, used 153253K [0x00000000c0000000, 0x0000000100000000)
  region size 1024K, 47 young (48128K), 3 survivors (3072K)
 Metaspace       used 93368K, committed 94272K, reserved 344064K
  class space    used 12752K, committed 13184K, reserved 212992K
}
Event: 54.736 GC heap after
{Heap after GC invocations=59 (full 0):
 garbage-first heap   total 194560K, used 109400K [0x00000000c0000000, 0x0000000100000000)
  region size 1024K, 4 young (4096K), 4 survivors (4096K)
 Metaspace       used 93368K, committed 94272K, reserved 344064K
  class space    used 12752K, committed 13184K, reserved 212992K
}
Event: 56.811 GC heap before
{Heap before GC invocations=59 (full 0):
 garbage-first heap   total 194560K, used 155480K [0x00000000c0000000, 0x0000000100000000)
  region size 1024K, 50 young (51200K), 4 survivors (4096K)
 Metaspace       used 95658K, committed 96576K, reserved 344064K
  class space    used 13064K, committed 13504K, reserved 212992K
}
Event: 56.821 GC heap after
{Heap after GC invocations=60 (full 0):
 garbage-first heap   total 194560K, used 112247K [0x00000000c0000000, 0x0000000100000000)
  region size 1024K, 7 young (7168K), 7 survivors (7168K)
 Metaspace       used 95658K, committed 96576K, reserved 344064K
  class space    used 13064K, committed 13504K, reserved 212992K
}

Deoptimization events (20 events):
Event: 56.935 Thread 0x00000193ce64d390 DEOPT PACKING pc=0x00000193c248055c sp=0x00000083e01f2420
Event: 56.935 Thread 0x00000193ce64d390 DEOPT UNPACKING pc=0x00000193c1af23a3 sp=0x00000083e01f2418 mode 2
Event: 57.365 Thread 0x00000193ce64d390 Uncommon trap: trap_request=0xffffff45 fr.pc=0x00000193c278c460 relative=0x0000000000003e20
Event: 57.365 Thread 0x00000193ce64d390 Uncommon trap: reason=unstable_if action=reinterpret pc=0x00000193c278c460 method=org.codehaus.groovy.runtime.metaclass.MetaMethodIndex.isOverridden(Lgroovy/lang/MetaMethod;Lgroovy/lang/MetaMethod;)Z @ 52 c2
Event: 57.365 Thread 0x00000193ce64d390 DEOPT PACKING pc=0x00000193c278c460 sp=0x00000083e01f1180
Event: 57.365 Thread 0x00000193ce64d390 DEOPT UNPACKING pc=0x00000193c1af23a3 sp=0x00000083e01f1128 mode 2
Event: 57.525 Thread 0x00000193ce64d390 Uncommon trap: trap_request=0xffffffde fr.pc=0x00000193c22ad8f8 relative=0x00000000000003b8
Event: 57.525 Thread 0x00000193ce64d390 Uncommon trap: reason=class_check action=maybe_recompile pc=0x00000193c22ad8f8 method=java.lang.StringConcatHelper.stringOf(Ljava/lang/Object;)Ljava/lang/String; @ 5 c2
Event: 57.525 Thread 0x00000193ce64d390 DEOPT PACKING pc=0x00000193c22ad8f8 sp=0x00000083e01f6290
Event: 57.525 Thread 0x00000193ce64d390 DEOPT UNPACKING pc=0x00000193c1af23a3 sp=0x00000083e01f61d0 mode 2
Event: 57.525 Thread 0x00000193ce64d390 Uncommon trap: trap_request=0xffffffde fr.pc=0x00000193c22ad8f8 relative=0x00000000000003b8
Event: 57.525 Thread 0x00000193ce64d390 Uncommon trap: reason=class_check action=maybe_recompile pc=0x00000193c22ad8f8 method=java.lang.StringConcatHelper.stringOf(Ljava/lang/Object;)Ljava/lang/String; @ 5 c2
Event: 57.525 Thread 0x00000193ce64d390 DEOPT PACKING pc=0x00000193c22ad8f8 sp=0x00000083e01f6290
Event: 57.525 Thread 0x00000193ce64d390 DEOPT UNPACKING pc=0x00000193c1af23a3 sp=0x00000083e01f61d0 mode 2
Event: 57.525 Thread 0x00000193ce64d390 Uncommon trap: trap_request=0xffffffde fr.pc=0x00000193c221803c relative=0x000000000000003c
Event: 57.525 Thread 0x00000193ce64d390 Uncommon trap: reason=class_check action=maybe_recompile pc=0x00000193c221803c method=java.lang.StringConcatHelper.stringOf(Ljava/lang/Object;)Ljava/lang/String; @ 5 c2
Event: 57.525 Thread 0x00000193ce64d390 DEOPT PACKING pc=0x00000193c221803c sp=0x00000083e01f6220
Event: 57.525 Thread 0x00000193ce64d390 DEOPT UNPACKING pc=0x00000193c1af23a3 sp=0x00000083e01f61b8 mode 2
Event: 57.625 Thread 0x00000193ce64d390 DEOPT PACKING pc=0x00000193ba72f06a sp=0x00000083e01f32f0
Event: 57.625 Thread 0x00000193ce64d390 DEOPT UNPACKING pc=0x00000193c1af2b43 sp=0x00000083e01f2800 mode 0

Classes unloaded (0 events):
No events

Classes redefined (0 events):
No events

Internal exceptions (20 events):
Event: 57.076 Thread 0x00000193ce64d390 Exception <a 'java/lang/ClassNotFoundException'{0x00000000cb705190}: com/android/builder/signing/DefaultSigningConfigCustomizer> (0x00000000cb705190) 
thrown [s\open\src\hotspot\share\classfile\systemDictionary.cpp, line 256]
Event: 57.078 Thread 0x00000193ce64d390 Exception <a 'java/lang/ClassNotFoundException'{0x00000000cb732f10}: com/android/build/gradle/internal/dsl/SigningConfigCustomizer> (0x00000000cb732f10) 
thrown [s\open\src\hotspot\share\classfile\systemDictionary.cpp, line 256]
Event: 57.079 Thread 0x00000193ce64d390 Exception <a 'java/lang/ClassNotFoundException'{0x00000000cb751138}: com/android/build/gradle/internal/dsl/SigningConfig$AgpDecoratedCustomizer> (0x00000000cb751138) 
thrown [s\open\src\hotspot\share\classfile\systemDictionary.cpp, line 256]
Event: 57.082 Thread 0x00000193ce64d390 Exception <a 'java/lang/ClassNotFoundException'{0x00000000cb78b960}: com/android/build/gradle/internal/dsl/SigningConfig$AgpDecorated_DecoratedCustomizer> (0x00000000cb78b960) 
thrown [s\open\src\hotspot\share\classfile\systemDictionary.cpp, line 256]
Event: 57.089 Thread 0x00000193ce64d390 Exception <a 'java/lang/ClassNotFoundException'{0x00000000cb7f9618}: build_1r11p9xrr07n3cawatjwt7qoz$_run_closure2$_closure5BeanInfo> (0x00000000cb7f9618) 
thrown [s\open\src\hotspot\share\classfile\systemDictionary.cpp, line 256]
Event: 57.090 Thread 0x00000193ce64d390 Exception <a 'java/lang/ClassNotFoundException'{0x00000000cb60a710}: build_1r11p9xrr07n3cawatjwt7qoz$_run_closure2$_closure5Customizer> (0x00000000cb60a710) 
thrown [s\open\src\hotspot\share\classfile\systemDictionary.cpp, line 256]
Event: 57.113 Thread 0x00000193ce64d390 Exception <a 'java/lang/ClassNotFoundException'{0x00000000cb638bf0}: build_1r11p9xrr07n3cawatjwt7qoz$_run_closure2BeanInfo> (0x00000000cb638bf0) 
thrown [s\open\src\hotspot\share\classfile\systemDictionary.cpp, line 256]
Event: 57.114 Thread 0x00000193ce64d390 Exception <a 'java/lang/ClassNotFoundException'{0x00000000cb649690}: build_1r11p9xrr07n3cawatjwt7qoz$_run_closure2Customizer> (0x00000000cb649690) 
thrown [s\open\src\hotspot\share\classfile\systemDictionary.cpp, line 256]
Event: 57.369 Thread 0x00000193ce64d390 Exception <a 'java/lang/ClassNotFoundException'{0x00000000cbe44d50}: com/android/build/gradle/internal/dsl/BuildType$AgpDecorated_DecoratedBeanInfo> (0x00000000cbe44d50) 
thrown [s\open\src\hotspot\share\classfile\systemDictionary.cpp, line 256]
Event: 57.372 Thread 0x00000193ce64d390 Exception <a 'java/lang/ClassNotFoundException'{0x00000000cbe5af08}: com/android/build/gradle/internal/dsl/BuildType$AgpDecoratedBeanInfo> (0x00000000cbe5af08) 
thrown [s\open\src\hotspot\share\classfile\systemDictionary.cpp, line 256]
Event: 57.374 Thread 0x00000193ce64d390 Exception <a 'java/lang/ClassNotFoundException'{0x00000000cbe70e88}: com/android/build/gradle/internal/dsl/BuildTypeBeanInfo> (0x00000000cbe70e88) 
thrown [s\open\src\hotspot\share\classfile\systemDictionary.cpp, line 256]
Event: 57.376 Thread 0x00000193ce64d390 Exception <a 'java/lang/ClassNotFoundException'{0x00000000cbe86e38}: com/android/builder/core/AbstractBuildTypeBeanInfo> (0x00000000cbe86e38) 
thrown [s\open\src\hotspot\share\classfile\systemDictionary.cpp, line 256]
Event: 57.377 Thread 0x00000193ce64d390 Exception <a 'java/lang/ClassNotFoundException'{0x00000000cbe9cb00}: com/android/builder/core/AbstractBuildTypeCustomizer> (0x00000000cbe9cb00) 
thrown [s\open\src\hotspot\share\classfile\systemDictionary.cpp, line 256]
Event: 57.380 Thread 0x00000193ce64d390 Exception <a 'java/lang/ClassNotFoundException'{0x00000000cbecfaa8}: com/android/build/gradle/internal/dsl/BuildTypeCustomizer> (0x00000000cbecfaa8) 
thrown [s\open\src\hotspot\share\classfile\systemDictionary.cpp, line 256]
Event: 57.414 Thread 0x00000193ce64d390 Exception <a 'java/lang/ClassNotFoundException'{0x00000000cbd649b8}: com/android/build/gradle/internal/dsl/BuildType$AgpDecoratedCustomizer> (0x00000000cbd649b8) 
thrown [s\open\src\hotspot\share\classfile\systemDictionary.cpp, line 256]
Event: 57.418 Thread 0x00000193ce64d390 Exception <a 'java/lang/ClassNotFoundException'{0x00000000cbdc2210}: com/android/build/gradle/internal/dsl/BuildType$AgpDecorated_DecoratedCustomizer> (0x00000000cbdc2210) 
thrown [s\open\src\hotspot\share\classfile\systemDictionary.cpp, line 256]
Event: 57.439 Thread 0x00000193ce64d390 Exception <a 'java/lang/ClassNotFoundException'{0x00000000cb5fae00}: build_1r11p9xrr07n3cawatjwt7qoz$_run_closure2$_closure6BeanInfo> (0x00000000cb5fae00) 
thrown [s\open\src\hotspot\share\classfile\systemDictionary.cpp, line 256]
Event: 57.440 Thread 0x00000193ce64d390 Exception <a 'java/lang/ClassNotFoundException'{0x00000000cb4248e8}: build_1r11p9xrr07n3cawatjwt7qoz$_run_closure2$_closure6Customizer> (0x00000000cb4248e8) 
thrown [s\open\src\hotspot\share\classfile\systemDictionary.cpp, line 256]
Event: 57.509 Thread 0x00000193ce64d390 Exception <a 'java/lang/ClassNotFoundException'{0x00000000cb35b858}: java/lang/StringBeanInfo> (0x00000000cb35b858) 
thrown [s\open\src\hotspot\share\classfile\systemDictionary.cpp, line 256]
Event: 57.510 Thread 0x00000193ce64d390 Exception <a 'java/lang/ClassNotFoundException'{0x00000000cb3679a8}: java/lang/StringCustomizer> (0x00000000cb3679a8) 
thrown [s\open\src\hotspot\share\classfile\systemDictionary.cpp, line 256]

VM Operations (20 events):
Event: 54.731 Executing VM operation: G1CollectForAllocation
Event: 54.736 Executing VM operation: G1CollectForAllocation done
Event: 54.879 Executing VM operation: HandshakeAllThreads
Event: 54.880 Executing VM operation: HandshakeAllThreads done
Event: 55.886 Executing VM operation: Cleanup
Event: 55.886 Executing VM operation: Cleanup done
Event: 56.811 Executing VM operation: G1CollectForAllocation
Event: 56.821 Executing VM operation: G1CollectForAllocation done
Event: 57.102 Executing VM operation: G1Concurrent
Event: 57.112 Executing VM operation: G1Concurrent done
Event: 57.245 Executing VM operation: G1Concurrent
Event: 57.246 Executing VM operation: G1Concurrent done
Event: 57.517 Executing VM operation: HandshakeAllThreads
Event: 57.517 Executing VM operation: HandshakeAllThreads done
Event: 57.630 Executing VM operation: HandshakeAllThreads
Event: 57.631 Executing VM operation: HandshakeAllThreads done
Event: 58.414 Executing VM operation: HandshakeAllThreads
Event: 58.414 Executing VM operation: HandshakeAllThreads done
Event: 58.414 Executing VM operation: Cleanup
Event: 58.414 Executing VM operation: Cleanup done

Events (20 events):
Event: 56.020 loading class java/lang/StackTraceElement$HashedModules done
Event: 56.252 loading class java/io/CharArrayReader
Event: 56.252 loading class java/io/CharArrayReader done
Event: 56.335 Thread 0x00000193e1042080 Thread exited: 0x00000193e1042080
Event: 56.336 Thread 0x00000193e4400e50 Thread added: 0x00000193e4400e50
Event: 56.745 loading class java/beans/IntrospectionException
Event: 56.745 loading class java/beans/IntrospectionException done
Event: 56.957 Thread 0x00000193e1042080 Thread added: 0x00000193e1042080
Event: 57.360 Thread 0x00000193e1042080 Thread exited: 0x00000193e1042080
Event: 57.425 Thread 0x00000193e1042080 Thread added: 0x00000193e1042080
Event: 57.508 loading class java/lang/StringBeanInfo
Event: 57.508 loading class java/lang/StringBeanInfo done
Event: 57.509 loading class java/lang/StringBeanInfo
Event: 57.509 loading class java/lang/StringBeanInfo done
Event: 57.509 loading class java/lang/StringCustomizer
Event: 57.509 loading class java/lang/StringCustomizer done
Event: 57.510 loading class java/lang/StringCustomizer
Event: 57.510 loading class java/lang/StringCustomizer done
Event: 57.629 loading class java/util/AbstractList$ListItr
Event: 57.629 loading class java/util/AbstractList$ListItr done


Dynamic libraries:
0x00007ff7de160000 - 0x00007ff7de170000 	C:\Program Files\Java\jdk-17\bin\java.exe
0x00007ffb2ba10000 - 0x00007ffb2bc08000 	C:\Windows\SYSTEM32\ntdll.dll
0x00007ffb2a550000 - 0x00007ffb2a612000 	C:\Windows\System32\KERNEL32.DLL
0x00007ffb290a0000 - 0x00007ffb29396000 	C:\Windows\System32\KERNELBASE.dll
0x00007ffb29750000 - 0x00007ffb29850000 	C:\Windows\System32\ucrtbase.dll
0x00007ffb23f50000 - 0x00007ffb23f69000 	C:\Program Files\Java\jdk-17\bin\jli.dll
0x00007ffb2b490000 - 0x00007ffb2b541000 	C:\Windows\System32\ADVAPI32.dll
0x00007ffb2ae30000 - 0x00007ffb2aece000 	C:\Windows\System32\msvcrt.dll
0x00007ffb2aa30000 - 0x00007ffb2aacf000 	C:\Windows\System32\sechost.dll
0x00007ffb2a620000 - 0x00007ffb2a740000 	C:\Windows\System32\RPCRT4.dll
0x00007ffb293d0000 - 0x00007ffb293f7000 	C:\Windows\System32\bcrypt.dll
0x00007ffb2b700000 - 0x00007ffb2b8a1000 	C:\Windows\System32\USER32.dll
0x00007ffb238e0000 - 0x00007ffb238fb000 	C:\Program Files\Java\jdk-17\bin\VCRUNTIME140.dll
0x00007ffb293a0000 - 0x00007ffb293c2000 	C:\Windows\System32\win32u.dll
0x00007ffb29c20000 - 0x00007ffb29c4b000 	C:\Windows\System32\GDI32.dll
0x00007ffb12c70000 - 0x00007ffb12f0b000 	C:\Windows\WinSxS\amd64_microsoft.windows.common-controls_6595b64144ccf1df_6.0.19041.6456_none_60b8a6cb71f64256\COMCTL32.dll
0x00007ffb29560000 - 0x00007ffb29679000 	C:\Windows\System32\gdi32full.dll
0x00007ffb29990000 - 0x00007ffb29a2d000 	C:\Windows\System32\msvcp_win.dll
0x00007ffb22890000 - 0x00007ffb2289a000 	C:\Windows\SYSTEM32\VERSION.dll
0x00007ffb29b00000 - 0x00007ffb29b2f000 	C:\Windows\System32\IMM32.DLL
0x00007ffb250a0000 - 0x00007ffb250ac000 	C:\Program Files\Java\jdk-17\bin\vcruntime140_1.dll
0x00007ffb12f90000 - 0x00007ffb1301e000 	C:\Program Files\Java\jdk-17\bin\msvcp140.dll
0x00007ffa9aaa0000 - 0x00007ffa9b681000 	C:\Program Files\Java\jdk-17\bin\server\jvm.dll
0x00007ffb2a540000 - 0x00007ffb2a548000 	C:\Windows\System32\PSAPI.DLL
0x00007ffb03cf0000 - 0x00007ffb03cf9000 	C:\Windows\SYSTEM32\WSOCK32.dll
0x00007ffb2af50000 - 0x00007ffb2afbb000 	C:\Windows\System32\WS2_32.dll
0x00007ffb0ef60000 - 0x00007ffb0ef87000 	C:\Windows\SYSTEM32\WINMM.dll
0x00007ffb26f10000 - 0x00007ffb26f22000 	C:\Windows\SYSTEM32\kernel.appcore.dll
0x00007ffb221c0000 - 0x00007ffb221ca000 	C:\Program Files\Java\jdk-17\bin\jimage.dll
0x00007ffb0efa0000 - 0x00007ffb0f1a1000 	C:\Windows\SYSTEM32\DBGHELP.DLL
0x00007ffb0e8b0000 - 0x00007ffb0e8e4000 	C:\Windows\SYSTEM32\dbgcore.DLL
0x00007ffb29850000 - 0x00007ffb298d2000 	C:\Windows\System32\bcryptPrimitives.dll
0x00007ffb12f80000 - 0x00007ffb12f8e000 	C:\Program Files\Java\jdk-17\bin\instrument.dll
0x00007ffb22020000 - 0x00007ffb22045000 	C:\Program Files\Java\jdk-17\bin\java.dll
0x00007ffb02410000 - 0x00007ffb024e7000 	C:\Program Files\Java\jdk-17\bin\jsvml.dll
0x00007ffb29c50000 - 0x00007ffb2a3c0000 	C:\Windows\System32\SHELL32.dll
0x00007ffb27110000 - 0x00007ffb278b5000 	C:\Windows\SYSTEM32\windows.storage.dll
0x00007ffb2aad0000 - 0x00007ffb2ae24000 	C:\Windows\System32\combase.dll
0x00007ffb289f0000 - 0x00007ffb28a1b000 	C:\Windows\SYSTEM32\Wldp.dll
0x00007ffb2a450000 - 0x00007ffb2a51d000 	C:\Windows\System32\OLEAUT32.dll
0x00007ffb2a7a0000 - 0x00007ffb2a84d000 	C:\Windows\System32\SHCORE.dll
0x00007ffb29a90000 - 0x00007ffb29aeb000 	C:\Windows\System32\shlwapi.dll
0x00007ffb28fd0000 - 0x00007ffb28ff4000 	C:\Windows\SYSTEM32\profapi.dll
0x00007ffb1ff30000 - 0x00007ffb1ff48000 	C:\Program Files\Java\jdk-17\bin\zip.dll
0x00007ffb23ee0000 - 0x00007ffb23ef9000 	C:\Program Files\Java\jdk-17\bin\net.dll
0x00007ffb20390000 - 0x00007ffb2049a000 	C:\Windows\SYSTEM32\WINHTTP.dll
0x00007ffb28750000 - 0x00007ffb287ba000 	C:\Windows\system32\mswsock.dll
0x00007ffb1ff50000 - 0x00007ffb1ff66000 	C:\Program Files\Java\jdk-17\bin\nio.dll
0x00007ffb23ed0000 - 0x00007ffb23ee0000 	C:\Program Files\Java\jdk-17\bin\verify.dll
0x00007ffb08b20000 - 0x00007ffb08b47000 	C:\Users\ACER\.gradle\native\1def1411415f61bf3af743bc5b6707747c0891f09f0c88961ee8f79bc544acac\windows-amd64\native-platform.dll
0x00007ffb02390000 - 0x00007ffb02408000 	C:\Users\ACER\.gradle\native\0.2.7\x86_64-windows-gnu\gradle-fileevents.dll
0x00007ffb221b0000 - 0x00007ffb221ba000 	C:\Program Files\Java\jdk-17\bin\management.dll
0x00007ffb22010000 - 0x00007ffb2201b000 	C:\Program Files\Java\jdk-17\bin\management_ext.dll
0x00007ffb28430000 - 0x00007ffb2846b000 	C:\Windows\SYSTEM32\IPHLPAPI.DLL
0x00007ffb29b30000 - 0x00007ffb29b38000 	C:\Windows\System32\NSI.dll
0x00007ffb20620000 - 0x00007ffb20637000 	C:\Windows\SYSTEM32\dhcpcsvc6.DLL
0x00007ffb21000000 - 0x00007ffb2101d000 	C:\Windows\SYSTEM32\dhcpcsvc.DLL
0x00007ffb28470000 - 0x00007ffb2853a000 	C:\Windows\SYSTEM32\DNSAPI.dll
0x00007ffb28950000 - 0x00007ffb28968000 	C:\Windows\SYSTEM32\CRYPTSP.dll
0x00007ffb28070000 - 0x00007ffb280a8000 	C:\Windows\system32\rsaenh.dll
0x00007ffb28f50000 - 0x00007ffb28f7e000 	C:\Windows\SYSTEM32\USERENV.dll
0x00007ffb28940000 - 0x00007ffb2894c000 	C:\Windows\SYSTEM32\CRYPTBASE.dll
0x00007ffb12f70000 - 0x00007ffb12f7e000 	C:\Program Files\Java\jdk-17\bin\sunmscapi.dll
0x00007ffb29400000 - 0x00007ffb2955d000 	C:\Windows\System32\CRYPT32.dll
0x00007ffb28a60000 - 0x00007ffb28a87000 	C:\Windows\SYSTEM32\ncrypt.dll
0x00007ffb28a20000 - 0x00007ffb28a5b000 	C:\Windows\SYSTEM32\NTASN1.dll
0x00007ffb11d70000 - 0x00007ffb11d77000 	C:\Windows\system32\wshunix.dll

dbghelp: loaded successfully - version: 4.0.5 - missing functions: none
symbol engine: initialized successfully - sym options: 0x614 - pdb path: .;C:\Program Files\Java\jdk-17\bin;C:\Windows\SYSTEM32;C:\Windows\WinSxS\amd64_microsoft.windows.common-controls_6595b64144ccf1df_6.0.19041.6456_none_60b8a6cb71f64256;C:\Program Files\Java\jdk-17\bin\server;C:\Users\ACER\.gradle\native\1def1411415f61bf3af743bc5b6707747c0891f09f0c88961ee8f79bc544acac\windows-amd64;C:\Users\ACER\.gradle\native\0.2.7\x86_64-windows-gnu

VM Arguments:
jvm_args: --add-opens=java.base/java.lang=ALL-UNNAMED --add-opens=java.base/java.lang.invoke=ALL-UNNAMED --add-opens=java.base/java.util=ALL-UNNAMED --add-opens=java.prefs/java.util.prefs=ALL-UNNAMED --add-exports=jdk.compiler/com.sun.tools.javac.api=ALL-UNNAMED --add-exports=jdk.compiler/com.sun.tools.javac.util=ALL-UNNAMED --add-opens=java.base/java.util=ALL-UNNAMED --add-opens=java.prefs/java.util.prefs=ALL-UNNAMED --add-opens=java.base/java.nio.charset=ALL-UNNAMED --add-opens=java.base/java.net=ALL-UNNAMED --add-opens=java.base/java.util.concurrent.atomic=ALL-UNNAMED --add-opens=java.xml/javax.xml.namespace=ALL-UNNAMED -XX:MaxMetaspaceSize=256m -Xmx1024m -Dfile.encoding=windows-1252 -Duser.country=IN -Duser.language=en -Duser.variant -javaagent:C:\Users\ACER\.gradle\wrapper\dists\gradle-8.13-bin\5xuhj0ry160q40clulazy9h7d\gradle-8.13\lib\agents\gradle-instrumentation-agent-8.13.jar 
java_command: org.gradle.launcher.daemon.bootstrap.GradleDaemon 8.13
java_class_path (initial): C:\Users\ACER\.gradle\wrapper\dists\gradle-8.13-bin\5xuhj0ry160q40clulazy9h7d\gradle-8.13\lib\gradle-daemon-main-8.13.jar
Launcher Type: SUN_STANDARD

[Global flags]
     intx CICompilerCount                          = 3                                         {product} {ergonomic}
   size_t CompressedClassSpaceSize                 = 218103808                                 {product} {ergonomic}
     uint ConcGCThreads                            = 1                                         {product} {ergonomic}
     uint G1ConcRefinementThreads                  = 4                                         {product} {ergonomic}
   size_t G1HeapRegionSize                         = 1048576                                   {product} {ergonomic}
    uintx GCDrainStackTargetSize                   = 64                                        {product} {ergonomic}
   size_t InitialHeapSize                          = 201326592                                 {product} {ergonomic}
   size_t MarkStackSize                            = 4194304                                   {product} {ergonomic}
   size_t MaxHeapSize                              = 1073741824                                {product} {command line}
   size_t MaxMetaspaceSize                         = 268435456                                 {product} {command line}
   size_t MaxNewSize                               = 643825664                                 {product} {ergonomic}
   size_t MinHeapDeltaBytes                        = 1048576                                   {product} {ergonomic}
   size_t MinHeapSize                              = 8388608                                   {product} {ergonomic}
    uintx NonNMethodCodeHeapSize                   = 5832780                                {pd product} {ergonomic}
    uintx NonProfiledCodeHeapSize                  = 122912730                              {pd product} {ergonomic}
    uintx ProfiledCodeHeapSize                     = 122912730                              {pd product} {ergonomic}
    uintx ReservedCodeCacheSize                    = 251658240                              {pd product} {ergonomic}
     bool SegmentedCodeCache                       = true                                      {product} {ergonomic}
   size_t SoftMaxHeapSize                          = 1073741824                             {manageable} {ergonomic}
     bool UseCompressedClassPointers               = true                           {product lp64_product} {ergonomic}
     bool UseCompressedOops                        = true                           {product lp64_product} {ergonomic}
     bool UseG1GC                                  = true                                      {product} {ergonomic}
     bool UseLargePagesIndividualAllocation        = false                                  {pd product} {ergonomic}

Logging:
Log output configuration:
 #0: stdout all=warning uptime,level,tags
 #1: stderr all=off uptime,level,tags

Environment Variables:
JAVA_HOME=C:\Program Files\Java\jdk-17
PATH=C:\Program Files\Common Files\Oracle\Java\javapath;C:\Program Files\Java\jdk-17\bin;C:\Windows\System32\Wbem;C:\Windows\System32\WindowsPowerShell\v1.0\;C:\Windows\System32\OpenSSH\;D:\xampp\htdocs\codewithharry;C:\Program Files\Git\cmd;D:\MinGW\bin\apache-maven-3.9.6;C:\apache-maven-3.9.6\bin;C:\Program Files\MongoDB\mongosh-2.3.0-win32-x64\bin;C:\Program Files\PuTTY\;C:\Program Files\MongoDB\Server\7.0\bin;C:\gradle\gradle-8.14\bin;C:\Program Files\WireGuard\;C:\Program Files\nodejs\;C:\Program Files\MySQL\MySQL Server 8.0\bin;C:\Users\ACER\.local\bin;C:\Windows\system32;C:\Windows;c:\Users\ACER\AppData\Local\Programs\cursor\resources\app\codeBin;C:\Users\ACER\AppData\Local\Programs\Python\Python313\Scripts\;C:\Users\ACER\AppData\Local\Programs\Python\Python313\;C:\Users\ACER\AppData\Local\Programs\Python\Launcher\;C:\Users\ACER\.local\bin;C:\Program Files\MySQL\MySQL Shell 8.0\bin\;C:\Users\ACER\AppData\Local\Microsoft\WindowsApps;C:\Users\ACER\AppData\Local\Programs\Microsoft VS Code\bin;C:\Program Files\MongoDB\Server\7.0\bin;C:\Users\ACER\AppData\Local\Programs\cursor\resources\app\bin;C:\Users\ACER\AppData\Local\Programs\Antigravity\bin;C:\Users\ACER\AppData\Roaming\npm;E:\futter-dev\sdk\flutter\bin;C:\Users\ACER\AppData\Local\Android\Sdk\platform-tools;C:\Users\ACER\AppData\Local\Android\Sdk\cmdline-tools\latest\bin;
USERNAME=ACER
OS=Windows_NT
PROCESSOR_IDENTIFIER=Intel64 Family 6 Model 142 Stepping 9, GenuineIntel



---------------  S Y S T E M  ---------------

OS:
 Windows 10 , 64 bit Build 19041 (10.0.19041.5915)
OS uptime: 0 days 3:59 hours

CPU: total 4 (initial active 4) (2 cores per cpu, 2 threads per core) family 6 model 142 stepping 9 microcode 0xb4, cx8, cmov, fxsr, ht, mmx, 3dnowpref, sse, sse2, sse3, ssse3, sse4.1, sse4.2, popcnt, lzcnt, tsc, tscinvbit, avx, avx2, aes, erms, clmul, bmi1, bmi2, adx, fma, vzeroupper, clflush, clflushopt

Memory: 4k page, system-wide physical 12165M (565M free)
TotalPageFile size 20357M (AvailPageFile size 2M)
current process WorkingSet (physical memory assigned to process): 476M, peak: 480M
current process commit charge ("private bytes"): 511M, peak: 517M

vm_info: Java HotSpot(TM) 64-Bit Server VM (17.0.13+10-LTS-268) for windows-amd64 JRE (17.0.13+10-LTS-268), built on Sep 30 2024 06:33:13 by "mach5one" with MS VC++ 17.6 (VS2022)

END.
