#
# There is insufficient memory for the Java Runtime Environment to continue.
# Native memory allocation (malloc) failed to allocate 150736 bytes for Chunk::new
# Possible reasons:
#   The system is out of physical RAM or swap space
#   The process is running with CompressedOops enabled, and the Java Heap may be blocking the growth of the native heap
# Possible solutions:
#   Reduce memory load on the system
#   Increase physical memory or swap space
#   Check if swap backing store is full
#   Decrease Java heap size (-Xmx/-Xms)
#   Decrease number of Java threads
#   Decrease Java thread stack sizes (-Xss)
#   Set larger code cache with -XX:ReservedCodeCacheSize=
#   JVM is running with Unscaled Compressed Oops mode in which the Java heap is
#     placed in the first 4GB address space. The Java Heap base address is the
#     maximum limit for the native heap growth. Please use -XX:HeapBaseMinAddress
#     to set the Java Heap base and to place the Java Heap above 4GB virtual address.
# This output file may be truncated or incomplete.
#
#  Out of Memory Error (arena.cpp:189), pid=12624, tid=17028
#
# JRE version: Java(TM) SE Runtime Environment (17.0.13+10) (build 17.0.13+10-LTS-268)
# Java VM: Java HotSpot(TM) 64-Bit Server VM (17.0.13+10-LTS-268, mixed mode, sharing, tiered, compressed oops, compressed class ptrs, g1 gc, windows-amd64)
# No core dump will be written. Minidumps are not enabled by default on client versions of Windows
#

---------------  S U M M A R Y ------------

Command Line: -Xmx64m -Xms64m -Dorg.gradle.appname=gradlew E:\porteruser\android\\gradle\wrapper\gradle-wrapper.jar -p android clean

Host: Intel(R) Core(TM) i3-7100U CPU @ 2.40GHz, 4 cores, 11G,  Windows 10 , 64 bit Build 19041 (10.0.19041.5915)
Time: Tue Apr 28 16:36:30 2026 India Standard Time elapsed time: 61.928851 seconds (0d 0h 1m 1s)

---------------  T H R E A D  ---------------

Current thread (0x0000020cdf4dc690):  JavaThread "C2 CompilerThread0" daemon [_thread_in_native, id=17028, stack(0x000000a513d00000,0x000000a513e00000)]


Current CompileTask:
C2:  61928 1713       4       org.gradle.internal.logging.text.AbstractLineChoppingStyledTextOutput$1::execute (9 bytes)

Stack: [0x000000a513d00000,0x000000a513e00000]
Native frames: (J=compiled Java code, j=interpreted, Vv=VM code, C=native code)
V  [jvm.dll+0x67a23a]
V  [jvm.dll+0x7da96d]
V  [jvm.dll+0x7dc2b3]
V  [jvm.dll+0x7dc923]
V  [jvm.dll+0x2450ef]
V  [jvm.dll+0xab793]
V  [jvm.dll+0xabd5c]
V  [jvm.dll+0x2aa58f]
V  [jvm.dll+0x582039]
V  [jvm.dll+0x21f482]
V  [jvm.dll+0x2183db]
V  [jvm.dll+0x215bc5]
V  [jvm.dll+0x1a2980]
V  [jvm.dll+0x22616b]
V  [jvm.dll+0x22430b]
V  [jvm.dll+0x790a8c]
V  [jvm.dll+0x78af1a]
V  [jvm.dll+0x679125]
C  [ucrtbase.dll+0x21bb2]
C  [KERNEL32.DLL+0x17374]
C  [ntdll.dll+0x4cc91]


---------------  P R O C E S S  ---------------

Threads class SMR info:
_java_thread_list=0x0000020ce4922c40, length=13, elements={
0x0000020cc6575240, 0x0000020cc66457b0, 0x0000020cc6646540, 0x0000020cdf4cbac0,
0x0000020cdf4cd3a0, 0x0000020cdf4cdc70, 0x0000020cdf4ce540, 0x0000020cdf4dc690,
0x0000020cdf4d15d0, 0x0000020cdf546710, 0x0000020cdf70f680, 0x0000020cdf717ba0,
0x0000020ce48a24f0
}

Java Threads: ( => current thread )
  0x0000020cc6575240 JavaThread "main" [_thread_in_vm, id=15192, stack(0x000000a513000000,0x000000a513100000)]
  0x0000020cc66457b0 JavaThread "Reference Handler" daemon [_thread_blocked, id=13672, stack(0x000000a513700000,0x000000a513800000)]
  0x0000020cc6646540 JavaThread "Finalizer" daemon [_thread_blocked, id=2144, stack(0x000000a513800000,0x000000a513900000)]
  0x0000020cdf4cbac0 JavaThread "Signal Dispatcher" daemon [_thread_blocked, id=16916, stack(0x000000a513900000,0x000000a513a00000)]
  0x0000020cdf4cd3a0 JavaThread "Attach Listener" daemon [_thread_blocked, id=16704, stack(0x000000a513a00000,0x000000a513b00000)]
  0x0000020cdf4cdc70 JavaThread "Service Thread" daemon [_thread_blocked, id=3396, stack(0x000000a513b00000,0x000000a513c00000)]
  0x0000020cdf4ce540 JavaThread "Monitor Deflation Thread" daemon [_thread_blocked, id=7504, stack(0x000000a513c00000,0x000000a513d00000)]
=>0x0000020cdf4dc690 JavaThread "C2 CompilerThread0" daemon [_thread_in_native, id=17028, stack(0x000000a513d00000,0x000000a513e00000)]
  0x0000020cdf4d15d0 JavaThread "C1 CompilerThread0" daemon [_thread_blocked, id=7992, stack(0x000000a513e00000,0x000000a513f00000)]
  0x0000020cdf546710 JavaThread "Sweeper thread" daemon [_thread_blocked, id=9424, stack(0x000000a513f00000,0x000000a514000000)]
  0x0000020cdf70f680 JavaThread "Notification Thread" daemon [_thread_blocked, id=17136, stack(0x000000a514000000,0x000000a514100000)]
  0x0000020cdf717ba0 JavaThread "Common-Cleaner" daemon [_thread_blocked, id=2864, stack(0x000000a514200000,0x000000a514300000)]
  0x0000020ce48a24f0 JavaThread "pool-1-thread-1" [_thread_blocked, id=2348, stack(0x000000a514800000,0x000000a514900000)]

Other Threads:
  0x0000020cc663e3c0 VMThread "VM Thread" [stack: 0x000000a513600000,0x000000a513700000] [id=13180]
  0x0000020cdf6b0c90 WatcherThread [stack: 0x000000a514100000,0x000000a514200000] [id=5032]
  0x0000020cc65951d0 GCTaskThread "GC Thread#0" [stack: 0x000000a513100000,0x000000a513200000] [id=7484]
  0x0000020cdf872010 GCTaskThread "GC Thread#1" [stack: 0x000000a514300000,0x000000a514400000] [id=17612]
  0x0000020cdf8874e0 GCTaskThread "GC Thread#2" [stack: 0x000000a514400000,0x000000a514500000] [id=5548]
  0x0000020cdf8877a0 GCTaskThread "GC Thread#3" [stack: 0x000000a514500000,0x000000a514600000] [id=18168]
  0x0000020cc6597840 ConcurrentGCThread "G1 Main Marker" [stack: 0x000000a513200000,0x000000a513300000] [id=13200]
  0x0000020cc6599910 ConcurrentGCThread "G1 Conc#0" [stack: 0x000000a513300000,0x000000a513400000] [id=6648]
  0x0000020cc6621720 ConcurrentGCThread "G1 Refine#0" [stack: 0x000000a513400000,0x000000a513500000] [id=5368]
  0x0000020ce49877b0 ConcurrentGCThread "G1 Refine#1" [stack: 0x000000a514700000,0x000000a514800000] [id=9964]
  0x0000020cc6622060 ConcurrentGCThread "G1 Service" [stack: 0x000000a513500000,0x000000a513600000] [id=7080]

Threads with active compile tasks:
C2 CompilerThread0    61973 1713       4       org.gradle.internal.logging.text.AbstractLineChoppingStyledTextOutput$1::execute (9 bytes)

VM state: not at safepoint (normal execution)

VM Mutex/Monitor currently owned by a thread: None

Heap address: 0x00000000fc000000, size: 64 MB, Compressed Oops mode: 32-bit

CDS archive(s) mapped at: [0x0000020c80000000-0x0000020c80bd0000-0x0000020c80bd0000), size 12386304, SharedBaseAddress: 0x0000020c80000000, ArchiveRelocationMode: 1.
Compressed class space mapped at: 0x0000020c81000000-0x0000020cc1000000, reserved size: 1073741824
Narrow klass base: 0x0000020c80000000, Narrow klass shift: 0, Narrow klass range: 0x100000000

GC Precious Log:
 CPUs: 4 total, 4 available
 Memory: 12165M
 Large Page Support: Disabled
 NUMA Support: Disabled
 Compressed Oops: Enabled (32-bit)
 Heap Region Size: 1M
 Heap Min Capacity: 64M
 Heap Initial Capacity: 64M
 Heap Max Capacity: 64M
 Pre-touch: Disabled
 Parallel Workers: 4
 Concurrent Workers: 1
 Concurrent Refinement Workers: 4
 Periodic GC: Disabled

Heap:
 garbage-first heap   total 65536K, used 39564K [0x00000000fc000000, 0x0000000100000000)
  region size 1024K, 33 young (33792K), 3 survivors (3072K)
 Metaspace       used 9867K, committed 10112K, reserved 1114112K
  class space    used 1319K, committed 1408K, reserved 1048576K

Heap Regions: E=young(eden), S=young(survivor), O=old, HS=humongous(starts), HC=humongous(continues), CS=collection set, F=free, OA=open archive, CA=closed archive, TAMS=top-at-mark-start (previous, next)
|   0|0x00000000fc000000, 0x00000000fc100000, 0x00000000fc100000|100%|HS|  |TAMS 0x00000000fc000000, 0x00000000fc000000| Complete 
|   1|0x00000000fc100000, 0x00000000fc200000, 0x00000000fc200000|100%|HC|  |TAMS 0x00000000fc100000, 0x00000000fc100000| Complete 
|   2|0x00000000fc200000, 0x00000000fc300000, 0x00000000fc300000|100%|HC|  |TAMS 0x00000000fc200000, 0x00000000fc200000| Complete 
|   3|0x00000000fc300000, 0x00000000fc400000, 0x00000000fc400000|100%| O|  |TAMS 0x00000000fc300000, 0x00000000fc300000| Untracked 
|   4|0x00000000fc400000, 0x00000000fc500000, 0x00000000fc500000|100%| O|  |TAMS 0x00000000fc400000, 0x00000000fc400000| Untracked 
|   5|0x00000000fc500000, 0x00000000fc600000, 0x00000000fc600000|100%| O|  |TAMS 0x00000000fc500000, 0x00000000fc500000| Untracked 
|   6|0x00000000fc600000, 0x00000000fc6a3000, 0x00000000fc700000| 63%| O|  |TAMS 0x00000000fc600000, 0x00000000fc600000| Untracked 
|   7|0x00000000fc700000, 0x00000000fc700000, 0x00000000fc800000|  0%| F|  |TAMS 0x00000000fc700000, 0x00000000fc700000| Untracked 
|   8|0x00000000fc800000, 0x00000000fc800000, 0x00000000fc900000|  0%| F|  |TAMS 0x00000000fc800000, 0x00000000fc800000| Untracked 
|   9|0x00000000fc900000, 0x00000000fc900000, 0x00000000fca00000|  0%| F|  |TAMS 0x00000000fc900000, 0x00000000fc900000| Untracked 
|  10|0x00000000fca00000, 0x00000000fca00000, 0x00000000fcb00000|  0%| F|  |TAMS 0x00000000fca00000, 0x00000000fca00000| Untracked 
|  11|0x00000000fcb00000, 0x00000000fcb00000, 0x00000000fcc00000|  0%| F|  |TAMS 0x00000000fcb00000, 0x00000000fcb00000| Untracked 
|  12|0x00000000fcc00000, 0x00000000fcc00000, 0x00000000fcd00000|  0%| F|  |TAMS 0x00000000fcc00000, 0x00000000fcc00000| Untracked 
|  13|0x00000000fcd00000, 0x00000000fcd00000, 0x00000000fce00000|  0%| F|  |TAMS 0x00000000fcd00000, 0x00000000fcd00000| Untracked 
|  14|0x00000000fce00000, 0x00000000fce00000, 0x00000000fcf00000|  0%| F|  |TAMS 0x00000000fce00000, 0x00000000fce00000| Untracked 
|  15|0x00000000fcf00000, 0x00000000fcf00000, 0x00000000fd000000|  0%| F|  |TAMS 0x00000000fcf00000, 0x00000000fcf00000| Untracked 
|  16|0x00000000fd000000, 0x00000000fd000000, 0x00000000fd100000|  0%| F|  |TAMS 0x00000000fd000000, 0x00000000fd000000| Untracked 
|  17|0x00000000fd100000, 0x00000000fd100000, 0x00000000fd200000|  0%| F|  |TAMS 0x00000000fd100000, 0x00000000fd100000| Untracked 
|  18|0x00000000fd200000, 0x00000000fd200000, 0x00000000fd300000|  0%| F|  |TAMS 0x00000000fd200000, 0x00000000fd200000| Untracked 
|  19|0x00000000fd300000, 0x00000000fd300000, 0x00000000fd400000|  0%| F|  |TAMS 0x00000000fd300000, 0x00000000fd300000| Untracked 
|  20|0x00000000fd400000, 0x00000000fd400000, 0x00000000fd500000|  0%| F|  |TAMS 0x00000000fd400000, 0x00000000fd400000| Untracked 
|  21|0x00000000fd500000, 0x00000000fd500000, 0x00000000fd600000|  0%| F|  |TAMS 0x00000000fd500000, 0x00000000fd500000| Untracked 
|  22|0x00000000fd600000, 0x00000000fd600000, 0x00000000fd700000|  0%| F|  |TAMS 0x00000000fd600000, 0x00000000fd600000| Untracked 
|  23|0x00000000fd700000, 0x00000000fd700000, 0x00000000fd800000|  0%| F|  |TAMS 0x00000000fd700000, 0x00000000fd700000| Untracked 
|  24|0x00000000fd800000, 0x00000000fd800000, 0x00000000fd900000|  0%| F|  |TAMS 0x00000000fd800000, 0x00000000fd800000| Untracked 
|  25|0x00000000fd900000, 0x00000000fd900000, 0x00000000fda00000|  0%| F|  |TAMS 0x00000000fd900000, 0x00000000fd900000| Untracked 
|  26|0x00000000fda00000, 0x00000000fda00000, 0x00000000fdb00000|  0%| F|  |TAMS 0x00000000fda00000, 0x00000000fda00000| Untracked 
|  27|0x00000000fdb00000, 0x00000000fdb00000, 0x00000000fdc00000|  0%| F|  |TAMS 0x00000000fdb00000, 0x00000000fdb00000| Untracked 
|  28|0x00000000fdc00000, 0x00000000fdc00000, 0x00000000fdd00000|  0%| F|  |TAMS 0x00000000fdc00000, 0x00000000fdc00000| Untracked 
|  29|0x00000000fdd00000, 0x00000000fdd00000, 0x00000000fde00000|  0%| F|  |TAMS 0x00000000fdd00000, 0x00000000fdd00000| Untracked 
|  30|0x00000000fde00000, 0x00000000fde00000, 0x00000000fdf00000|  0%| F|  |TAMS 0x00000000fde00000, 0x00000000fde00000| Untracked 
|  31|0x00000000fdf00000, 0x00000000fe000000, 0x00000000fe000000|100%| E|  |TAMS 0x00000000fdf00000, 0x00000000fdf00000| Complete 
|  32|0x00000000fe000000, 0x00000000fe100000, 0x00000000fe100000|100%| E|CS|TAMS 0x00000000fe000000, 0x00000000fe000000| Complete 
|  33|0x00000000fe100000, 0x00000000fe200000, 0x00000000fe200000|100%| E|CS|TAMS 0x00000000fe100000, 0x00000000fe100000| Complete 
|  34|0x00000000fe200000, 0x00000000fe300000, 0x00000000fe300000|100%| E|CS|TAMS 0x00000000fe200000, 0x00000000fe200000| Complete 
|  35|0x00000000fe300000, 0x00000000fe400000, 0x00000000fe400000|100%| E|CS|TAMS 0x00000000fe300000, 0x00000000fe300000| Complete 
|  36|0x00000000fe400000, 0x00000000fe500000, 0x00000000fe500000|100%| E|CS|TAMS 0x00000000fe400000, 0x00000000fe400000| Complete 
|  37|0x00000000fe500000, 0x00000000fe600000, 0x00000000fe600000|100%| E|CS|TAMS 0x00000000fe500000, 0x00000000fe500000| Complete 
|  38|0x00000000fe600000, 0x00000000fe700000, 0x00000000fe700000|100%| E|CS|TAMS 0x00000000fe600000, 0x00000000fe600000| Complete 
|  39|0x00000000fe700000, 0x00000000fe800000, 0x00000000fe800000|100%| E|CS|TAMS 0x00000000fe700000, 0x00000000fe700000| Complete 
|  40|0x00000000fe800000, 0x00000000fe900000, 0x00000000fe900000|100%| E|CS|TAMS 0x00000000fe800000, 0x00000000fe800000| Complete 
|  41|0x00000000fe900000, 0x00000000fea00000, 0x00000000fea00000|100%| S|CS|TAMS 0x00000000fe900000, 0x00000000fe900000| Complete 
|  42|0x00000000fea00000, 0x00000000feb00000, 0x00000000feb00000|100%| S|CS|TAMS 0x00000000fea00000, 0x00000000fea00000| Complete 
|  43|0x00000000feb00000, 0x00000000fec00000, 0x00000000fec00000|100%| S|CS|TAMS 0x00000000feb00000, 0x00000000feb00000| Complete 
|  44|0x00000000fec00000, 0x00000000fed00000, 0x00000000fed00000|100%| E|CS|TAMS 0x00000000fec00000, 0x00000000fec00000| Complete 
|  45|0x00000000fed00000, 0x00000000fee00000, 0x00000000fee00000|100%| E|CS|TAMS 0x00000000fed00000, 0x00000000fed00000| Complete 
|  46|0x00000000fee00000, 0x00000000fef00000, 0x00000000fef00000|100%| E|CS|TAMS 0x00000000fee00000, 0x00000000fee00000| Complete 
|  47|0x00000000fef00000, 0x00000000ff000000, 0x00000000ff000000|100%| E|CS|TAMS 0x00000000fef00000, 0x00000000fef00000| Complete 
|  48|0x00000000ff000000, 0x00000000ff100000, 0x00000000ff100000|100%| E|CS|TAMS 0x00000000ff000000, 0x00000000ff000000| Complete 
|  49|0x00000000ff100000, 0x00000000ff200000, 0x00000000ff200000|100%| E|CS|TAMS 0x00000000ff100000, 0x00000000ff100000| Complete 
|  50|0x00000000ff200000, 0x00000000ff300000, 0x00000000ff300000|100%| E|CS|TAMS 0x00000000ff200000, 0x00000000ff200000| Complete 
|  51|0x00000000ff300000, 0x00000000ff400000, 0x00000000ff400000|100%| E|CS|TAMS 0x00000000ff300000, 0x00000000ff300000| Complete 
|  52|0x00000000ff400000, 0x00000000ff500000, 0x00000000ff500000|100%| E|CS|TAMS 0x00000000ff400000, 0x00000000ff400000| Complete 
|  53|0x00000000ff500000, 0x00000000ff600000, 0x00000000ff600000|100%| E|CS|TAMS 0x00000000ff500000, 0x00000000ff500000| Complete 
|  54|0x00000000ff600000, 0x00000000ff700000, 0x00000000ff700000|100%| E|CS|TAMS 0x00000000ff600000, 0x00000000ff600000| Complete 
|  55|0x00000000ff700000, 0x00000000ff800000, 0x00000000ff800000|100%| E|CS|TAMS 0x00000000ff700000, 0x00000000ff700000| Complete 
|  56|0x00000000ff800000, 0x00000000ff900000, 0x00000000ff900000|100%| E|CS|TAMS 0x00000000ff800000, 0x00000000ff800000| Complete 
|  57|0x00000000ff900000, 0x00000000ffa00000, 0x00000000ffa00000|100%| E|CS|TAMS 0x00000000ff900000, 0x00000000ff900000| Complete 
|  58|0x00000000ffa00000, 0x00000000ffb00000, 0x00000000ffb00000|100%| E|CS|TAMS 0x00000000ffa00000, 0x00000000ffa00000| Complete 
|  59|0x00000000ffb00000, 0x00000000ffc00000, 0x00000000ffc00000|100%| E|CS|TAMS 0x00000000ffb00000, 0x00000000ffb00000| Complete 
|  60|0x00000000ffc00000, 0x00000000ffd00000, 0x00000000ffd00000|100%| E|CS|TAMS 0x00000000ffc00000, 0x00000000ffc00000| Complete 
|  61|0x00000000ffd00000, 0x00000000ffe00000, 0x00000000ffe00000|100%| E|CS|TAMS 0x00000000ffd00000, 0x00000000ffd00000| Complete 
|  62|0x00000000ffe00000, 0x00000000fff00000, 0x00000000fff00000|100%| E|CS|TAMS 0x00000000ffe00000, 0x00000000ffe00000| Complete 
|  63|0x00000000fff00000, 0x0000000100000000, 0x0000000100000000|100%| E|CS|TAMS 0x00000000fff00000, 0x00000000fff00000| Complete 

Card table byte_map: [0x0000020cc4710000,0x0000020cc4730000] _byte_map_base: 0x0000020cc3f30000

Marking Bits (Prev, Next): (CMBitMap*) 0x0000020cc6596710, (CMBitMap*) 0x0000020cc6596750
 Prev Bits: [0x0000020cc6390000, 0x0000020cc6490000)
 Next Bits: [0x0000020cdce50000, 0x0000020cdcf50000)

Polling page: 0x0000020cc4430000

Metaspace:

Usage:
  Non-class:      8.35 MB used.
      Class:      1.29 MB used.
       Both:      9.64 MB used.

Virtual space:
  Non-class space:       64.00 MB reserved,       8.50 MB ( 13%) committed,  1 nodes.
      Class space:        1.00 GB reserved,       1.38 MB ( <1%) committed,  1 nodes.
             Both:        1.06 GB reserved,       9.88 MB ( <1%) committed. 

Chunk freelists:
   Non-Class:  6.67 MB
       Class:  14.47 MB
        Both:  21.15 MB

MaxMetaspaceSize: unlimited
CompressedClassSpaceSize: 1.00 GB
Initial GC threshold: 21.00 MB
Current GC threshold: 21.00 MB
CDS: on
MetaspaceReclaimPolicy: balanced
 - commit_granule_bytes: 65536.
 - commit_granule_words: 8192.
 - virtual_space_node_default_size: 8388608.
 - enlarge_chunks_in_place: 1.
 - new_chunks_are_fully_committed: 0.
 - uncommit_free_chunks: 1.
 - use_allocation_guard: 0.
 - handle_deallocations: 1.


Internal statistics:

num_allocs_failed_limit: 0.
num_arena_births: 98.
num_arena_deaths: 0.
num_vsnodes_births: 2.
num_vsnodes_deaths: 0.
num_space_committed: 158.
num_space_uncommitted: 0.
num_chunks_returned_to_freelist: 0.
num_chunks_taken_from_freelist: 361.
num_chunk_merges: 0.
num_chunk_splits: 233.
num_chunks_enlarged: 190.
num_inconsistent_stats: 0.

CodeHeap 'non-profiled nmethods': size=120000Kb used=795Kb max_used=795Kb free=119204Kb
 bounds [0x0000020cd5920000, 0x0000020cd5b90000, 0x0000020cdce50000]
CodeHeap 'profiled nmethods': size=120000Kb used=3257Kb max_used=3257Kb free=116742Kb
 bounds [0x0000020ccde50000, 0x0000020cce180000, 0x0000020cd5380000]
CodeHeap 'non-nmethods': size=5760Kb used=1178Kb max_used=1204Kb free=4581Kb
 bounds [0x0000020cd5380000, 0x0000020cd55f0000, 0x0000020cd5920000]
 total_blobs=2190 nmethods=1714 adapters=389
 compilation: enabled
              stopped_count=0, restarted_count=0
 full_count=0

Compilation events (20 events):
Event: 61.893 Thread 0x0000020cdf4d15d0 nmethod 1701 0x0000020cce179910 code [0x0000020cce179aa0, 0x0000020cce179c18]
Event: 61.894 Thread 0x0000020cdf4d15d0 1702       1       com.google.common.collect.EvictingQueue::delegate (5 bytes)
Event: 61.894 Thread 0x0000020cdf4d15d0 nmethod 1702 0x0000020cd59e5610 code [0x0000020cd59e57a0, 0x0000020cd59e5878]
Event: 61.897 Thread 0x0000020cdf4d15d0 1705       1       java.lang.invoke.MethodHandleImpl::isCompileConstant (2 bytes)
Event: 61.897 Thread 0x0000020cdf4d15d0 nmethod 1705 0x0000020cd59e6190 code [0x0000020cd59e6320, 0x0000020cd59e63d8]
Event: 61.902 Thread 0x0000020cdf4d15d0 1706       3       java.lang.invoke.DirectMethodHandle::<init> (148 bytes)
Event: 61.903 Thread 0x0000020cdf4dc690 1709       4       org.gradle.internal.logging.text.AbstractLineChoppingStyledTextOutput$StateContext::isCurrentCharEquals (70 bytes)
Event: 61.903 Thread 0x0000020cdf4d15d0 nmethod 1706 0x0000020cce179c90 code [0x0000020cce179f40, 0x0000020cce17ae88]
Event: 61.903 Thread 0x0000020cdf4d15d0 1707       3       java.nio.CharBuffer::position (8 bytes)
Event: 61.903 Thread 0x0000020cdf4d15d0 nmethod 1707 0x0000020cce17b390 code [0x0000020cce17b520, 0x0000020cce17b668]
Event: 61.903 Thread 0x0000020cdf4d15d0 1708       3       java.nio.CharBuffer::position (6 bytes)
Event: 61.904 Thread 0x0000020cdf4d15d0 nmethod 1708 0x0000020cce17b710 code [0x0000020cce17b8c0, 0x0000020cce17ba68]
Event: 61.904 Thread 0x0000020cdf4d15d0 1710       3       org.gradle.internal.logging.text.AbstractLineChoppingStyledTextOutput::access$900 (4 bytes)
Event: 61.904 Thread 0x0000020cdf4d15d0 nmethod 1710 0x0000020cce17bb10 code [0x0000020cce17bca0, 0x0000020cce17bd98]
Event: 61.906 Thread 0x0000020cdf4dc690 nmethod 1709 0x0000020cd59e6490 code [0x0000020cd59e6620, 0x0000020cd59e6788]
Event: 61.906 Thread 0x0000020cdf4dc690 1711       4       org.gradle.internal.logging.text.AbstractLineChoppingStyledTextOutput$StateContext::hasChar (25 bytes)
Event: 61.907 Thread 0x0000020cdf4dc690 nmethod 1711 0x0000020cd59e6910 code [0x0000020cd59e6a80, 0x0000020cd59e6b38]
Event: 61.921 Thread 0x0000020cdf4d15d0 1712       3       java.lang.StringCoding::implEncodeAsciiArray (47 bytes)
Event: 61.921 Thread 0x0000020cdf4dc690 1713       4       org.gradle.internal.logging.text.AbstractLineChoppingStyledTextOutput$1::execute (9 bytes)
Event: 61.921 Thread 0x0000020cdf4d15d0 nmethod 1712 0x0000020cce17be10 code [0x0000020cce17bfc0, 0x0000020cce17c218]

GC Heap History (4 events):
Event: 0.577 GC heap before
{Heap before GC invocations=0 (full 0):
 garbage-first heap   total 65536K, used 12288K [0x00000000fc000000, 0x0000000100000000)
  region size 1024K, 13 young (13312K), 0 survivors (0K)
 Metaspace       used 1650K, committed 1792K, reserved 1114112K
  class space    used 155K, committed 192K, reserved 1048576K
}
Event: 0.581 GC heap after
{Heap after GC invocations=1 (full 0):
 garbage-first heap   total 65536K, used 1536K [0x00000000fc000000, 0x0000000100000000)
  region size 1024K, 2 young (2048K), 2 survivors (2048K)
 Metaspace       used 1650K, committed 1792K, reserved 1114112K
  class space    used 155K, committed 192K, reserved 1048576K
}
Event: 1.207 GC heap before
{Heap before GC invocations=1 (full 0):
 garbage-first heap   total 65536K, used 22016K [0x00000000fc000000, 0x0000000100000000)
  region size 1024K, 20 young (20480K), 2 survivors (2048K)
 Metaspace       used 2388K, committed 2496K, reserved 1114112K
  class space    used 240K, committed 256K, reserved 1048576K
}
Event: 1.215 GC heap after
{Heap after GC invocations=2 (full 0):
 garbage-first heap   total 65536K, used 9868K [0x00000000fc000000, 0x0000000100000000)
  region size 1024K, 3 young (3072K), 3 survivors (3072K)
 Metaspace       used 2388K, committed 2496K, reserved 1114112K
  class space    used 240K, committed 256K, reserved 1048576K
}

Deoptimization events (20 events):
Event: 9.912 Thread 0x0000020cc6575240 DEOPT PACKING pc=0x0000020cd5965b28 sp=0x000000a5130fa370
Event: 9.912 Thread 0x0000020cc6575240 DEOPT UNPACKING pc=0x0000020cd53d23a3 sp=0x000000a5130fa2a8 mode 2
Event: 9.913 Thread 0x0000020cc6575240 Uncommon trap: trap_request=0xffffffc6 fr.pc=0x0000020cd5965b28 relative=0x0000000000000c88
Event: 9.913 Thread 0x0000020cc6575240 Uncommon trap: reason=bimorphic_or_optimized_type_check action=maybe_recompile pc=0x0000020cd5965b28 method=java.util.HashMap.putVal(ILjava/lang/Object;Ljava/lang/Object;ZZ)Ljava/lang/Object; @ 203 c2
Event: 9.913 Thread 0x0000020cc6575240 DEOPT PACKING pc=0x0000020cd5965b28 sp=0x000000a5130fa370
Event: 9.913 Thread 0x0000020cc6575240 DEOPT UNPACKING pc=0x0000020cd53d23a3 sp=0x000000a5130fa2a8 mode 2
Event: 9.913 Thread 0x0000020cc6575240 Uncommon trap: trap_request=0xffffffc6 fr.pc=0x0000020cd5965b28 relative=0x0000000000000c88
Event: 9.913 Thread 0x0000020cc6575240 Uncommon trap: reason=bimorphic_or_optimized_type_check action=maybe_recompile pc=0x0000020cd5965b28 method=java.util.HashMap.putVal(ILjava/lang/Object;Ljava/lang/Object;ZZ)Ljava/lang/Object; @ 203 c2
Event: 9.913 Thread 0x0000020cc6575240 DEOPT PACKING pc=0x0000020cd5965b28 sp=0x000000a5130fa370
Event: 9.913 Thread 0x0000020cc6575240 DEOPT UNPACKING pc=0x0000020cd53d23a3 sp=0x000000a5130fa2a8 mode 2
Event: 9.918 Thread 0x0000020cc6575240 Uncommon trap: trap_request=0xffffffc6 fr.pc=0x0000020cd5965b28 relative=0x0000000000000c88
Event: 9.918 Thread 0x0000020cc6575240 Uncommon trap: reason=bimorphic_or_optimized_type_check action=maybe_recompile pc=0x0000020cd5965b28 method=java.util.HashMap.putVal(ILjava/lang/Object;Ljava/lang/Object;ZZ)Ljava/lang/Object; @ 203 c2
Event: 9.918 Thread 0x0000020cc6575240 DEOPT PACKING pc=0x0000020cd5965b28 sp=0x000000a5130fa370
Event: 9.918 Thread 0x0000020cc6575240 DEOPT UNPACKING pc=0x0000020cd53d23a3 sp=0x000000a5130fa2a8 mode 2
Event: 10.089 Thread 0x0000020cc6575240 DEOPT PACKING pc=0x0000020cce11c6c9 sp=0x000000a5130f8bf0
Event: 10.089 Thread 0x0000020cc6575240 DEOPT UNPACKING pc=0x0000020cd53d2b43 sp=0x000000a5130f8100 mode 0
Event: 38.559 Thread 0x0000020cc6575240 Uncommon trap: trap_request=0xffffffc6 fr.pc=0x0000020cd59aa484 relative=0x00000000000005a4
Event: 38.559 Thread 0x0000020cc6575240 Uncommon trap: reason=bimorphic_or_optimized_type_check action=maybe_recompile pc=0x0000020cd59aa484 method=java.util.concurrent.ConcurrentHashMap.get(Ljava/lang/Object;)Ljava/lang/Object; @ 149 c2
Event: 38.559 Thread 0x0000020cc6575240 DEOPT PACKING pc=0x0000020cd59aa484 sp=0x000000a5130fd2f0
Event: 38.560 Thread 0x0000020cc6575240 DEOPT UNPACKING pc=0x0000020cd53d23a3 sp=0x000000a5130fd290 mode 2

Classes unloaded (0 events):
No events

Classes redefined (0 events):
No events

Internal exceptions (20 events):
Event: 1.726 Thread 0x0000020cc6575240 Exception <a 'java/lang/NoSuchMethodError'{0x00000000ff8355e8}: 'void java.lang.invoke.DelegatingMethodHandle$Holder.delegate(java.lang.Object, java.lang.Object, int, java.lang.Object)'> (0x00000000ff8355e8) 
thrown [s\open\src\hotspot\share\interpreter\linkResolver.cpp, line 759]
Event: 1.732 Thread 0x0000020cc6575240 Exception <a 'java/lang/NoSuchMethodError'{0x00000000ff848c30}: 'java.lang.Object java.lang.invoke.Invokers$Holder.invokeExact_MT(java.lang.Object, java.lang.Object, java.lang.Object, java.lang.Object)'> (0x00000000ff848c30) 
thrown [s\open\src\hotspot\share\interpreter\linkResolver.cpp, line 759]
Event: 1.748 Thread 0x0000020cc6575240 Exception <a 'java/lang/NoSuchMethodError'{0x00000000ff8747c0}: 'java.lang.Object java.lang.invoke.DirectMethodHandle$Holder.invokeVirtual(java.lang.Object, java.lang.Object, java.lang.Object)'> (0x00000000ff8747c0) 
thrown [s\open\src\hotspot\share\interpreter\linkResolver.cpp, line 759]
Event: 1.962 Thread 0x0000020cc6575240 Exception <a 'java/lang/NoSuchMethodError'{0x00000000ff5cc850}: 'java.lang.Object java.lang.invoke.DirectMethodHandle$Holder.newInvokeSpecial(java.lang.Object, java.lang.Object, java.lang.Object, java.lang.Object, java.lang.Object)'> (0x00000000ff5cc850) 
thrown [s\open\src\hotspot\share\interpreter\linkResolver.cpp, line 759]
Event: 2.013 Thread 0x0000020cc6575240 Exception <a 'java/lang/NoSuchMethodError'{0x00000000ff4f0998}: 'void java.lang.invoke.DirectMethodHandle$Holder.invokeSpecial(java.lang.Object, java.lang.Object, java.lang.Object)'> (0x00000000ff4f0998) 
thrown [s\open\src\hotspot\share\interpreter\linkResolver.cpp, line 759]
Event: 2.056 Thread 0x0000020cc6575240 Exception <a 'java/lang/NoSuchMethodError'{0x00000000ff391c30}: 'java.lang.Object java.lang.invoke.DirectMethodHandle$Holder.invokeStaticInit(java.lang.Object, int, int, int, int)'> (0x00000000ff391c30) 
thrown [s\open\src\hotspot\share\interpreter\linkResolver.cpp, line 759]
Event: 2.132 Thread 0x0000020cc6575240 Exception <a 'java/lang/NoSuchMethodError'{0x00000000ff3c3078}: 'java.lang.Object java.lang.invoke.DirectMethodHandle$Holder.invokeStaticInit(java.lang.Object, java.lang.Object, int, int, int, int)'> (0x00000000ff3c3078) 
thrown [s\open\src\hotspot\share\interpreter\linkResolver.cpp, line 759]
Event: 2.147 Thread 0x0000020cc6575240 Exception <a 'java/lang/NoSuchMethodError'{0x00000000ff3f3cf8}: 'int java.lang.invoke.DirectMethodHandle$Holder.invokeStatic(java.lang.Object)'> (0x00000000ff3f3cf8) 
thrown [s\open\src\hotspot\share\interpreter\linkResolver.cpp, line 759]
Event: 2.148 Thread 0x0000020cc6575240 Exception <a 'java/lang/NoSuchMethodError'{0x00000000ff3f7450}: 'int java.lang.invoke.DirectMethodHandle$Holder.invokeStaticInit(java.lang.Object)'> (0x00000000ff3f7450) 
thrown [s\open\src\hotspot\share\interpreter\linkResolver.cpp, line 759]
Event: 2.396 Thread 0x0000020cc6575240 Exception <a 'java/lang/NoSuchMethodError'{0x00000000ff188710}: 'void java.lang.invoke.DirectMethodHandle$Holder.invokeStatic(java.lang.Object, java.lang.Object, java.lang.Object)'> (0x00000000ff188710) 
thrown [s\open\src\hotspot\share\interpreter\linkResolver.cpp, line 759]
Event: 2.527 Thread 0x0000020cc6575240 Exception <a 'java/lang/NoSuchMethodError'{0x00000000fee195e8}: 'java.lang.Object java.lang.invoke.DirectMethodHandle$Holder.newInvokeSpecial(java.lang.Object, java.lang.Object, java.lang.Object, java.lang.Object, java.lang.Object, java.lang.Object, java.lang.Object, java.lang.Object, java.lang.Object, java.lang.Object, java.lang.Object, java.lang.Object, java.lang.Object, java.lang.Object, java.lang.Object, java.lang.Object, java.lang.Object, java.lang.Object, java.lang.Object, java.lang.Object, java.lang
Event: 2.530 Thread 0x0000020cc6575240 Exception <a 'java/lang/NoSuchMethodError'{0x00000000fee25bf0}: 'java.lang.Object java.lang.invoke.Invokers$Holder.linkToTargetMethod(java.lang.Object, java.lang.Object, java.lang.Object, java.lang.Object, java.lang.Object, java.lang.Object, java.lang.Object, java.lang.Object, java.lang.Object, java.lang.Object, java.lang.Object, java.lang.Object, java.lang.Object, java.lang.Object, java.lang.Object, java.lang.Object, java.lang.Object, java.lang.Object, java.lang.Object, java.lang.Object, java.lang.Object,
Event: 2.974 Thread 0x0000020ce4e1b0a0 Exception <a 'java/lang/NoSuchMethodError'{0x00000000fe38dfe8}: 'void java.lang.invoke.DirectMethodHandle$Holder.invokeStatic(java.lang.Object, long)'> (0x00000000fe38dfe8) 
thrown [s\open\src\hotspot\share\interpreter\linkResolver.cpp, line 759]
Event: 2.975 Thread 0x0000020ce4e1b0a0 Exception <a 'java/lang/NoSuchMethodError'{0x00000000fe393940}: 'java.lang.Object java.lang.invoke.DirectMethodHandle$Holder.newInvokeSpecial(java.lang.Object, long)'> (0x00000000fe393940) 
thrown [s\open\src\hotspot\share\interpreter\linkResolver.cpp, line 759]
Event: 2.978 Thread 0x0000020ce4e1b0a0 Exception <a 'java/lang/NoSuchMethodError'{0x00000000fe39e4e8}: 'java.lang.Object java.lang.invoke.DirectMethodHandle$Holder.invokeStaticInit(java.lang.Object, java.lang.Object, long, java.lang.Object)'> (0x00000000fe39e4e8) 
thrown [s\open\src\hotspot\share\interpreter\linkResolver.cpp, line 759]
Event: 2.979 Thread 0x0000020ce4e1b0a0 Exception <a 'java/lang/NoSuchMethodError'{0x00000000fe3a4b70}: 'java.lang.Object java.lang.invoke.DirectMethodHandle$Holder.newInvokeSpecial(java.lang.Object, java.lang.Object, long)'> (0x00000000fe3a4b70) 
thrown [s\open\src\hotspot\share\interpreter\linkResolver.cpp, line 759]
Event: 2.980 Thread 0x0000020ce4e1b0a0 Exception <a 'java/lang/NoSuchMethodError'{0x00000000fe3a8e60}: 'java.lang.Object java.lang.invoke.Invokers$Holder.linkToTargetMethod(java.lang.Object, long, java.lang.Object)'> (0x00000000fe3a8e60) 
thrown [s\open\src\hotspot\share\interpreter\linkResolver.cpp, line 759]
Event: 61.880 Thread 0x0000020cc6575240 Exception <a 'sun/net/ConnectionResetException'{0x00000000fdf4b120}: Connection reset> (0x00000000fdf4b120) 
thrown [s\open\src\hotspot\share\prims\jni.cpp, line 535]
Event: 61.896 Thread 0x0000020cc6575240 Exception <a 'java/lang/NoSuchMethodError'{0x00000000fdf8fdc8}: 'int java.lang.invoke.DirectMethodHandle$Holder.invokeVirtual(java.lang.Object, java.lang.Object)'> (0x00000000fdf8fdc8) 
thrown [s\open\src\hotspot\share\interpreter\linkResolver.cpp, line 759]
Event: 61.898 Thread 0x0000020cc6575240 Exception <a 'java/io/IOException'{0x00000000fdf9b298}: Connection reset by peer> (0x00000000fdf9b298) 
thrown [s\open\src\hotspot\share\prims\jni.cpp, line 535]

VM Operations (20 events):
Event: 26.515 Executing VM operation: Cleanup
Event: 26.515 Executing VM operation: Cleanup done
Event: 27.527 Executing VM operation: Cleanup
Event: 27.527 Executing VM operation: Cleanup done
Event: 37.614 Executing VM operation: Cleanup
Event: 37.614 Executing VM operation: Cleanup done
Event: 39.634 Executing VM operation: Cleanup
Event: 39.634 Executing VM operation: Cleanup done
Event: 40.643 Executing VM operation: Cleanup
Event: 40.643 Executing VM operation: Cleanup done
Event: 42.668 Executing VM operation: Cleanup
Event: 42.668 Executing VM operation: Cleanup done
Event: 45.679 Executing VM operation: Cleanup
Event: 45.679 Executing VM operation: Cleanup done
Event: 60.180 Executing VM operation: HandshakeAllThreads
Event: 60.180 Executing VM operation: HandshakeAllThreads done
Event: 61.925 Executing VM operation: HandshakeAllThreads
Event: 61.925 Executing VM operation: HandshakeAllThreads done
Event: 61.925 Executing VM operation: Cleanup
Event: 61.925 Executing VM operation: Cleanup done

Events (20 events):
Event: 61.883 loading class sun/nio/fs/WindowsSecurityDescriptor
Event: 61.884 loading class sun/nio/fs/WindowsSecurityDescriptor done
Event: 61.884 loading class sun/nio/fs/WindowsChannelFactory
Event: 61.884 loading class sun/nio/fs/WindowsChannelFactory done
Event: 61.884 loading class sun/nio/fs/WindowsChannelFactory$1
Event: 61.884 loading class sun/nio/fs/WindowsChannelFactory$1 done
Event: 61.884 loading class sun/nio/fs/WindowsChannelFactory$Flags
Event: 61.884 loading class sun/nio/fs/WindowsChannelFactory$Flags done
Event: 61.884 loading class sun/nio/fs/WindowsChannelFactory$2
Event: 61.884 loading class sun/nio/fs/WindowsChannelFactory$2 done
Event: 61.885 loading class sun/nio/ch/FileChannelImpl$Closer
Event: 61.885 loading class sun/nio/ch/FileChannelImpl$Closer done
Event: 61.886 loading class java/util/stream/Streams$1
Event: 61.886 loading class java/util/stream/Streams$1 done
Event: 61.892 loading class java/nio/file/FileChannelLinesSpliterator$1
Event: 61.892 loading class java/nio/file/FileChannelLinesSpliterator$1 done
Event: 61.892 loading class java/nio/channels/Channels
Event: 61.892 loading class java/nio/channels/Channels done
Event: 61.899 loading class java/util/concurrent/ConcurrentLinkedQueue$Itr
Event: 61.899 loading class java/util/concurrent/ConcurrentLinkedQueue$Itr done


Dynamic libraries:
0x00007ff7de160000 - 0x00007ff7de170000 	C:\Program Files\Java\jdk-17\bin\java.exe
0x00007ffb2ba10000 - 0x00007ffb2bc08000 	C:\Windows\SYSTEM32\ntdll.dll
0x00007ffb2a550000 - 0x00007ffb2a612000 	C:\Windows\System32\KERNEL32.DLL
0x00007ffb290a0000 - 0x00007ffb29396000 	C:\Windows\System32\KERNELBASE.dll
0x00007ffb29750000 - 0x00007ffb29850000 	C:\Windows\System32\ucrtbase.dll
0x00007ffb23f50000 - 0x00007ffb23f69000 	C:\Program Files\Java\jdk-17\bin\jli.dll
0x00007ffb2b490000 - 0x00007ffb2b541000 	C:\Windows\System32\ADVAPI32.dll
0x00007ffb2ae30000 - 0x00007ffb2aece000 	C:\Windows\System32\msvcrt.dll
0x00007ffb2aa30000 - 0x00007ffb2aacf000 	C:\Windows\System32\sechost.dll
0x00007ffb238e0000 - 0x00007ffb238fb000 	C:\Program Files\Java\jdk-17\bin\VCRUNTIME140.dll
0x00007ffb2a620000 - 0x00007ffb2a740000 	C:\Windows\System32\RPCRT4.dll
0x00007ffb293d0000 - 0x00007ffb293f7000 	C:\Windows\System32\bcrypt.dll
0x00007ffb2b700000 - 0x00007ffb2b8a1000 	C:\Windows\System32\USER32.dll
0x00007ffb293a0000 - 0x00007ffb293c2000 	C:\Windows\System32\win32u.dll
0x00007ffb29c20000 - 0x00007ffb29c4b000 	C:\Windows\System32\GDI32.dll
0x00007ffb29560000 - 0x00007ffb29679000 	C:\Windows\System32\gdi32full.dll
0x00007ffb12c70000 - 0x00007ffb12f0b000 	C:\Windows\WinSxS\amd64_microsoft.windows.common-controls_6595b64144ccf1df_6.0.19041.6456_none_60b8a6cb71f64256\COMCTL32.dll
0x00007ffb29990000 - 0x00007ffb29a2d000 	C:\Windows\System32\msvcp_win.dll
0x00007ffb22890000 - 0x00007ffb2289a000 	C:\Windows\SYSTEM32\VERSION.dll
0x00007ffb29b00000 - 0x00007ffb29b2f000 	C:\Windows\System32\IMM32.DLL
0x00007ffb250a0000 - 0x00007ffb250ac000 	C:\Program Files\Java\jdk-17\bin\vcruntime140_1.dll
0x00007ffb12f90000 - 0x00007ffb1301e000 	C:\Program Files\Java\jdk-17\bin\msvcp140.dll
0x00007ffa9aaa0000 - 0x00007ffa9b681000 	C:\Program Files\Java\jdk-17\bin\server\jvm.dll
0x00007ffb2a540000 - 0x00007ffb2a548000 	C:\Windows\System32\PSAPI.DLL
0x00007ffb03cf0000 - 0x00007ffb03cf9000 	C:\Windows\SYSTEM32\WSOCK32.dll
0x00007ffb0ef60000 - 0x00007ffb0ef87000 	C:\Windows\SYSTEM32\WINMM.dll
0x00007ffb2af50000 - 0x00007ffb2afbb000 	C:\Windows\System32\WS2_32.dll
0x00007ffb26f10000 - 0x00007ffb26f22000 	C:\Windows\SYSTEM32\kernel.appcore.dll
0x00007ffb221c0000 - 0x00007ffb221ca000 	C:\Program Files\Java\jdk-17\bin\jimage.dll
0x00007ffb0efa0000 - 0x00007ffb0f1a1000 	C:\Windows\SYSTEM32\DBGHELP.DLL
0x00007ffb0e8b0000 - 0x00007ffb0e8e4000 	C:\Windows\SYSTEM32\dbgcore.DLL
0x00007ffb29850000 - 0x00007ffb298d2000 	C:\Windows\System32\bcryptPrimitives.dll
0x00007ffb22020000 - 0x00007ffb22045000 	C:\Program Files\Java\jdk-17\bin\java.dll
0x00007ffb02410000 - 0x00007ffb024e7000 	C:\Program Files\Java\jdk-17\bin\jsvml.dll
0x00007ffb29c50000 - 0x00007ffb2a3c0000 	C:\Windows\System32\SHELL32.dll
0x00007ffb27110000 - 0x00007ffb278b5000 	C:\Windows\SYSTEM32\windows.storage.dll
0x00007ffb2aad0000 - 0x00007ffb2ae24000 	C:\Windows\System32\combase.dll
0x00007ffb289f0000 - 0x00007ffb28a1b000 	C:\Windows\SYSTEM32\Wldp.dll
0x00007ffb2a450000 - 0x00007ffb2a51d000 	C:\Windows\System32\OLEAUT32.dll
0x00007ffb2a7a0000 - 0x00007ffb2a84d000 	C:\Windows\System32\SHCORE.dll
0x00007ffb29a90000 - 0x00007ffb29aeb000 	C:\Windows\System32\shlwapi.dll
0x00007ffb28fd0000 - 0x00007ffb28ff4000 	C:\Windows\SYSTEM32\profapi.dll
0x00007ffb23ee0000 - 0x00007ffb23ef9000 	C:\Program Files\Java\jdk-17\bin\net.dll
0x00007ffb20390000 - 0x00007ffb2049a000 	C:\Windows\SYSTEM32\WINHTTP.dll
0x00007ffb28750000 - 0x00007ffb287ba000 	C:\Windows\system32\mswsock.dll
0x00007ffb1ff50000 - 0x00007ffb1ff66000 	C:\Program Files\Java\jdk-17\bin\nio.dll
0x00007ffb1ff30000 - 0x00007ffb1ff48000 	C:\Program Files\Java\jdk-17\bin\zip.dll
0x00007ffb23ed0000 - 0x00007ffb23ee0000 	C:\Program Files\Java\jdk-17\bin\verify.dll
0x00007ffb221b0000 - 0x00007ffb221ba000 	C:\Program Files\Java\jdk-17\bin\management.dll
0x00007ffb22010000 - 0x00007ffb2201b000 	C:\Program Files\Java\jdk-17\bin\management_ext.dll
0x00007ffb08b20000 - 0x00007ffb08b47000 	C:\Users\ACER\.gradle\native\1def1411415f61bf3af743bc5b6707747c0891f09f0c88961ee8f79bc544acac\windows-amd64\native-platform.dll
0x00007ffb28950000 - 0x00007ffb28968000 	C:\Windows\SYSTEM32\CRYPTSP.dll
0x00007ffb28070000 - 0x00007ffb280a8000 	C:\Windows\system32\rsaenh.dll
0x00007ffb28f50000 - 0x00007ffb28f7e000 	C:\Windows\SYSTEM32\USERENV.dll
0x00007ffb28940000 - 0x00007ffb2894c000 	C:\Windows\SYSTEM32\CRYPTBASE.dll
0x00007ffb28430000 - 0x00007ffb2846b000 	C:\Windows\SYSTEM32\IPHLPAPI.DLL
0x00007ffb29b30000 - 0x00007ffb29b38000 	C:\Windows\System32\NSI.dll
0x00007ffb20620000 - 0x00007ffb20637000 	C:\Windows\SYSTEM32\dhcpcsvc6.DLL
0x00007ffb21000000 - 0x00007ffb2101d000 	C:\Windows\SYSTEM32\dhcpcsvc.DLL
0x00007ffb28470000 - 0x00007ffb2853a000 	C:\Windows\SYSTEM32\DNSAPI.dll
0x00007ffb12f70000 - 0x00007ffb12f7e000 	C:\Program Files\Java\jdk-17\bin\sunmscapi.dll
0x00007ffb29400000 - 0x00007ffb2955d000 	C:\Windows\System32\CRYPT32.dll
0x00007ffb28a60000 - 0x00007ffb28a87000 	C:\Windows\SYSTEM32\ncrypt.dll
0x00007ffb28a20000 - 0x00007ffb28a5b000 	C:\Windows\SYSTEM32\NTASN1.dll
0x00007ffb11d70000 - 0x00007ffb11d77000 	C:\Windows\system32\wshunix.dll

dbghelp: loaded successfully - version: 4.0.5 - missing functions: none
symbol engine: initialized successfully - sym options: 0x614 - pdb path: .;C:\Program Files\Java\jdk-17\bin;C:\Windows\SYSTEM32;C:\Windows\WinSxS\amd64_microsoft.windows.common-controls_6595b64144ccf1df_6.0.19041.6456_none_60b8a6cb71f64256;C:\Program Files\Java\jdk-17\bin\server;C:\Users\ACER\.gradle\native\1def1411415f61bf3af743bc5b6707747c0891f09f0c88961ee8f79bc544acac\windows-amd64

VM Arguments:
jvm_args: -Xmx64m -Xms64m -Dorg.gradle.appname=gradlew 
java_command: E:\porteruser\android\\gradle\wrapper\gradle-wrapper.jar -p android clean
java_class_path (initial): E:\porteruser\android\\gradle\wrapper\gradle-wrapper.jar
Launcher Type: SUN_STANDARD

[Global flags]
     intx CICompilerCount                          = 3                                         {product} {ergonomic}
     uint ConcGCThreads                            = 1                                         {product} {ergonomic}
     uint G1ConcRefinementThreads                  = 4                                         {product} {ergonomic}
   size_t G1HeapRegionSize                         = 1048576                                   {product} {ergonomic}
    uintx GCDrainStackTargetSize                   = 64                                        {product} {ergonomic}
   size_t InitialHeapSize                          = 67108864                                  {product} {command line}
   size_t MarkStackSize                            = 4194304                                   {product} {ergonomic}
   size_t MaxHeapSize                              = 67108864                                  {product} {command line}
   size_t MaxNewSize                               = 39845888                                  {product} {ergonomic}
   size_t MinHeapDeltaBytes                        = 1048576                                   {product} {ergonomic}
   size_t MinHeapSize                              = 67108864                                  {product} {command line}
    uintx NonNMethodCodeHeapSize                   = 5832780                                {pd product} {ergonomic}
    uintx NonProfiledCodeHeapSize                  = 122912730                              {pd product} {ergonomic}
    uintx ProfiledCodeHeapSize                     = 122912730                              {pd product} {ergonomic}
    uintx ReservedCodeCacheSize                    = 251658240                              {pd product} {ergonomic}
     bool SegmentedCodeCache                       = true                                      {product} {ergonomic}
   size_t SoftMaxHeapSize                          = 67108864                               {manageable} {ergonomic}
     bool UseCompressedClassPointers               = true                           {product lp64_product} {ergonomic}
     bool UseCompressedOops                        = true                           {product lp64_product} {ergonomic}
     bool UseG1GC                                  = true                                      {product} {ergonomic}
     bool UseLargePagesIndividualAllocation        = false                                  {pd product} {ergonomic}

Logging:
Log output configuration:
 #0: stdout all=warning uptime,level,tags
 #1: stderr all=off uptime,level,tags

Environment Variables:
JAVA_HOME=C:\Program Files\Java\jdk-17
PATH=C:\Program Files\Common Files\Oracle\Java\javapath;C:\Program Files\Java\jdk-17\bin;C:\Windows\System32\Wbem;C:\Windows\System32\WindowsPowerShell\v1.0\;C:\Windows\System32\OpenSSH\;D:\xampp\htdocs\codewithharry;C:\Program Files\Git\cmd;D:\MinGW\bin\apache-maven-3.9.6;C:\apache-maven-3.9.6\bin;C:\Program Files\MongoDB\mongosh-2.3.0-win32-x64\bin;C:\Program Files\PuTTY\;C:\Program Files\MongoDB\Server\7.0\bin;C:\gradle\gradle-8.14\bin;C:\Program Files\WireGuard\;C:\Program Files\nodejs\;C:\Program Files\MySQL\MySQL Server 8.0\bin;C:\Users\ACER\.local\bin;C:\Windows\system32;C:\Windows;c:\Users\ACER\AppData\Local\Programs\cursor\resources\app\codeBin;C:\Users\ACER\AppData\Local\Programs\Python\Python313\Scripts\;C:\Users\ACER\AppData\Local\Programs\Python\Python313\;C:\Users\ACER\AppData\Local\Programs\Python\Launcher\;C:\Users\ACER\.local\bin;C:\Program Files\MySQL\MySQL Shell 8.0\bin\;C:\Users\ACER\AppData\Local\Microsoft\WindowsApps;C:\Users\ACER\AppData\Local\Programs\Microsoft VS Code\bin;C:\Program Files\MongoDB\Server\7.0\bin;C:\Users\ACER\AppData\Local\Programs\cursor\resources\app\bin;C:\Users\ACER\AppData\Local\Programs\Antigravity\bin;C:\Users\ACER\AppData\Roaming\npm;E:\futter-dev\sdk\flutter\bin;C:\Users\ACER\AppData\Local\Android\Sdk\platform-tools;C:\Users\ACER\AppData\Local\Android\Sdk\cmdline-tools\latest\bin;
USERNAME=ACER
OS=Windows_NT
PROCESSOR_IDENTIFIER=Intel64 Family 6 Model 142 Stepping 9, GenuineIntel



---------------  S Y S T E M  ---------------

OS:
 Windows 10 , 64 bit Build 19041 (10.0.19041.5915)
OS uptime: 0 days 3:59 hours

CPU: total 4 (initial active 4) (2 cores per cpu, 2 threads per core) family 6 model 142 stepping 9 microcode 0xb4, cx8, cmov, fxsr, ht, mmx, 3dnowpref, sse, sse2, sse3, ssse3, sse4.1, sse4.2, popcnt, lzcnt, tsc, tscinvbit, avx, avx2, aes, erms, clmul, bmi1, bmi2, adx, fma, vzeroupper, clflush, clflushopt

Memory: 4k page, system-wide physical 12165M (556M free)
TotalPageFile size 20357M (AvailPageFile size 0M)
current process WorkingSet (physical memory assigned to process): 98M, peak: 100M
current process commit charge ("private bytes"): 157M, peak: 161M

vm_info: Java HotSpot(TM) 64-Bit Server VM (17.0.13+10-LTS-268) for windows-amd64 JRE (17.0.13+10-LTS-268), built on Sep 30 2024 06:33:13 by "mach5one" with MS VC++ 17.6 (VS2022)

END.
