#
# There is insufficient memory for the Java Runtime Environment to continue.
# Native memory allocation (malloc) failed to allocate 2286784 bytes. Error detail: Chunk::new
# Possible reasons:
#   The system is out of physical RAM or swap space
#   This process is running with CompressedOops enabled, and the Java Heap may be blocking the growth of the native heap
# Possible solutions:
#   Reduce memory load on the system
#   Increase physical memory or swap space
#   Check if swap backing store is full
#   Decrease Java heap size (-Xmx/-Xms)
#   Decrease number of Java threads
#   Decrease Java thread stack sizes (-Xss)
#   Set larger code cache with -XX:ReservedCodeCacheSize=
#   JVM is running with Zero Based Compressed Oops mode in which the Java heap is
#     placed in the first 32GB address space. The Java Heap base address is the
#     maximum limit for the native heap growth. Please use -XX:HeapBaseMinAddress
#     to set the Java Heap base and to place the Java Heap above 32GB virtual address.
# This output file may be truncated or incomplete.
#
#  Out of Memory Error (arena.cpp:168), pid=1808, tid=16232
#
# JRE version: OpenJDK Runtime Environment Temurin-21.0.10+7 (21.0.10+7) (build 21.0.10+7-LTS)
# Java VM: OpenJDK 64-Bit Server VM Temurin-21.0.10+7 (21.0.10+7-LTS, mixed mode, sharing, tiered, compressed oops, compressed class ptrs, g1 gc, windows-amd64)
# No core dump will be written. Minidumps are not enabled by default on client versions of Windows
#

---------------  S U M M A R Y ------------

Command Line: org.jetbrains.kotlin.cli.jvm.K2JVMCompiler @E:\porteruser\node_modules\@react-native\gradle-plugin\react-native-gradle-plugin\build\20260429_8694732225765017626.compiler.options

Host: Intel(R) Core(TM) i3-7100U CPU @ 2.40GHz, 4 cores, 11G,  Windows 10 , 64 bit Build 19041 (10.0.19041.5915)
Time: Wed Apr 29 16:51:11 2026 India Standard Time elapsed time: 11.063222 seconds (0d 0h 0m 11s)

---------------  T H R E A D  ---------------

Current thread (0x000001aa8f4680e0):  JavaThread "C2 CompilerThread1" daemon [_thread_in_native, id=16232, stack(0x0000003519100000,0x0000003519200000) (1024K)]


Current CompileTask:
C2:11063 8047   !   4       org.jetbrains.kotlin.metadata.ProtoBuf$Function::<init> (1508 bytes)

Stack: [0x0000003519100000,0x0000003519200000]
Native frames: (J=compiled Java code, j=interpreted, Vv=VM code, C=native code)
V  [jvm.dll+0x6d7a39]
V  [jvm.dll+0x8b4b26]
V  [jvm.dll+0x8b70de]
V  [jvm.dll+0x8b77c3]
V  [jvm.dll+0x284346]
V  [jvm.dll+0xc66ed]
V  [jvm.dll+0xc6c31]
V  [jvm.dll+0x3bec3b]
V  [jvm.dll+0x38b162]
V  [jvm.dll+0x38a5aa]
V  [jvm.dll+0x24c560]
V  [jvm.dll+0x24bb40]
V  [jvm.dll+0x1cb34e]
V  [jvm.dll+0x25b85d]
V  [jvm.dll+0x259dea]
V  [jvm.dll+0x3f857e]
V  [jvm.dll+0x85f59d]
V  [jvm.dll+0x6d626d]
C  [ucrtbase.dll+0x21bb2]
C  [KERNEL32.DLL+0x17374]
C  [ntdll.dll+0x4cc91]


---------------  P R O C E S S  ---------------

Threads class SMR info:
_java_thread_list=0x000001aa8f179fe0, length=12, elements={
0x000001aa928ffb70, 0x000001aaacda3d90, 0x000001aaacda5cc0, 0x000001aaacdaa4d0,
0x000001aaacdab5c0, 0x000001aaacdae030, 0x000001aaacdaea90, 0x000001aaacdc0990,
0x000001aaacde3450, 0x000001aaf20d93a0, 0x000001aaf20dca30, 0x000001aa8f4680e0
}

Java Threads: ( => current thread )
  0x000001aa928ffb70 JavaThread "main"                              [_thread_in_Java, id=14640, stack(0x0000003517f00000,0x0000003518000000) (1024K)]
  0x000001aaacda3d90 JavaThread "Reference Handler"          daemon [_thread_blocked, id=19612, stack(0x0000003518700000,0x0000003518800000) (1024K)]
  0x000001aaacda5cc0 JavaThread "Finalizer"                  daemon [_thread_blocked, id=11280, stack(0x0000003518800000,0x0000003518900000) (1024K)]
  0x000001aaacdaa4d0 JavaThread "Signal Dispatcher"          daemon [_thread_blocked, id=14032, stack(0x0000003518900000,0x0000003518a00000) (1024K)]
  0x000001aaacdab5c0 JavaThread "Attach Listener"            daemon [_thread_blocked, id=9368, stack(0x0000003518a00000,0x0000003518b00000) (1024K)]
  0x000001aaacdae030 JavaThread "Service Thread"             daemon [_thread_blocked, id=20000, stack(0x0000003518b00000,0x0000003518c00000) (1024K)]
  0x000001aaacdaea90 JavaThread "Monitor Deflation Thread"   daemon [_thread_blocked, id=6432, stack(0x0000003518c00000,0x0000003518d00000) (1024K)]
  0x000001aaacdc0990 JavaThread "C2 CompilerThread0"         daemon [_thread_in_native, id=980, stack(0x0000003518d00000,0x0000003518e00000) (1024K)]
  0x000001aaacde3450 JavaThread "C1 CompilerThread0"         daemon [_thread_blocked, id=20456, stack(0x0000003518e00000,0x0000003518f00000) (1024K)]
  0x000001aaf20d93a0 JavaThread "Notification Thread"        daemon [_thread_blocked, id=14056, stack(0x0000003518f00000,0x0000003519000000) (1024K)]
  0x000001aaf20dca30 JavaThread "Common-Cleaner"             daemon [_thread_blocked, id=17752, stack(0x0000003519000000,0x0000003519100000) (1024K)]
=>0x000001aa8f4680e0 JavaThread "C2 CompilerThread1"         daemon [_thread_in_native, id=16232, stack(0x0000003519100000,0x0000003519200000) (1024K)]
Total: 12

Other Threads:
  0x000001aaacd88770 VMThread "VM Thread"                           [id=15192, stack(0x0000003518600000,0x0000003518700000) (1024K)]
  0x000001aaacd78400 WatcherThread "VM Periodic Task Thread"        [id=8200, stack(0x0000003518500000,0x0000003518600000) (1024K)]
  0x000001aa94bc2e30 WorkerThread "GC Thread#0"                     [id=18076, stack(0x0000003518000000,0x0000003518100000) (1024K)]
  0x000001aaf253a3b0 WorkerThread "GC Thread#1"                     [id=4672, stack(0x0000003519200000,0x0000003519300000) (1024K)]
  0x000001aaf253c770 WorkerThread "GC Thread#2"                     [id=11076, stack(0x0000003519300000,0x0000003519400000) (1024K)]
  0x000001aaf253cf30 WorkerThread "GC Thread#3"                     [id=18012, stack(0x0000003519400000,0x0000003519500000) (1024K)]
  0x000001aa94bcfc30 ConcurrentGCThread "G1 Main Marker"            [id=5408, stack(0x0000003518100000,0x0000003518200000) (1024K)]
  0x000001aa94bd08f0 WorkerThread "G1 Conc#0"                       [id=8288, stack(0x0000003518200000,0x0000003518300000) (1024K)]
  0x000001aaacc510a0 ConcurrentGCThread "G1 Refine#0"               [id=6356, stack(0x0000003518300000,0x0000003518400000) (1024K)]
  0x000001aa94c358c0 ConcurrentGCThread "G1 Service"                [id=18892, stack(0x0000003518400000,0x0000003518500000) (1024K)]
Total: 10

Threads with active compile tasks:
C2 CompilerThread0  11094 7818   !   4       jdk.internal.loader.BuiltinClassLoader::findClassOnClassPathOrNull (64 bytes)
C1 CompilerThread0  11094 8187       3       org.jetbrains.kotlin.fir.java.scopes.JavaClassStaticEnhancementScope::processFunctionsByName (29 bytes)
C2 CompilerThread1  11094 8047   !   4       org.jetbrains.kotlin.metadata.ProtoBuf$Function::<init> (1508 bytes)
Total: 3

VM state: not at safepoint (normal execution)

VM Mutex/Monitor currently owned by a thread: None

Heap address: 0x0000000741e00000, size: 3042 MB, Compressed Oops mode: Zero based, Oop shift amount: 3

CDS archive(s) mapped at: [0x000001aaad000000-0x000001aaadba0000-0x000001aaadba0000), size 12189696, SharedBaseAddress: 0x000001aaad000000, ArchiveRelocationMode: 1.
Compressed class space mapped at: 0x000001aaae000000-0x000001aaee000000, reserved size: 1073741824
Narrow klass base: 0x000001aaad000000, Narrow klass shift: 0, Narrow klass range: 0x100000000

GC Precious Log:
 CardTable entry size: 512
 Card Set container configuration: InlinePtr #cards 4 size 8 Array Of Cards #cards 16 size 48 Howl #buckets 8 coarsen threshold 3686 Howl Bitmap #cards 512 size 80 coarsen threshold 460 Card regions per heap region 1 cards per card region 4096
 CPUs: 4 total, 4 available
 Memory: 12165M
 Large Page Support: Disabled
 NUMA Support: Disabled
 Compressed Oops: Enabled (Zero based)
 Heap Region Size: 2M
 Heap Min Capacity: 8M
 Heap Initial Capacity: 192M
 Heap Max Capacity: 3042M
 Pre-touch: Disabled
 Parallel Workers: 4
 Concurrent Workers: 1
 Concurrent Refinement Workers: 4
 Periodic GC: Disabled

Heap:
 garbage-first heap   total 157696K, used 107436K [0x0000000741e00000, 0x0000000800000000)
  region size 2048K, 19 young (38912K), 4 survivors (8192K)
 Metaspace       used 51116K, committed 51456K, reserved 1114112K
  class space    used 5833K, committed 5952K, reserved 1048576K

Heap Regions: E=young(eden), S=young(survivor), O=old, HS=humongous(starts), HC=humongous(continues), CS=collection set, F=free, TAMS=top-at-mark-start, PB=parsable bottom
|   0|0x0000000741e00000, 0x0000000742000000, 0x0000000742000000|100%|HS|  |TAMS 0x0000000741e00000| PB 0x0000000741e00000| Complete 
|   1|0x0000000742000000, 0x0000000742200000, 0x0000000742200000|100%|HC|  |TAMS 0x0000000742000000| PB 0x0000000742000000| Complete 
|   2|0x0000000742200000, 0x0000000742400000, 0x0000000742400000|100%| O|  |TAMS 0x0000000742200000| PB 0x0000000742200000| Untracked 
|   3|0x0000000742400000, 0x0000000742600000, 0x0000000742600000|100%| O|  |TAMS 0x0000000742400000| PB 0x0000000742400000| Untracked 
|   4|0x0000000742600000, 0x0000000742800000, 0x0000000742800000|100%| O|  |TAMS 0x0000000742600000| PB 0x0000000742600000| Untracked 
|   5|0x0000000742800000, 0x0000000742a00000, 0x0000000742a00000|100%| O|  |TAMS 0x0000000742800000| PB 0x0000000742800000| Untracked 
|   6|0x0000000742a00000, 0x0000000742c00000, 0x0000000742c00000|100%| O|  |TAMS 0x0000000742a00000| PB 0x0000000742a00000| Untracked 
|   7|0x0000000742c00000, 0x0000000742e00000, 0x0000000742e00000|100%| O|  |TAMS 0x0000000742c00000| PB 0x0000000742c00000| Untracked 
|   8|0x0000000742e00000, 0x0000000743000000, 0x0000000743000000|100%| O|  |TAMS 0x0000000742e00000| PB 0x0000000742e00000| Untracked 
|   9|0x0000000743000000, 0x0000000743200000, 0x0000000743200000|100%| O|  |TAMS 0x0000000743000000| PB 0x0000000743000000| Untracked 
|  10|0x0000000743200000, 0x0000000743400000, 0x0000000743400000|100%| O|  |TAMS 0x0000000743200000| PB 0x0000000743200000| Untracked 
|  11|0x0000000743400000, 0x0000000743600000, 0x0000000743600000|100%| O|  |TAMS 0x0000000743400000| PB 0x0000000743400000| Untracked 
|  12|0x0000000743600000, 0x0000000743800000, 0x0000000743800000|100%| O|  |TAMS 0x0000000743600000| PB 0x0000000743600000| Untracked 
|  13|0x0000000743800000, 0x0000000743a00000, 0x0000000743a00000|100%| O|  |TAMS 0x0000000743800000| PB 0x0000000743800000| Untracked 
|  14|0x0000000743a00000, 0x0000000743c00000, 0x0000000743c00000|100%| O|  |TAMS 0x0000000743a00000| PB 0x0000000743a00000| Untracked 
|  15|0x0000000743c00000, 0x0000000743e00000, 0x0000000743e00000|100%| O|  |TAMS 0x0000000743c00000| PB 0x0000000743c00000| Untracked 
|  16|0x0000000743e00000, 0x0000000744000000, 0x0000000744000000|100%| O|  |TAMS 0x0000000743e00000| PB 0x0000000743e00000| Untracked 
|  17|0x0000000744000000, 0x0000000744200000, 0x0000000744200000|100%| O|  |TAMS 0x0000000744000000| PB 0x0000000744000000| Untracked 
|  18|0x0000000744200000, 0x0000000744400000, 0x0000000744400000|100%| O|  |TAMS 0x0000000744200000| PB 0x0000000744200000| Untracked 
|  19|0x0000000744400000, 0x0000000744600000, 0x0000000744600000|100%| O|  |TAMS 0x0000000744400000| PB 0x0000000744400000| Untracked 
|  20|0x0000000744600000, 0x0000000744800000, 0x0000000744800000|100%| O|  |TAMS 0x0000000744600000| PB 0x0000000744600000| Untracked 
|  21|0x0000000744800000, 0x0000000744a00000, 0x0000000744a00000|100%| O|  |TAMS 0x0000000744800000| PB 0x0000000744800000| Untracked 
|  22|0x0000000744a00000, 0x0000000744c00000, 0x0000000744c00000|100%| O|  |TAMS 0x0000000744a00000| PB 0x0000000744a00000| Untracked 
|  23|0x0000000744c00000, 0x0000000744e00000, 0x0000000744e00000|100%| O|  |TAMS 0x0000000744c00000| PB 0x0000000744c00000| Untracked 
|  24|0x0000000744e00000, 0x0000000745000000, 0x0000000745000000|100%| O|  |TAMS 0x0000000744e00000| PB 0x0000000744e00000| Untracked 
|  25|0x0000000745000000, 0x0000000745200000, 0x0000000745200000|100%| O|  |TAMS 0x0000000745000000| PB 0x0000000745000000| Untracked 
|  26|0x0000000745200000, 0x0000000745400000, 0x0000000745400000|100%| O|  |TAMS 0x0000000745200000| PB 0x0000000745200000| Untracked 
|  27|0x0000000745400000, 0x0000000745600000, 0x0000000745600000|100%| O|  |TAMS 0x0000000745400000| PB 0x0000000745400000| Untracked 
|  28|0x0000000745600000, 0x0000000745800000, 0x0000000745800000|100%| O|  |TAMS 0x0000000745600000| PB 0x0000000745600000| Untracked 
|  29|0x0000000745800000, 0x0000000745a00000, 0x0000000745a00000|100%| O|  |TAMS 0x0000000745800000| PB 0x0000000745800000| Untracked 
|  30|0x0000000745a00000, 0x0000000745c00000, 0x0000000745c00000|100%| O|  |TAMS 0x0000000745a00000| PB 0x0000000745a00000| Untracked 
|  31|0x0000000745c00000, 0x0000000745e00000, 0x0000000745e00000|100%| O|  |TAMS 0x0000000745c00000| PB 0x0000000745c00000| Untracked 
|  32|0x0000000745e00000, 0x0000000746000000, 0x0000000746000000|100%| O|  |TAMS 0x0000000745e00000| PB 0x0000000745e00000| Untracked 
|  33|0x0000000746000000, 0x0000000746200000, 0x0000000746200000|100%| O|  |TAMS 0x0000000746000000| PB 0x0000000746000000| Untracked 
|  34|0x0000000746200000, 0x00000007462eb110, 0x0000000746400000| 45%| O|  |TAMS 0x0000000746200000| PB 0x0000000746200000| Untracked 
|  35|0x0000000746400000, 0x0000000746400000, 0x0000000746600000|  0%| F|  |TAMS 0x0000000746400000| PB 0x0000000746400000| Untracked 
|  36|0x0000000746600000, 0x0000000746600000, 0x0000000746800000|  0%| F|  |TAMS 0x0000000746600000| PB 0x0000000746600000| Untracked 
|  37|0x0000000746800000, 0x0000000746800000, 0x0000000746a00000|  0%| F|  |TAMS 0x0000000746800000| PB 0x0000000746800000| Untracked 
|  38|0x0000000746a00000, 0x0000000746a00000, 0x0000000746c00000|  0%| F|  |TAMS 0x0000000746a00000| PB 0x0000000746a00000| Untracked 
|  39|0x0000000746c00000, 0x0000000746c00000, 0x0000000746e00000|  0%| F|  |TAMS 0x0000000746c00000| PB 0x0000000746c00000| Untracked 
|  40|0x0000000746e00000, 0x0000000746e00000, 0x0000000747000000|  0%| F|  |TAMS 0x0000000746e00000| PB 0x0000000746e00000| Untracked 
|  41|0x0000000747000000, 0x0000000747000000, 0x0000000747200000|  0%| F|  |TAMS 0x0000000747000000| PB 0x0000000747000000| Untracked 
|  42|0x0000000747200000, 0x0000000747200000, 0x0000000747400000|  0%| F|  |TAMS 0x0000000747200000| PB 0x0000000747200000| Untracked 
|  43|0x0000000747400000, 0x0000000747400000, 0x0000000747600000|  0%| F|  |TAMS 0x0000000747400000| PB 0x0000000747400000| Untracked 
|  44|0x0000000747600000, 0x0000000747600000, 0x0000000747800000|  0%| F|  |TAMS 0x0000000747600000| PB 0x0000000747600000| Untracked 
|  45|0x0000000747800000, 0x0000000747800000, 0x0000000747a00000|  0%| F|  |TAMS 0x0000000747800000| PB 0x0000000747800000| Untracked 
|  46|0x0000000747a00000, 0x0000000747a00000, 0x0000000747c00000|  0%| F|  |TAMS 0x0000000747a00000| PB 0x0000000747a00000| Untracked 
|  47|0x0000000747c00000, 0x0000000747e00000, 0x0000000747e00000|100%| S|CS|TAMS 0x0000000747c00000| PB 0x0000000747c00000| Complete 
|  48|0x0000000747e00000, 0x0000000748000000, 0x0000000748000000|100%| S|CS|TAMS 0x0000000747e00000| PB 0x0000000747e00000| Complete 
|  49|0x0000000748000000, 0x0000000748200000, 0x0000000748200000|100%| S|CS|TAMS 0x0000000748000000| PB 0x0000000748000000| Complete 
|  50|0x0000000748200000, 0x0000000748400000, 0x0000000748400000|100%| S|CS|TAMS 0x0000000748200000| PB 0x0000000748200000| Complete 
|  51|0x0000000748400000, 0x0000000748400000, 0x0000000748600000|  0%| F|  |TAMS 0x0000000748400000| PB 0x0000000748400000| Untracked 
|  52|0x0000000748600000, 0x0000000748600000, 0x0000000748800000|  0%| F|  |TAMS 0x0000000748600000| PB 0x0000000748600000| Untracked 
|  53|0x0000000748800000, 0x0000000748800000, 0x0000000748a00000|  0%| F|  |TAMS 0x0000000748800000| PB 0x0000000748800000| Untracked 
|  54|0x0000000748a00000, 0x0000000748a00000, 0x0000000748c00000|  0%| F|  |TAMS 0x0000000748a00000| PB 0x0000000748a00000| Untracked 
|  55|0x0000000748c00000, 0x0000000748c00000, 0x0000000748e00000|  0%| F|  |TAMS 0x0000000748c00000| PB 0x0000000748c00000| Untracked 
|  56|0x0000000748e00000, 0x0000000748e00000, 0x0000000749000000|  0%| F|  |TAMS 0x0000000748e00000| PB 0x0000000748e00000| Untracked 
|  57|0x0000000749000000, 0x0000000749000000, 0x0000000749200000|  0%| F|  |TAMS 0x0000000749000000| PB 0x0000000749000000| Untracked 
|  58|0x0000000749200000, 0x0000000749200000, 0x0000000749400000|  0%| F|  |TAMS 0x0000000749200000| PB 0x0000000749200000| Untracked 
|  59|0x0000000749400000, 0x0000000749400000, 0x0000000749600000|  0%| F|  |TAMS 0x0000000749400000| PB 0x0000000749400000| Untracked 
|  60|0x0000000749600000, 0x0000000749600000, 0x0000000749800000|  0%| F|  |TAMS 0x0000000749600000| PB 0x0000000749600000| Untracked 
|  61|0x0000000749800000, 0x0000000749800000, 0x0000000749a00000|  0%| F|  |TAMS 0x0000000749800000| PB 0x0000000749800000| Untracked 
|  62|0x0000000749a00000, 0x0000000749bf8ed0, 0x0000000749c00000| 98%| E|  |TAMS 0x0000000749a00000| PB 0x0000000749a00000| Complete 
|  63|0x0000000749c00000, 0x0000000749e00000, 0x0000000749e00000|100%| E|CS|TAMS 0x0000000749c00000| PB 0x0000000749c00000| Complete 
|  64|0x0000000749e00000, 0x000000074a000000, 0x000000074a000000|100%| E|CS|TAMS 0x0000000749e00000| PB 0x0000000749e00000| Complete 
|  65|0x000000074a000000, 0x000000074a200000, 0x000000074a200000|100%| E|CS|TAMS 0x000000074a000000| PB 0x000000074a000000| Complete 
|  66|0x000000074a200000, 0x000000074a400000, 0x000000074a400000|100%| E|CS|TAMS 0x000000074a200000| PB 0x000000074a200000| Complete 
|  67|0x000000074a400000, 0x000000074a600000, 0x000000074a600000|100%| E|CS|TAMS 0x000000074a400000| PB 0x000000074a400000| Complete 
|  68|0x000000074a600000, 0x000000074a800000, 0x000000074a800000|100%| E|CS|TAMS 0x000000074a600000| PB 0x000000074a600000| Complete 
|  69|0x000000074a800000, 0x000000074aa00000, 0x000000074aa00000|100%| E|CS|TAMS 0x000000074a800000| PB 0x000000074a800000| Complete 
|  70|0x000000074aa00000, 0x000000074ac00000, 0x000000074ac00000|100%| E|CS|TAMS 0x000000074aa00000| PB 0x000000074aa00000| Complete 
|  71|0x000000074ac00000, 0x000000074ae00000, 0x000000074ae00000|100%| E|CS|TAMS 0x000000074ac00000| PB 0x000000074ac00000| Complete 
|  72|0x000000074ae00000, 0x000000074b000000, 0x000000074b000000|100%| E|CS|TAMS 0x000000074ae00000| PB 0x000000074ae00000| Complete 
|  73|0x000000074b000000, 0x000000074b200000, 0x000000074b200000|100%| E|CS|TAMS 0x000000074b000000| PB 0x000000074b000000| Complete 
|  74|0x000000074b200000, 0x000000074b400000, 0x000000074b400000|100%| E|CS|TAMS 0x000000074b200000| PB 0x000000074b200000| Complete 
|  75|0x000000074b400000, 0x000000074b600000, 0x000000074b600000|100%| E|CS|TAMS 0x000000074b400000| PB 0x000000074b400000| Complete 
|  95|0x000000074dc00000, 0x000000074de00000, 0x000000074de00000|100%| E|CS|TAMS 0x000000074dc00000| PB 0x000000074dc00000| Complete 

Card table byte_map: [0x000001aaa7380000,0x000001aaa7980000] _byte_map_base: 0x000001aaa3971000

Marking Bits: (CMBitMap*) 0x000001aa94bc3540
 Bits: [0x000001aaa7980000, 0x000001aaaa908000)

Polling page: 0x000001aa928c0000

Metaspace:

Usage:
  Non-class:     44.22 MB used.
      Class:      5.70 MB used.
       Both:     49.92 MB used.

Virtual space:
  Non-class space:       64.00 MB reserved,      44.44 MB ( 69%) committed,  1 nodes.
      Class space:        1.00 GB reserved,       5.81 MB ( <1%) committed,  1 nodes.
             Both:        1.06 GB reserved,      50.25 MB (  5%) committed. 

Chunk freelists:
   Non-Class:  2.64 MB
       Class:  10.19 MB
        Both:  12.83 MB

MaxMetaspaceSize: unlimited
CompressedClassSpaceSize: 1.00 GB
Initial GC threshold: 21.00 MB
Current GC threshold: 60.31 MB
CDS: on
 - commit_granule_bytes: 65536.
 - commit_granule_words: 8192.
 - virtual_space_node_default_size: 8388608.
 - enlarge_chunks_in_place: 1.
 - use_allocation_guard: 0.


Internal statistics:

num_allocs_failed_limit: 12.
num_arena_births: 328.
num_arena_deaths: 0.
num_vsnodes_births: 2.
num_vsnodes_deaths: 0.
num_space_committed: 802.
num_space_uncommitted: 0.
num_chunks_returned_to_freelist: 12.
num_chunks_taken_from_freelist: 2099.
num_chunk_merges: 12.
num_chunk_splits: 1706.
num_chunks_enlarged: 1533.
num_inconsistent_stats: 0.

CodeHeap 'non-profiled nmethods': size=120000Kb used=4115Kb max_used=4115Kb free=115884Kb
 bounds [0x000001aa9f850000, 0x000001aa9fc60000, 0x000001aaa6d80000]
CodeHeap 'profiled nmethods': size=120000Kb used=23969Kb max_used=23969Kb free=96030Kb
 bounds [0x000001aa97d80000, 0x000001aa994f0000, 0x000001aa9f2b0000]
CodeHeap 'non-nmethods': size=5760Kb used=1564Kb max_used=1640Kb free=4195Kb
 bounds [0x000001aa9f2b0000, 0x000001aa9f520000, 0x000001aa9f850000]
CodeCache: size=245760Kb, used=29648Kb, max_used=29724Kb, free=216109Kb
 total_blobs=8563, nmethods=7865, adapters=600, full_count=0
Compilation: enabled, stopped_count=0, restarted_count=0

Compilation events (20 events):
Event: 11.049 Thread 0x000001aaacde3450 nmethod 8160 0x000001aa994ce910 code [0x000001aa994ceb60, 0x000001aa994cf2e8]
Event: 11.050 Thread 0x000001aaacde3450 8161       3       org.jetbrains.kotlin.fir.symbols.impl.FirClassLikeSymbol::getRawStatus (11 bytes)
Event: 11.050 Thread 0x000001aaacde3450 nmethod 8161 0x000001aa994cf610 code [0x000001aa994cf7e0, 0x000001aa994cfad8]
Event: 11.050 Thread 0x000001aaacde3450 8162       3       jdk.internal.jrtfs.JrtFileSystemProvider::toJrtPath (27 bytes)
Event: 11.051 Thread 0x000001aaacde3450 nmethod 8162 0x000001aa994cfc10 code [0x000001aa994cfe00, 0x000001aa994d0340]
Event: 11.051 Thread 0x000001aaacde3450 8163       3       org.jetbrains.kotlin.cli.jvm.index.SingleJavaFileRootsIndex::findJavaSourceClass (121 bytes)
Event: 11.052 Thread 0x000001aaacde3450 nmethod 8163 0x000001aa994d0510 code [0x000001aa994d0800, 0x000001aa994d17b8]
Event: 11.054 Thread 0x000001aaacde3450 8164       3       org.jetbrains.kotlin.fir.java.enhancement.FirSignatureEnhancement$$Lambda/0x000001aaae510e68::invoke (16 bytes)
Event: 11.054 Thread 0x000001aaacde3450 nmethod 8164 0x000001aa994d1d10 code [0x000001aa994d1ec0, 0x000001aa994d2108]
Event: 11.054 Thread 0x000001aaacde3450 8166       3       org.jetbrains.kotlin.fir.java.enhancement.FirSignatureEnhancement::getContextQualifiers (15 bytes)
Event: 11.054 Thread 0x000001aaacde3450 nmethod 8166 0x000001aa994d2210 code [0x000001aa994d23c0, 0x000001aa994d2690]
Event: 11.054 Thread 0x000001aaacde3450 8165       3       org.jetbrains.kotlin.fir.java.enhancement.FirSignatureEnhancement::enhanceMethod$lambda$9 (25 bytes)
Event: 11.055 Thread 0x000001aaacde3450 nmethod 8165 0x000001aa994d2790 code [0x000001aa994d29c0, 0x000001aa994d3020]
Event: 11.056 Thread 0x000001aaacde3450 8168       3       org.jetbrains.kotlin.fir.scopes.FirCompositeScope::processClassifiersByNameWithSubstitution (53 bytes)
Event: 11.057 Thread 0x000001aaacde3450 nmethod 8168 0x000001aa994d3310 code [0x000001aa994d3600, 0x000001aa994d4508]
Event: 11.057 Thread 0x000001aaacde3450 8167       3       org.jetbrains.kotlin.fir.scopes.FirNameAwareCompositeScope::processClassifiersByNameWithSubstitution (22 bytes)
Event: 11.058 Thread 0x000001aaacde3450 nmethod 8167 0x000001aa994d4a10 code [0x000001aa994d4cc0, 0x000001aa994d5738]
Event: 11.060 Thread 0x000001aaacde3450 8169       3       org.jetbrains.kotlin.fir.resolve.providers.FirCachedSymbolNamesProvider::getTopLevelClassifierNamesInPackage (38 bytes)
Event: 11.061 Thread 0x000001aaacde3450 nmethod 8169 0x000001aa994d5b10 code [0x000001aa994d5d80, 0x000001aa994d6680]
Event: 11.061 Thread 0x000001aaacde3450 8170       3       org.jetbrains.kotlin.fir.resolve.providers.FirCachedSymbolNamesProvider::getPackageNamesWithTopLevelClassifiers (5 bytes)

GC Heap History (20 events):
Event: 0.456 GC heap before
{Heap before GC invocations=0 (full 0):
 garbage-first heap   total 196608K, used 16384K [0x0000000741e00000, 0x0000000800000000)
  region size 2048K, 6 young (12288K), 0 survivors (0K)
 Metaspace       used 3574K, committed 3776K, reserved 1114112K
  class space    used 257K, committed 384K, reserved 1048576K
}
Event: 0.459 GC heap after
{Heap after GC invocations=1 (full 0):
 garbage-first heap   total 196608K, used 6348K [0x0000000741e00000, 0x0000000800000000)
  region size 2048K, 1 young (2048K), 1 survivors (2048K)
 Metaspace       used 3574K, committed 3776K, reserved 1114112K
  class space    used 257K, committed 384K, reserved 1048576K
}
Event: 0.784 GC heap before
{Heap before GC invocations=1 (full 0):
 garbage-first heap   total 196608K, used 18636K [0x0000000741e00000, 0x0000000800000000)
  region size 2048K, 7 young (14336K), 1 survivors (2048K)
 Metaspace       used 7292K, committed 7488K, reserved 1114112K
  class space    used 694K, committed 768K, reserved 1048576K
}
Event: 0.788 GC heap after
{Heap after GC invocations=2 (full 0):
 garbage-first heap   total 196608K, used 7260K [0x0000000741e00000, 0x0000000800000000)
  region size 2048K, 1 young (2048K), 1 survivors (2048K)
 Metaspace       used 7292K, committed 7488K, reserved 1114112K
  class space    used 694K, committed 768K, reserved 1048576K
}
Event: 1.445 GC heap before
{Heap before GC invocations=2 (full 0):
 garbage-first heap   total 196608K, used 35932K [0x0000000741e00000, 0x0000000800000000)
  region size 2048K, 15 young (30720K), 1 survivors (2048K)
 Metaspace       used 15357K, committed 15744K, reserved 1114112K
  class space    used 1681K, committed 1856K, reserved 1048576K
}
Event: 1.450 GC heap after
{Heap after GC invocations=3 (full 0):
 garbage-first heap   total 196608K, used 10443K [0x0000000741e00000, 0x0000000800000000)
  region size 2048K, 2 young (4096K), 2 survivors (4096K)
 Metaspace       used 15357K, committed 15744K, reserved 1114112K
  class space    used 1681K, committed 1856K, reserved 1048576K
}
Event: 2.337 GC heap before
{Heap before GC invocations=3 (full 0):
 garbage-first heap   total 196608K, used 92363K [0x0000000741e00000, 0x0000000800000000)
  region size 2048K, 43 young (88064K), 2 survivors (4096K)
 Metaspace       used 21255K, committed 21504K, reserved 1114112K
  class space    used 2497K, committed 2624K, reserved 1048576K
}
Event: 2.374 GC heap after
{Heap after GC invocations=4 (full 0):
 garbage-first heap   total 196608K, used 37218K [0x0000000741e00000, 0x0000000800000000)
  region size 2048K, 8 young (16384K), 8 survivors (16384K)
 Metaspace       used 21255K, committed 21504K, reserved 1114112K
  class space    used 2497K, committed 2624K, reserved 1048576K
}
Event: 3.813 GC heap before
{Heap before GC invocations=5 (full 0):
 garbage-first heap   total 131072K, used 82274K [0x0000000741e00000, 0x0000000800000000)
  region size 2048K, 30 young (61440K), 8 survivors (16384K)
 Metaspace       used 31624K, committed 31872K, reserved 1114112K
  class space    used 3863K, committed 3968K, reserved 1048576K
}
Event: 3.852 GC heap after
{Heap after GC invocations=6 (full 0):
 garbage-first heap   total 131072K, used 43208K [0x0000000741e00000, 0x0000000800000000)
  region size 2048K, 3 young (6144K), 3 survivors (6144K)
 Metaspace       used 31624K, committed 31872K, reserved 1114112K
  class space    used 3863K, committed 3968K, reserved 1048576K
}
Event: 5.008 GC heap before
{Heap before GC invocations=6 (full 0):
 garbage-first heap   total 131072K, used 73928K [0x0000000741e00000, 0x0000000800000000)
  region size 2048K, 19 young (38912K), 3 survivors (6144K)
 Metaspace       used 36217K, committed 36480K, reserved 1114112K
  class space    used 4310K, committed 4416K, reserved 1048576K
}
Event: 5.022 GC heap after
{Heap after GC invocations=7 (full 0):
 garbage-first heap   total 131072K, used 48089K [0x0000000741e00000, 0x0000000800000000)
  region size 2048K, 4 young (8192K), 4 survivors (8192K)
 Metaspace       used 36217K, committed 36480K, reserved 1114112K
  class space    used 4310K, committed 4416K, reserved 1048576K
}
Event: 5.096 GC heap before
{Heap before GC invocations=7 (full 0):
 garbage-first heap   total 131072K, used 50137K [0x0000000741e00000, 0x0000000800000000)
  region size 2048K, 6 young (12288K), 4 survivors (8192K)
 Metaspace       used 36573K, committed 36800K, reserved 1114112K
  class space    used 4345K, committed 4416K, reserved 1048576K
}
Event: 5.112 GC heap after
{Heap after GC invocations=8 (full 0):
 garbage-first heap   total 131072K, used 50670K [0x0000000741e00000, 0x0000000800000000)
  region size 2048K, 1 young (2048K), 1 survivors (2048K)
 Metaspace       used 36573K, committed 36800K, reserved 1114112K
  class space    used 4345K, committed 4416K, reserved 1048576K
}
Event: 6.162 GC heap before
{Heap before GC invocations=9 (full 0):
 garbage-first heap   total 131072K, used 97774K [0x0000000741e00000, 0x0000000800000000)
  region size 2048K, 25 young (51200K), 1 survivors (2048K)
 Metaspace       used 42211K, committed 42560K, reserved 1114112K
  class space    used 5045K, committed 5184K, reserved 1048576K
}
Event: 6.179 GC heap after
{Heap after GC invocations=10 (full 0):
 garbage-first heap   total 131072K, used 62832K [0x0000000741e00000, 0x0000000800000000)
  region size 2048K, 4 young (8192K), 4 survivors (8192K)
 Metaspace       used 42211K, committed 42560K, reserved 1114112K
  class space    used 5045K, committed 5184K, reserved 1048576K
}
Event: 7.941 GC heap before
{Heap before GC invocations=10 (full 0):
 garbage-first heap   total 131072K, used 103792K [0x0000000741e00000, 0x0000000800000000)
  region size 2048K, 24 young (49152K), 4 survivors (8192K)
 Metaspace       used 47954K, committed 48384K, reserved 1114112K
  class space    used 5647K, committed 5824K, reserved 1048576K
}
Event: 7.963 GC heap after
{Heap after GC invocations=11 (full 0):
 garbage-first heap   total 157696K, used 68127K [0x0000000741e00000, 0x0000000800000000)
  region size 2048K, 3 young (6144K), 3 survivors (6144K)
 Metaspace       used 47954K, committed 48384K, reserved 1114112K
  class space    used 5647K, committed 5824K, reserved 1048576K
}
Event: 9.745 GC heap before
{Heap before GC invocations=11 (full 0):
 garbage-first heap   total 157696K, used 121375K [0x0000000741e00000, 0x0000000800000000)
  region size 2048K, 29 young (59392K), 3 survivors (6144K)
 Metaspace       used 50072K, committed 50432K, reserved 1114112K
  class space    used 5788K, committed 5952K, reserved 1048576K
}
Event: 9.773 GC heap after
{Heap after GC invocations=12 (full 0):
 garbage-first heap   total 157696K, used 78764K [0x0000000741e00000, 0x0000000800000000)
  region size 2048K, 4 young (8192K), 4 survivors (8192K)
 Metaspace       used 50072K, committed 50432K, reserved 1114112K
  class space    used 5788K, committed 5952K, reserved 1048576K
}

Dll operation events (7 events):
Event: 0.008 Loaded shared library C:\Users\ACER\.antigravity\extensions\redhat.java-1.54.0-win32-x64\jre\21.0.10-win32-x86_64\bin\java.dll
Event: 0.081 Loaded shared library C:\Users\ACER\.antigravity\extensions\redhat.java-1.54.0-win32-x64\jre\21.0.10-win32-x86_64\bin\net.dll
Event: 0.083 Loaded shared library C:\Users\ACER\.antigravity\extensions\redhat.java-1.54.0-win32-x64\jre\21.0.10-win32-x86_64\bin\nio.dll
Event: 0.117 Loaded shared library C:\Users\ACER\.antigravity\extensions\redhat.java-1.54.0-win32-x64\jre\21.0.10-win32-x86_64\bin\zip.dll
Event: 0.145 Loaded shared library C:\Users\ACER\.antigravity\extensions\redhat.java-1.54.0-win32-x64\jre\21.0.10-win32-x86_64\bin\zip.dll
Event: 0.148 Loaded shared library C:\Users\ACER\.antigravity\extensions\redhat.java-1.54.0-win32-x64\jre\21.0.10-win32-x86_64\bin\jimage.dll
Event: 1.732 Loaded shared library C:\Users\ACER\.antigravity\extensions\redhat.java-1.54.0-win32-x64\jre\21.0.10-win32-x86_64\bin\verify.dll

Deoptimization events (20 events):
Event: 10.142 Thread 0x000001aa928ffb70 Uncommon trap: trap_request=0xffffff45 fr.pc=0x000001aa9fbfab34 relative=0x0000000000000134
Event: 10.142 Thread 0x000001aa928ffb70 Uncommon trap: reason=unstable_if action=reinterpret pc=0x000001aa9fbfab34 method=org.jetbrains.kotlin.fir.symbols.FirLazyDeclarationResolverKt.invokeLazyResolveToPhase(Lorg/jetbrains/kotlin/fir/FirElementWithResolveState;Lorg/jetbrains/kotlin/fir/declara
Event: 10.142 Thread 0x000001aa928ffb70 DEOPT PACKING pc=0x000001aa9fbfab34 sp=0x0000003517ff8f60
Event: 10.142 Thread 0x000001aa928ffb70 DEOPT UNPACKING pc=0x000001aa9f304422 sp=0x0000003517ff8ef8 mode 2
Event: 10.433 Thread 0x000001aa928ffb70 Uncommon trap: trap_request=0xffffffde fr.pc=0x000001aa9fc0ee0c relative=0x000000000000006c
Event: 10.433 Thread 0x000001aa928ffb70 Uncommon trap: reason=class_check action=maybe_recompile pc=0x000001aa9fc0ee0c method=kotlin.collections.AbstractMutableSet.size()I @ 1 c2
Event: 10.433 Thread 0x000001aa928ffb70 DEOPT PACKING pc=0x000001aa9fc0ee0c sp=0x0000003517ffa570
Event: 10.433 Thread 0x000001aa928ffb70 DEOPT UNPACKING pc=0x000001aa9f304422 sp=0x0000003517ffa4f8 mode 2
Event: 10.434 Thread 0x000001aa928ffb70 Uncommon trap: trap_request=0xffffffde fr.pc=0x000001aa9fc0ee0c relative=0x000000000000006c
Event: 10.434 Thread 0x000001aa928ffb70 Uncommon trap: reason=class_check action=maybe_recompile pc=0x000001aa9fc0ee0c method=kotlin.collections.AbstractMutableSet.size()I @ 1 c2
Event: 10.434 Thread 0x000001aa928ffb70 DEOPT PACKING pc=0x000001aa9fc0ee0c sp=0x0000003517ffa830
Event: 10.434 Thread 0x000001aa928ffb70 DEOPT UNPACKING pc=0x000001aa9f304422 sp=0x0000003517ffa7b8 mode 2
Event: 10.435 Thread 0x000001aa928ffb70 Uncommon trap: trap_request=0xffffffde fr.pc=0x000001aa9fc0ee0c relative=0x000000000000006c
Event: 10.435 Thread 0x000001aa928ffb70 Uncommon trap: reason=class_check action=maybe_recompile pc=0x000001aa9fc0ee0c method=kotlin.collections.AbstractMutableSet.size()I @ 1 c2
Event: 10.435 Thread 0x000001aa928ffb70 DEOPT PACKING pc=0x000001aa9fc0ee0c sp=0x0000003517ffaae0
Event: 10.435 Thread 0x000001aa928ffb70 DEOPT UNPACKING pc=0x000001aa9f304422 sp=0x0000003517ffaa68 mode 2
Event: 10.440 Thread 0x000001aa928ffb70 Uncommon trap: trap_request=0xffffffde fr.pc=0x000001aa9fc0ee0c relative=0x000000000000006c
Event: 10.440 Thread 0x000001aa928ffb70 Uncommon trap: reason=class_check action=maybe_recompile pc=0x000001aa9fc0ee0c method=kotlin.collections.AbstractMutableSet.size()I @ 1 c2
Event: 10.440 Thread 0x000001aa928ffb70 DEOPT PACKING pc=0x000001aa9fc0ee0c sp=0x0000003517ff8a80
Event: 10.440 Thread 0x000001aa928ffb70 DEOPT UNPACKING pc=0x000001aa9f304422 sp=0x0000003517ff8a08 mode 2

Classes loaded (20 events):
Event: 5.692 Loading class java/util/AbstractList$SubList
Event: 5.692 Loading class java/util/AbstractList$SubList done
Event: 5.692 Loading class java/util/AbstractList$SubList$1
Event: 5.692 Loading class java/util/AbstractList$SubList$1 done
Event: 5.692 Loading class java/util/AbstractList$ListItr
Event: 5.693 Loading class java/util/AbstractList$ListItr done
Event: 5.815 Loading class java/util/EnumMap$EntrySet
Event: 5.816 Loading class java/util/EnumMap$EntrySet done
Event: 5.816 Loading class java/util/EnumMap$EntryIterator
Event: 5.816 Loading class java/util/EnumMap$EnumMapIterator
Event: 5.816 Loading class java/util/EnumMap$EnumMapIterator done
Event: 5.816 Loading class java/util/EnumMap$EntryIterator done
Event: 5.816 Loading class java/util/EnumMap$EntryIterator$Entry
Event: 5.816 Loading class java/util/EnumMap$EntryIterator$Entry done
Event: 7.159 Loading class java/util/AbstractList$RandomAccessSubList
Event: 7.159 Loading class java/util/AbstractList$RandomAccessSubList done
Event: 7.341 Loading class java/lang/Byte$ByteCache
Event: 7.342 Loading class java/lang/Byte$ByteCache done
Event: 7.558 Loading class java/lang/Short$ShortCache
Event: 7.558 Loading class java/lang/Short$ShortCache done

Classes unloaded (0 events):
No events

Classes redefined (0 events):
No events

Internal exceptions (20 events):
Event: 5.976 Thread 0x000001aa928ffb70 Implicit null exception at 0x000001aa9f8dce09 to 0x000001aa9f8dd648
Event: 5.976 Thread 0x000001aa928ffb70 Implicit null exception at 0x000001aa9f9219c0 to 0x000001aa9f921a45
Event: 5.976 Thread 0x000001aa928ffb70 Implicit null exception at 0x000001aa9f90ee42 to 0x000001aa9f90f12c
Event: 6.447 Thread 0x000001aa928ffb70 Exception <a 'java/lang/NoSuchMethodError'{0x0000000749483b78}: 'java.lang.Object java.lang.invoke.DirectMethodHandle$Holder.invokeStaticInit(java.lang.Object, java.lang.Object, java.lang.Object, java.lang.Object)'> (0x0000000749483b78) 
thrown [s\src\hotspot\share\interpreter\linkResolver.cpp, line 773]
Event: 6.648 Thread 0x000001aa928ffb70 Exception <a 'java/lang/NoSuchMethodError'{0x00000007491d5690}: 'java.lang.Object java.lang.invoke.DirectMethodHandle$Holder.newInvokeSpecial(java.lang.Object, java.lang.Object, java.lang.Object, java.lang.Object, int, java.lang.Object, java.lang.Object)'> (0x00000007491d5690) 
thrown [s\src\hotspot\share\interpreter\linkResolver.cpp, line 773]
Event: 6.649 Thread 0x000001aa928ffb70 Exception <a 'java/lang/NoSuchMethodError'{0x00000007491dd830}: 'java.lang.Object java.lang.invoke.Invokers$Holder.linkToTargetMethod(java.lang.Object, java.lang.Object, java.lang.Object, int, java.lang.Object, java.lang.Object, java.lang.Object)'> (0x00000007491dd830) 
thrown [s\src\hotspot\share\interpreter\linkResolver.cpp, line 773]
Event: 6.782 Thread 0x000001aa928ffb70 Exception <a 'java/lang/NoSuchMethodError'{0x0000000748a9ce20}: 'java.lang.Object java.lang.invoke.DirectMethodHandle$Holder.newInvokeSpecial(java.lang.Object, java.lang.Object, java.lang.Object, int)'> (0x0000000748a9ce20) 
thrown [s\src\hotspot\share\interpreter\linkResolver.cpp, line 773]
Event: 6.783 Thread 0x000001aa928ffb70 Exception <a 'java/lang/NoSuchMethodError'{0x0000000748aa0f20}: 'java.lang.Object java.lang.invoke.DirectMethodHandle$Holder.invokeSpecial(java.lang.Object, java.lang.Object, java.lang.Object, java.lang.Object, int)'> (0x0000000748aa0f20) 
thrown [s\src\hotspot\share\interpreter\linkResolver.cpp, line 773]
Event: 6.783 Thread 0x000001aa928ffb70 Exception <a 'java/lang/NoSuchMethodError'{0x0000000748aa4678}: 'java.lang.Object java.lang.invoke.Invokers$Holder.linkToTargetMethod(java.lang.Object, java.lang.Object, int, java.lang.Object)'> (0x0000000748aa4678) 
thrown [s\src\hotspot\share\interpreter\linkResolver.cpp, line 773]
Event: 6.787 Thread 0x000001aa928ffb70 Exception <a 'java/lang/NoSuchMethodError'{0x0000000748ac5d18}: 'java.lang.Object java.lang.invoke.DirectMethodHandle$Holder.newInvokeSpecial(java.lang.Object, int, java.lang.Object)'> (0x0000000748ac5d18) 
thrown [s\src\hotspot\share\interpreter\linkResolver.cpp, line 773]
Event: 6.829 Thread 0x000001aa928ffb70 Exception <a 'java/lang/NoSuchMethodError'{0x0000000748bad9b0}: 'java.lang.Object java.lang.invoke.DirectMethodHandle$Holder.invokeSpecial(java.lang.Object, java.lang.Object, int, java.lang.Object, java.lang.Object)'> (0x0000000748bad9b0) 
thrown [s\src\hotspot\share\interpreter\linkResolver.cpp, line 773]
Event: 7.716 Thread 0x000001aa928ffb70 Exception <a 'java/lang/NoSuchMethodError'{0x0000000747b5c1e0}: 'java.lang.Object java.lang.invoke.DirectMethodHandle$Holder.newInvokeSpecial(java.lang.Object, java.lang.Object, java.lang.Object, java.lang.Object, java.lang.Object, int)'> (0x0000000747b5c1e0) 
thrown [s\src\hotspot\share\interpreter\linkResolver.cpp, line 773]
Event: 7.716 Thread 0x000001aa928ffb70 Exception <a 'java/lang/NoSuchMethodError'{0x0000000747b60988}: 'java.lang.Object java.lang.invoke.DirectMethodHandle$Holder.invokeSpecial(java.lang.Object, java.lang.Object, java.lang.Object, java.lang.Object, java.lang.Object, java.lang.Object, int)'> (0x0000000747b60988) 
thrown [s\src\hotspot\share\interpreter\linkResolver.cpp, line 773]
Event: 7.717 Thread 0x000001aa928ffb70 Exception <a 'java/lang/NoSuchMethodError'{0x0000000747b64a70}: 'java.lang.Object java.lang.invoke.Invokers$Holder.linkToTargetMethod(java.lang.Object, java.lang.Object, java.lang.Object, java.lang.Object, int, java.lang.Object)'> (0x0000000747b64a70) 
thrown [s\src\hotspot\share\interpreter\linkResolver.cpp, line 773]
Event: 7.875 Thread 0x000001aa928ffb70 Exception <a 'java/lang/NoSuchMethodError'{0x00000007476fc650}: 'java.lang.Object java.lang.invoke.DirectMethodHandle$Holder.newInvokeSpecial(java.lang.Object, java.lang.Object, java.lang.Object, java.lang.Object, java.lang.Object, java.lang.Object, java.lang.Object, java.lang.Object, java.lang.Object)'> (0x00000007476fc650) 
thrown [s\src\hotspot\share\interpreter\linkResolver.cpp, line 773]
Event: 8.259 Thread 0x000001aa928ffb70 Exception <a 'java/lang/NoSuchMethodError'{0x000000074b33b8f8}: 'java.lang.Object java.lang.invoke.DirectMethodHandle$Holder.invokeStatic(java.lang.Object, java.lang.Object, java.lang.Object, int, java.lang.Object, java.lang.Object)'> (0x000000074b33b8f8) 
thrown [s\src\hotspot\share\interpreter\linkResolver.cpp, line 773]
Event: 8.421 Thread 0x000001aa928ffb70 Exception <a 'java/lang/NoSuchMethodError'{0x000000074a503028}: 'java.lang.Object java.lang.invoke.DirectMethodHandle$Holder.invokeStatic(java.lang.Object, int, java.lang.Object, java.lang.Object)'> (0x000000074a503028) 
thrown [s\src\hotspot\share\interpreter\linkResolver.cpp, line 773]
Event: 8.575 Thread 0x000001aa928ffb70 Exception <a 'java/lang/NoSuchMethodError'{0x000000074a0c87e8}: 'java.lang.Object java.lang.invoke.DirectMethodHandle$Holder.invokeStatic(java.lang.Object, int, java.lang.Object)'> (0x000000074a0c87e8) 
thrown [s\src\hotspot\share\interpreter\linkResolver.cpp, line 773]
Event: 8.602 Thread 0x000001aa928ffb70 Exception <a 'java/lang/NoSuchMethodError'{0x000000074a142930}: 'java.lang.Object java.lang.invoke.DirectMethodHandle$Holder.newInvokeSpecial(java.lang.Object, int, java.lang.Object, java.lang.Object, java.lang.Object)'> (0x000000074a142930) 
thrown [s\src\hotspot\share\interpreter\linkResolver.cpp, line 773]
Event: 8.603 Thread 0x000001aa928ffb70 Exception <a 'java/lang/NoSuchMethodError'{0x000000074a14a820}: 'java.lang.Object java.lang.invoke.Invokers$Holder.linkToTargetMethod(int, java.lang.Object, java.lang.Object, java.lang.Object, java.lang.Object)'> (0x000000074a14a820) 
thrown [s\src\hotspot\share\interpreter\linkResolver.cpp, line 773]

ZGC Phase Switch (0 events):
No events

VM Operations (20 events):
Event: 9.847 Executing non-safepoint VM operation: HandshakeAllThreads (Deoptimize)
Event: 9.848 Executing non-safepoint VM operation: HandshakeAllThreads (Deoptimize) done
Event: 10.054 Executing safepoint VM operation: ICBufferFull
Event: 10.054 Executing safepoint VM operation: ICBufferFull done
Event: 10.061 Executing non-safepoint VM operation: HandshakeAllThreads (Deoptimize)
Event: 10.061 Executing non-safepoint VM operation: HandshakeAllThreads (Deoptimize) done
Event: 10.064 Executing non-safepoint VM operation: HandshakeAllThreads (Deoptimize)
Event: 10.064 Executing non-safepoint VM operation: HandshakeAllThreads (Deoptimize) done
Event: 10.434 Executing safepoint VM operation: ICBufferFull
Event: 10.434 Executing safepoint VM operation: ICBufferFull done
Event: 10.475 Executing non-safepoint VM operation: HandshakeAllThreads (Deoptimize)
Event: 10.475 Executing non-safepoint VM operation: HandshakeAllThreads (Deoptimize) done
Event: 10.481 Executing non-safepoint VM operation: HandshakeAllThreads (Deoptimize)
Event: 10.481 Executing non-safepoint VM operation: HandshakeAllThreads (Deoptimize) done
Event: 10.482 Executing non-safepoint VM operation: HandshakeAllThreads (Deoptimize)
Event: 10.482 Executing non-safepoint VM operation: HandshakeAllThreads (Deoptimize) done
Event: 10.486 Executing non-safepoint VM operation: HandshakeAllThreads (Deoptimize)
Event: 10.486 Executing non-safepoint VM operation: HandshakeAllThreads (Deoptimize) done
Event: 10.667 Executing safepoint VM operation: ICBufferFull
Event: 10.667 Executing safepoint VM operation: ICBufferFull done

Memory protections (0 events):
No events

Nmethod flushes (20 events):
Event: 5.240 Thread 0x000001aaacd88770 flushing  nmethod 0x000001aa97f83790
Event: 5.240 Thread 0x000001aaacd88770 flushing  nmethod 0x000001aa97f84210
Event: 5.240 Thread 0x000001aaacd88770 flushing  nmethod 0x000001aa97f84690
Event: 5.240 Thread 0x000001aaacd88770 flushing  nmethod 0x000001aa97f86210
Event: 5.240 Thread 0x000001aaacd88770 flushing  nmethod 0x000001aa97f92790
Event: 5.240 Thread 0x000001aaacd88770 flushing  nmethod 0x000001aa97f93210
Event: 5.240 Thread 0x000001aaacd88770 flushing  nmethod 0x000001aa97f93f90
Event: 5.240 Thread 0x000001aaacd88770 flushing  nmethod 0x000001aa97f94c90
Event: 5.240 Thread 0x000001aaacd88770 flushing  nmethod 0x000001aa97f95490
Event: 5.240 Thread 0x000001aaacd88770 flushing  nmethod 0x000001aa97f97290
Event: 5.240 Thread 0x000001aaacd88770 flushing  nmethod 0x000001aa97fa7010
Event: 5.240 Thread 0x000001aaacd88770 flushing  nmethod 0x000001aa97fa8810
Event: 5.240 Thread 0x000001aaacd88770 flushing  nmethod 0x000001aa97fd5a90
Event: 5.240 Thread 0x000001aaacd88770 flushing  nmethod 0x000001aa97fee090
Event: 5.240 Thread 0x000001aaacd88770 flushing  nmethod 0x000001aa98034010
Event: 5.240 Thread 0x000001aaacd88770 flushing  nmethod 0x000001aa98040f10
Event: 5.240 Thread 0x000001aaacd88770 flushing  nmethod 0x000001aa98043810
Event: 5.240 Thread 0x000001aaacd88770 flushing  nmethod 0x000001aa98044290
Event: 5.240 Thread 0x000001aaacd88770 flushing  nmethod 0x000001aa98044610
Event: 5.240 Thread 0x000001aaacd88770 flushing  nmethod 0x000001aa98045410

Events (18 events):
Event: 0.026 Thread 0x000001aa928ffb70 Thread added: 0x000001aa928ffb70
Event: 0.043 Thread 0x000001aa928ffb70 Thread added: 0x000001aaacda3d90
Event: 0.043 Thread 0x000001aa928ffb70 Thread added: 0x000001aaacda5cc0
Event: 0.044 Thread 0x000001aa928ffb70 Thread added: 0x000001aaacdaa4d0
Event: 0.044 Thread 0x000001aa928ffb70 Thread added: 0x000001aaacdab5c0
Event: 0.044 Thread 0x000001aa928ffb70 Thread added: 0x000001aaacdae030
Event: 0.044 Thread 0x000001aa928ffb70 Thread added: 0x000001aaacdaea90
Event: 0.044 Thread 0x000001aa928ffb70 Thread added: 0x000001aaacdc0990
Event: 0.044 Thread 0x000001aa928ffb70 Thread added: 0x000001aaacde3450
Event: 0.075 Thread 0x000001aa928ffb70 Thread added: 0x000001aaf20d93a0
Event: 0.077 Thread 0x000001aa928ffb70 Thread added: 0x000001aaf20dca30
Event: 0.110 Thread 0x000001aaacdc0990 Thread added: 0x000001aaf2124920
Event: 1.079 Thread 0x000001aaf2124920 Thread exited: 0x000001aaf2124920
Event: 1.354 Thread 0x000001aaacde3450 Thread added: 0x000001aaf27f1800
Event: 2.957 Thread 0x000001aaf27f1800 Thread exited: 0x000001aaf27f1800
Event: 3.427 Thread 0x000001aaacdc0990 Thread added: 0x000001aa8f8afbe0
Event: 3.626 Thread 0x000001aa8f8afbe0 Thread exited: 0x000001aa8f8afbe0
Event: 3.762 Thread 0x000001aaacde3450 Thread added: 0x000001aa8f4680e0


Dynamic libraries:
0x00007ff703db0000 - 0x00007ff703dbe000 	C:\Users\ACER\.antigravity\extensions\redhat.java-1.54.0-win32-x64\jre\21.0.10-win32-x86_64\bin\java.exe
0x00007fffaf610000 - 0x00007fffaf808000 	C:\Windows\SYSTEM32\ntdll.dll
0x00007fffaf420000 - 0x00007fffaf4e2000 	C:\Windows\System32\KERNEL32.DLL
0x00007fffacca0000 - 0x00007fffacf96000 	C:\Windows\System32\KERNELBASE.dll
0x00007fffad220000 - 0x00007fffad320000 	C:\Windows\System32\ucrtbase.dll
0x00007fffa5e70000 - 0x00007fffa5e88000 	C:\Users\ACER\.antigravity\extensions\redhat.java-1.54.0-win32-x64\jre\21.0.10-win32-x86_64\bin\jli.dll
0x00007fff93540000 - 0x00007fff9355e000 	C:\Users\ACER\.antigravity\extensions\redhat.java-1.54.0-win32-x64\jre\21.0.10-win32-x86_64\bin\VCRUNTIME140.dll
0x00007fffad670000 - 0x00007fffad811000 	C:\Windows\System32\USER32.dll
0x00007fff967c0000 - 0x00007fff96a5b000 	C:\Windows\WinSxS\amd64_microsoft.windows.common-controls_6595b64144ccf1df_6.0.19041.6456_none_60b8a6cb71f64256\COMCTL32.dll
0x00007fffad3d0000 - 0x00007fffad3f2000 	C:\Windows\System32\win32u.dll
0x00007fffaf040000 - 0x00007fffaf0de000 	C:\Windows\System32\msvcrt.dll
0x00007fffaeef0000 - 0x00007fffaef1b000 	C:\Windows\System32\GDI32.dll
0x00007fffacfd0000 - 0x00007fffad0e9000 	C:\Windows\System32\gdi32full.dll
0x00007fffad0f0000 - 0x00007fffad18d000 	C:\Windows\System32\msvcp_win.dll
0x00007fffad640000 - 0x00007fffad66f000 	C:\Windows\System32\IMM32.DLL
0x00007fffa7370000 - 0x00007fffa737c000 	C:\Users\ACER\.antigravity\extensions\redhat.java-1.54.0-win32-x64\jre\21.0.10-win32-x86_64\bin\vcruntime140_1.dll
0x00007fff71a30000 - 0x00007fff71abd000 	C:\Users\ACER\.antigravity\extensions\redhat.java-1.54.0-win32-x64\jre\21.0.10-win32-x86_64\bin\msvcp140.dll
0x00007fff12280000 - 0x00007fff13021000 	C:\Users\ACER\.antigravity\extensions\redhat.java-1.54.0-win32-x64\jre\21.0.10-win32-x86_64\bin\server\jvm.dll
0x00007fffae5e0000 - 0x00007fffae691000 	C:\Windows\System32\ADVAPI32.dll
0x00007fffadb10000 - 0x00007fffadbaf000 	C:\Windows\System32\sechost.dll
0x00007fffaef20000 - 0x00007fffaf040000 	C:\Windows\System32\RPCRT4.dll
0x00007fffacfa0000 - 0x00007fffacfc7000 	C:\Windows\System32\bcrypt.dll
0x00007fffaf3b0000 - 0x00007fffaf41b000 	C:\Windows\System32\WS2_32.dll
0x00007fffacb00000 - 0x00007fffacb4b000 	C:\Windows\SYSTEM32\POWRPROF.dll
0x00007fff92f10000 - 0x00007fff92f37000 	C:\Windows\SYSTEM32\WINMM.dll
0x00007fffa5260000 - 0x00007fffa526a000 	C:\Windows\SYSTEM32\VERSION.dll
0x00007fffacae0000 - 0x00007fffacaf2000 	C:\Windows\SYSTEM32\UMPDC.dll
0x00007fffaab10000 - 0x00007fffaab22000 	C:\Windows\SYSTEM32\kernel.appcore.dll
0x00007fffa71a0000 - 0x00007fffa71aa000 	C:\Users\ACER\.antigravity\extensions\redhat.java-1.54.0-win32-x64\jre\21.0.10-win32-x86_64\bin\jimage.dll
0x00007fff92a30000 - 0x00007fff92c31000 	C:\Windows\SYSTEM32\DBGHELP.DLL
0x00007fff91930000 - 0x00007fff91964000 	C:\Windows\SYSTEM32\dbgcore.DLL
0x00007fffad190000 - 0x00007fffad212000 	C:\Windows\System32\bcryptPrimitives.dll
0x00007fff92c60000 - 0x00007fff92c80000 	C:\Users\ACER\.antigravity\extensions\redhat.java-1.54.0-win32-x64\jre\21.0.10-win32-x86_64\bin\java.dll
0x00007fffade70000 - 0x00007fffae5e0000 	C:\Windows\System32\SHELL32.dll
0x00007fffaad10000 - 0x00007fffab4b5000 	C:\Windows\SYSTEM32\windows.storage.dll
0x00007fffae6a0000 - 0x00007fffae9f4000 	C:\Windows\System32\combase.dll
0x00007fffac5f0000 - 0x00007fffac61b000 	C:\Windows\SYSTEM32\Wldp.dll
0x00007fffad820000 - 0x00007fffad8ed000 	C:\Windows\System32\OLEAUT32.dll
0x00007fffada40000 - 0x00007fffadaed000 	C:\Windows\System32\SHCORE.dll
0x00007fffade10000 - 0x00007fffade6b000 	C:\Windows\System32\shlwapi.dll
0x00007fffacbd0000 - 0x00007fffacbf4000 	C:\Windows\SYSTEM32\profapi.dll
0x00007fff94f20000 - 0x00007fff94f30000 	C:\Users\ACER\.antigravity\extensions\redhat.java-1.54.0-win32-x64\jre\21.0.10-win32-x86_64\bin\net.dll
0x00007fffa4ea0000 - 0x00007fffa4faa000 	C:\Windows\SYSTEM32\WINHTTP.dll
0x00007fffac350000 - 0x00007fffac3ba000 	C:\Windows\system32\mswsock.dll
0x00007fff87210000 - 0x00007fff87226000 	C:\Users\ACER\.antigravity\extensions\redhat.java-1.54.0-win32-x64\jre\21.0.10-win32-x86_64\bin\nio.dll
0x00007fff8ab60000 - 0x00007fff8ab78000 	C:\Users\ACER\.antigravity\extensions\redhat.java-1.54.0-win32-x64\jre\21.0.10-win32-x86_64\bin\zip.dll
0x00007fff93460000 - 0x00007fff93470000 	C:\Users\ACER\.antigravity\extensions\redhat.java-1.54.0-win32-x64\jre\21.0.10-win32-x86_64\bin\verify.dll

JVMTI agents: none

dbghelp: loaded successfully - version: 4.0.5 - missing functions: none
symbol engine: initialized successfully - sym options: 0x614 - pdb path: .;C:\Users\ACER\.antigravity\extensions\redhat.java-1.54.0-win32-x64\jre\21.0.10-win32-x86_64\bin;C:\Windows\SYSTEM32;C:\Windows\WinSxS\amd64_microsoft.windows.common-controls_6595b64144ccf1df_6.0.19041.6456_none_60b8a6cb71f64256;C:\Users\ACER\.antigravity\extensions\redhat.java-1.54.0-win32-x64\jre\21.0.10-win32-x86_64\bin\server

VM Arguments:
java_command: org.jetbrains.kotlin.cli.jvm.K2JVMCompiler @E:\porteruser\node_modules\@react-native\gradle-plugin\react-native-gradle-plugin\build\20260429_8694732225765017626.compiler.options
java_class_path (initial): C:\Users\ACER\.gradle\caches\modules-2\files-2.1\org.jetbrains.kotlin\kotlin-compiler-embeddable\2.1.20\4ef56b3316798316bfac7a0ae443391c9e900ea1\kotlin-compiler-embeddable-2.1.20.jar;C:\Users\ACER\.gradle\caches\modules-2\files-2.1\org.jetbrains.kotlin\kotlin-stdlib\2.1.20\aa8ca79cd50578314f6d1180c47cbe14c0fee567\kotlin-stdlib-2.1.20.jar;C:\Users\ACER\.gradle\caches\modules-2\files-2.1\org.jetbrains.kotlin\kotlin-script-runtime\2.1.20\f7c623d7f7bdb01f5ccd6b437bc0a937fcd7c57e\kotlin-script-runtime-2.1.20.jar;C:\Users\ACER\.gradle\caches\modules-2\files-2.1\org.jetbrains.kotlin\kotlin-reflect\1.6.10\1cbe9c92c12a94eea200d23c2bbaedaf3daf5132\kotlin-reflect-1.6.10.jar;C:\Users\ACER\.gradle\caches\modules-2\files-2.1\org.jetbrains.kotlin\kotlin-daemon-embeddable\2.1.20\95670fce77befd02a70a0bc3abe8ee4533521334\kotlin-daemon-embeddable-2.1.20.jar;C:\Users\ACER\.gradle\caches\modules-2\files-2.1\org.jetbrains.intellij.deps\trove4j\1.0.20200330\3afb14d5f9ceb459d724e907a21145e8ff394f02\trove4j-1.0.20200330.jar;C:\Users\ACER\.gradle\caches\modules-2\files-2.1\org.jetbrains.kotlinx\kotlinx-coroutines-core-jvm\1.8.0\ac1dc37a30a93150b704022f8d895ee1bd3a36b3\kotlinx-coroutines-core-jvm-1.8.0.jar;C:\Users\ACER\.gradle\caches\modules-2\files-2.1\org.jetbrains\annotations\13.0\919f0dfe192fb4e063e7dacadee7f8bb9a2672a9\annotations-13.0.jar
Launcher Type: SUN_STANDARD

[Global flags]
     intx CICompilerCount                          = 3                                         {product} {ergonomic}
     uint ConcGCThreads                            = 1                                         {product} {ergonomic}
     uint G1ConcRefinementThreads                  = 4                                         {product} {ergonomic}
   size_t G1HeapRegionSize                         = 2097152                                   {product} {ergonomic}
    uintx GCDrainStackTargetSize                   = 64                                        {product} {ergonomic}
   size_t InitialHeapSize                          = 201326592                                 {product} {ergonomic}
   size_t MarkStackSize                            = 4194304                                   {product} {ergonomic}
   size_t MaxHeapSize                              = 3189768192                                {product} {ergonomic}
   size_t MaxNewSize                               = 1912602624                                {product} {ergonomic}
   size_t MinHeapDeltaBytes                        = 2097152                                   {product} {ergonomic}
   size_t MinHeapSize                              = 8388608                                   {product} {ergonomic}
    uintx NonNMethodCodeHeapSize                   = 5832780                                {pd product} {ergonomic}
    uintx NonProfiledCodeHeapSize                  = 122912730                              {pd product} {ergonomic}
    uintx ProfiledCodeHeapSize                     = 122912730                              {pd product} {ergonomic}
    uintx ReservedCodeCacheSize                    = 251658240                              {pd product} {ergonomic}
     bool SegmentedCodeCache                       = true                                      {product} {ergonomic}
   size_t SoftMaxHeapSize                          = 3189768192                             {manageable} {ergonomic}
     bool UseCompressedOops                        = true                           {product lp64_product} {ergonomic}
     bool UseG1GC                                  = true                                      {product} {ergonomic}
     bool UseLargePagesIndividualAllocation        = false                                  {pd product} {ergonomic}

Logging:
Log output configuration:
 #0: stdout all=warning uptime,level,tags foldmultilines=false
 #1: stderr all=off uptime,level,tags foldmultilines=false

Release file:
JAVA_VERSION="21.0.10" 
MODULES="java.base java.compiler java.datatransfer java.xml java.prefs java.desktop java.instrument java.logging java.management java.security.sasl java.naming java.rmi java.management.rmi java.net.http java.scripting java.security.jgss java.transaction.xa java.sql java.sql.rowset java.xml.crypto java.se java.smartcardio jdk.accessibility jdk.internal.jvmstat jdk.attach jdk.charsets jdk.internal.opt jdk.zipfs jdk.compiler jdk.crypto.ec jdk.crypto.cryptoki jdk.crypto.mscapi jdk.dynalink jdk.internal.ed jdk.editpad jdk.hotspot.agent jdk.httpserver jdk.internal.le jdk.internal.vm.ci jdk.internal.vm.compiler jdk.internal.vm.compiler.management jdk.jartool jdk.javadoc jdk.jcmd jdk.management jdk.management.agent jdk.jconsole jdk.jdeps jdk.jdwp.agent jdk.jdi jdk.jfr jdk.jshell jdk.jsobject jdk.jstatd jdk.localedata jdk.management.jfr jdk.naming.dns jdk.naming.rmi jdk.net jdk.nio.mapmode jdk.random jdk.sctp jdk.security.auth jdk.security.jgss jdk.unsupported jdk.unsupported.desktop jdk.xml.dom" 

Environment Variables:
JAVA_HOME=C:\Program Files\Java\jdk-17
PATH=C:\Program Files\Common Files\Oracle\Java\javapath;C:\Program Files\Java\jdk-17\bin;C:\Windows\System32\Wbem;C:\Windows\System32\WindowsPowerShell\v1.0\;C:\Windows\System32\OpenSSH\;D:\xampp\htdocs\codewithharry;C:\Program Files\Git\cmd;D:\MinGW\bin\apache-maven-3.9.6;C:\apache-maven-3.9.6\bin;C:\Program Files\MongoDB\mongosh-2.3.0-win32-x64\bin;C:\Program Files\PuTTY\;C:\Program Files\MongoDB\Server\7.0\bin;C:\gradle\gradle-8.14\bin;C:\Program Files\WireGuard\;C:\Program Files\nodejs\;C:\Program Files\MySQL\MySQL Server 8.0\bin;C:\Users\ACER\.local\bin;C:\Windows\system32;C:\Windows;c:\Users\ACER\AppData\Local\Programs\cursor\resources\app\codeBin;C:\Users\ACER\AppData\Local\Programs\Python\Python313\Scripts\;C:\Users\ACER\AppData\Local\Programs\Python\Python313\;C:\Users\ACER\AppData\Local\Programs\Python\Launcher\;C:\Users\ACER\.local\bin;C:\Program Files\MySQL\MySQL Shell 8.0\bin\;C:\Users\ACER\AppData\Local\Microsoft\WindowsApps;C:\Users\ACER\AppData\Local\Programs\Microsoft VS Code\bin;C:\Program Files\MongoDB\Server\7.0\bin;C:\Users\ACER\AppData\Local\Programs\cursor\resources\app\bin;C:\Users\ACER\AppData\Local\Programs\Antigravity\bin;C:\Users\ACER\AppData\Roaming\npm;E:\futter-dev\sdk\flutter\bin;C:\Users\ACER\AppData\Local\Android\Sdk\platform-tools;C:\Users\ACER\AppData\Local\Android\Sdk\cmdline-tools\latest\bin;
USERNAME=ACER
OS=Windows_NT
PROCESSOR_IDENTIFIER=Intel64 Family 6 Model 142 Stepping 9, GenuineIntel
TMP=C:\Users\ACER\AppData\Local\Temp
TEMP=C:\Users\ACER\AppData\Local\Temp




Periodic native trim disabled

---------------  S Y S T E M  ---------------

OS:
 Windows 10 , 64 bit Build 19041 (10.0.19041.5915)
OS uptime: 0 days 8:02 hours

CPU: total 4 (initial active 4) (2 cores per cpu, 2 threads per core) family 6 model 142 stepping 9 microcode 0xb4, cx8, cmov, fxsr, ht, mmx, 3dnowpref, sse, sse2, sse3, ssse3, sse4.1, sse4.2, popcnt, lzcnt, tsc, tscinvbit, avx, avx2, aes, erms, clmul, bmi1, bmi2, adx, fma, vzeroupper, clflush, clflushopt, rdtscp, f16c
Processor Information for the first 4 processors :
  Max Mhz: 2400, Current Mhz: 2400, Mhz Limit: 2400

Memory: 4k page, system-wide physical 12165M (435M free)
TotalPageFile size 20357M (AvailPageFile size 5M)
current process WorkingSet (physical memory assigned to process): 355M, peak: 355M
current process commit charge ("private bytes"): 390M, peak: 392M

vm_info: OpenJDK 64-Bit Server VM (21.0.10+7-LTS) for windows-amd64 JRE (21.0.10+7-LTS), built on 2026-01-20T00:00:00Z by "admin" with MS VC++ 17.12 (VS2022)

END.
