#
# There is insufficient memory for the Java Runtime Environment to continue.
# Native memory allocation (malloc) failed to allocate 1173408 bytes. Error detail: Chunk::new
# Possible reasons:
#   The system is out of physical RAM or swap space
#   This process is running with CompressedOops enabled, and the Java Heap may be blocking the growth of the native heap
# Possible solutions:
#   Reduce memory load on the system
#   Increase physical memory or swap space
#   Check if swap backing store is full
#   Decrease Java heap size (-Xmx/-Xms)
#   Decrease number of Java threads
#   Decrease Java thread stack sizes (-Xss)
#   Set larger code cache with -XX:ReservedCodeCacheSize=
#   JVM is running with Unscaled Compressed Oops mode in which the Java heap is
#     placed in the first 4GB address space. The Java Heap base address is the
#     maximum limit for the native heap growth. Please use -XX:HeapBaseMinAddress
#     to set the Java Heap base and to place the Java Heap above 4GB virtual address.
# This output file may be truncated or incomplete.
#
#  Out of Memory Error (arena.cpp:168), pid=18220, tid=18216
#
# JRE version: OpenJDK Runtime Environment Temurin-21.0.10+7 (21.0.10+7) (build 21.0.10+7-LTS)
# Java VM: OpenJDK 64-Bit Server VM Temurin-21.0.10+7 (21.0.10+7-LTS, mixed mode, sharing, tiered, compressed oops, compressed class ptrs, parallel gc, windows-amd64)
# No core dump will be written. Minidumps are not enabled by default on client versions of Windows
#

---------------  S U M M A R Y ------------

Command Line: --add-modules=ALL-SYSTEM --add-opens=java.base/java.util=ALL-UNNAMED --add-opens=java.base/java.lang=ALL-UNNAMED --add-opens=java.base/sun.nio.fs=ALL-UNNAMED -Declipse.application=org.eclipse.jdt.ls.core.id1 -Dosgi.bundles.defaultStartLevel=4 -Declipse.product=org.eclipse.jdt.ls.core.product -Djava.import.generatesMetadataFilesAtProjectRoot=false -DDetectVMInstallationsJob.disabled=true -Dfile.encoding=utf8 -XX:+UseParallelGC -XX:GCTimeRatio=4 -XX:AdaptiveSizePolicyWeight=90 -Dsun.zip.disableMemoryMapping=true -Xmx2G -Xms100m -Xlog:disable -javaagent:c:\Users\ACER\.antigravity\extensions\redhat.java-1.54.0-win32-x64\lombok\lombok-1.18.39-4050.jar -XX:+HeapDumpOnOutOfMemoryError -XX:HeapDumpPath=c:\Users\ACER\AppData\Roaming\Antigravity\User\workspaceStorage\be0dba1104155269c9e789474766d2e6\redhat.java -Daether.dependencyCollector.impl=bf c:\Users\ACER\.antigravity\extensions\redhat.java-1.54.0-win32-x64\server\plugins\org.eclipse.equinox.launcher_1.7.100.v20251111-0406.jar -configuration c:\Users\ACER\AppData\Roaming\Antigravity\User\globalStorage\redhat.java\1.54.0\config_win -data c:\Users\ACER\AppData\Roaming\Antigravity\User\workspaceStorage\be0dba1104155269c9e789474766d2e6\redhat.java\jdt_ws --pipe=\\.\pipe\lsp-b893c9c0f2de73d245b9a8a84ce08da7-sock

Host: Intel(R) Core(TM) i3-7100U CPU @ 2.40GHz, 4 cores, 11G,  Windows 10 , 64 bit Build 19041 (10.0.19041.5915)
Time: Tue Apr 28 16:33:07 2026 India Standard Time elapsed time: 28.120675 seconds (0d 0h 0m 28s)

---------------  T H R E A D  ---------------

Current thread (0x000001d0e55815b0):  JavaThread "C2 CompilerThread0" daemon [_thread_in_native, id=18216, stack(0x0000002e37d00000,0x0000002e37e00000) (1024K)]


Current CompileTask:
C2:28120 4553       4       org.eclipse.osgi.internal.serviceregistry.ServiceRegistry::notifyHooksPrivileged (57 bytes)

Stack: [0x0000002e37d00000,0x0000002e37e00000]
Native frames: (J=compiled Java code, j=interpreted, Vv=VM code, C=native code)
V  [jvm.dll+0x6d7a39]
V  [jvm.dll+0x8b4b26]
V  [jvm.dll+0x8b70de]
V  [jvm.dll+0x8b77c3]
V  [jvm.dll+0x284346]
V  [jvm.dll+0xc66ed]
V  [jvm.dll+0xc6c31]
V  [jvm.dll+0x3bec3b]
V  [jvm.dll+0x1e3d62]
V  [jvm.dll+0x24c6b3]
V  [jvm.dll+0x24bb40]
V  [jvm.dll+0x1cb34e]
V  [jvm.dll+0x25b85d]
V  [jvm.dll+0x259dea]
V  [jvm.dll+0x3f857e]
V  [jvm.dll+0x85f59d]
V  [jvm.dll+0x6d626d]
C  [ucrtbase.dll+0x21bb2]
C  [KERNEL32.DLL+0x17374]
C  [ntdll.dll+0x4cc91]


---------------  P R O C E S S  ---------------

Threads class SMR info:
_java_thread_list=0x000001d0fe531420, length=24, elements={
0x000001d0e3383230, 0x000001d0e5577d70, 0x000001d0e5579580, 0x000001d0e557b110,
0x000001d0e557c030, 0x000001d0e557fd10, 0x000001d0e5580770, 0x000001d0e55815b0,
0x000001d0e55f64f0, 0x000001d0fcd10360, 0x000001d0fcdd2d20, 0x000001d0fd64de90,
0x000001d0e55b05e0, 0x000001d0fd108e60, 0x000001d0fd1094d0, 0x000001d0fce23820,
0x000001d0fcd0e530, 0x000001d0fd2b2150, 0x000001d0fd2b3500, 0x000001d0fd2b2e70,
0x000001d0fd2b0080, 0x000001d0fd2b27e0, 0x000001d0fd2b0710, 0x000001d0ffb3c060
}

Java Threads: ( => current thread )
  0x000001d0e3383230 JavaThread "main"                              [_thread_blocked, id=2348, stack(0x0000002e37300000,0x0000002e37400000) (1024K)]
  0x000001d0e5577d70 JavaThread "Reference Handler"          daemon [_thread_blocked, id=15944, stack(0x0000002e37700000,0x0000002e37800000) (1024K)]
  0x000001d0e5579580 JavaThread "Finalizer"                  daemon [_thread_blocked, id=10500, stack(0x0000002e37800000,0x0000002e37900000) (1024K)]
  0x000001d0e557b110 JavaThread "Signal Dispatcher"          daemon [_thread_blocked, id=15220, stack(0x0000002e37900000,0x0000002e37a00000) (1024K)]
  0x000001d0e557c030 JavaThread "Attach Listener"            daemon [_thread_blocked, id=8116, stack(0x0000002e37a00000,0x0000002e37b00000) (1024K)]
  0x000001d0e557fd10 JavaThread "Service Thread"             daemon [_thread_blocked, id=7680, stack(0x0000002e37b00000,0x0000002e37c00000) (1024K)]
  0x000001d0e5580770 JavaThread "Monitor Deflation Thread"   daemon [_thread_blocked, id=11336, stack(0x0000002e37c00000,0x0000002e37d00000) (1024K)]
=>0x000001d0e55815b0 JavaThread "C2 CompilerThread0"         daemon [_thread_in_native, id=18216, stack(0x0000002e37d00000,0x0000002e37e00000) (1024K)]
  0x000001d0e55f64f0 JavaThread "C1 CompilerThread0"         daemon [_thread_in_native, id=17824, stack(0x0000002e37e00000,0x0000002e37f00000) (1024K)]
  0x000001d0fcd10360 JavaThread "Common-Cleaner"             daemon [_thread_blocked, id=1644, stack(0x0000002e37f00000,0x0000002e38000000) (1024K)]
  0x000001d0fcdd2d20 JavaThread "Notification Thread"        daemon [_thread_blocked, id=18224, stack(0x0000002e38000000,0x0000002e38100000) (1024K)]
  0x000001d0fd64de90 JavaThread "Active Thread: Equinox Container: 74734f4c-ad40-45b9-89bf-4b1e46b8582d"        [_thread_blocked, id=6524, stack(0x0000002e38100000,0x0000002e38200000) (1024K)]
  0x000001d0e55b05e0 JavaThread "Refresh Thread: Equinox Container: 74734f4c-ad40-45b9-89bf-4b1e46b8582d" daemon [_thread_blocked, id=11500, stack(0x0000002e38500000,0x0000002e38600000) (1024K)]
  0x000001d0fd108e60 JavaThread "Framework Event Dispatcher: Equinox Container: 74734f4c-ad40-45b9-89bf-4b1e46b8582d" daemon [_thread_blocked, id=11148, stack(0x0000002e38600000,0x0000002e38700000) (1024K)]
  0x000001d0fd1094d0 JavaThread "Start Level: Equinox Container: 74734f4c-ad40-45b9-89bf-4b1e46b8582d" daemon [_thread_in_vm, id=13032, stack(0x0000002e38700000,0x0000002e38800000) (1024K)]
  0x000001d0fce23820 JavaThread "Bundle File Closer"         daemon [_thread_blocked, id=11992, stack(0x0000002e38800000,0x0000002e38900000) (1024K)]
  0x000001d0fcd0e530 JavaThread "SCR Component Actor"        daemon [_thread_blocked, id=10876, stack(0x0000002e38900000,0x0000002e38a00000) (1024K)]
  0x000001d0fd2b2150 JavaThread "Worker-JM"                         [_thread_blocked, id=16712, stack(0x0000002e38a00000,0x0000002e38b00000) (1024K)]
  0x000001d0fd2b3500 JavaThread "JNA Cleaner"                daemon [_thread_blocked, id=9380, stack(0x0000002e38b00000,0x0000002e38c00000) (1024K)]
  0x000001d0fd2b2e70 JavaThread "Worker-0: Repository registry initialization"        [_thread_in_vm, id=13732, stack(0x0000002e38c00000,0x0000002e38d00000) (1024K)]
  0x000001d0fd2b0080 JavaThread "Worker-1: Building"                [_thread_blocked, id=5188, stack(0x0000002e38d00000,0x0000002e38e00000) (1024K)]
  0x000001d0fd2b27e0 JavaThread "Worker-2: Updating Maven Dependencies"        [_thread_blocked, id=2856, stack(0x0000002e38e00000,0x0000002e38f00000) (1024K)]
  0x000001d0fd2b0710 JavaThread "Worker-3"                          [_thread_blocked, id=16292, stack(0x0000002e39000000,0x0000002e39100000) (1024K)]
  0x000001d0ffb3c060 JavaThread "C2 CompilerThread1"         daemon [_thread_in_native, id=15880, stack(0x0000002e38f00000,0x0000002e39000000) (1024K)]
Total: 24

Other Threads:
  0x000001d0e555e290 VMThread "VM Thread"                           [id=5748, stack(0x0000002e37600000,0x0000002e37700000) (1024K)]
  0x000001d0e5757180 WatcherThread "VM Periodic Task Thread"        [id=16328, stack(0x0000002e37500000,0x0000002e37600000) (1024K)]
  0x000001d0e56ae120 WorkerThread "GC Thread#0"                     [id=18244, stack(0x0000002e37400000,0x0000002e37500000) (1024K)]
  0x000001d0fd09f630 WorkerThread "GC Thread#1"                     [id=6556, stack(0x0000002e38200000,0x0000002e38300000) (1024K)]
  0x000001d0fd09f9e0 WorkerThread "GC Thread#2"                     [id=6240, stack(0x0000002e38300000,0x0000002e38400000) (1024K)]
  0x000001d0fd09fd90 WorkerThread "GC Thread#3"                     [id=8412, stack(0x0000002e38400000,0x0000002e38500000) (1024K)]
Total: 6

Threads with active compile tasks:
C2 CompilerThread0  28166 4553       4       org.eclipse.osgi.internal.serviceregistry.ServiceRegistry::notifyHooksPrivileged (57 bytes)
C1 CompilerThread0  28166 4632       3       org.eclipse.core.internal.preferences.EclipsePreferences::absolutePath (79 bytes)
C2 CompilerThread1  28166 4616   !   4       sun.nio.cs.StreamDecoder::read (78 bytes)
Total: 3

VM state: not at safepoint (normal execution)

VM Mutex/Monitor currently owned by a thread:  ([mutex/lock_event])
[0x00007ffa813fd060] MethodCompileQueue_lock - owner thread: 0x000001d0e55f64f0
[0x00007ffa813fe460] CodeCache_lock - owner thread: 0x0000000000000000

Heap address: 0x0000000080000000, size: 2048 MB, Compressed Oops mode: 32-bit

CDS archive(s) mapped at: [0x000001d080000000-0x000001d080ba0000-0x000001d080ba0000), size 12189696, SharedBaseAddress: 0x000001d080000000, ArchiveRelocationMode: 1.
Compressed class space mapped at: 0x000001d081000000-0x000001d0c1000000, reserved size: 1073741824
Narrow klass base: 0x000001d080000000, Narrow klass shift: 0, Narrow klass range: 0x100000000

GC Precious Log:
 CardTable entry size: 512
 CPUs: 4 total, 4 available
 Memory: 12165M
 Large Page Support: Disabled
 NUMA Support: Disabled
 Compressed Oops: Enabled (32-bit)
 Alignments: Space 512K, Generation 512K, Heap 2M
 Heap Min Capacity: 100M
 Heap Initial Capacity: 100M
 Heap Max Capacity: 2G
 Pre-touch: Disabled
 Parallel Workers: 4

Heap:
 PSYoungGen      total 24064K, used 13253K [0x00000000d5580000, 0x00000000d7300000, 0x0000000100000000)
  eden space 22016K, 50% used [0x00000000d5580000,0x00000000d6072988,0x00000000d6b00000)
  from space 2048K, 99% used [0x00000000d6c80000,0x00000000d6e7ed80,0x00000000d6e80000)
  to   space 4096K, 0% used [0x00000000d6f00000,0x00000000d6f00000,0x00000000d7300000)
 ParOldGen       total 68608K, used 15999K [0x0000000080000000, 0x0000000084300000, 0x00000000d5580000)
  object space 68608K, 23% used [0x0000000080000000,0x0000000080f9fdc0,0x0000000084300000)
 Metaspace       used 29837K, committed 30720K, reserved 1114112K
  class space    used 3031K, committed 3392K, reserved 1048576K

Card table byte_map: [0x000001d0e5040000,0x000001d0e5450000] _byte_map_base: 0x000001d0e4c40000

Marking Bits: (ParMarkBitMap*) 0x00007ffa81403450
 Begin Bits: [0x000001d0f7b50000, 0x000001d0f9b50000)
 End Bits:   [0x000001d0f9b50000, 0x000001d0fbb50000)

Polling page: 0x000001d0e34e0000

Metaspace:

Usage:
  Non-class:     26.18 MB used.
      Class:      2.96 MB used.
       Both:     29.14 MB used.

Virtual space:
  Non-class space:       64.00 MB reserved,      26.69 MB ( 42%) committed,  1 nodes.
      Class space:        1.00 GB reserved,       3.31 MB ( <1%) committed,  1 nodes.
             Both:        1.06 GB reserved,      30.00 MB (  3%) committed. 

Chunk freelists:
   Non-Class:  4.82 MB
       Class:  12.62 MB
        Both:  17.45 MB

MaxMetaspaceSize: unlimited
CompressedClassSpaceSize: 1.00 GB
Initial GC threshold: 21.00 MB
Current GC threshold: 35.00 MB
CDS: on
 - commit_granule_bytes: 65536.
 - commit_granule_words: 8192.
 - virtual_space_node_default_size: 8388608.
 - enlarge_chunks_in_place: 1.
 - use_allocation_guard: 0.


Internal statistics:

num_allocs_failed_limit: 3.
num_arena_births: 722.
num_arena_deaths: 14.
num_vsnodes_births: 2.
num_vsnodes_deaths: 0.
num_space_committed: 480.
num_space_uncommitted: 0.
num_chunks_returned_to_freelist: 17.
num_chunks_taken_from_freelist: 1972.
num_chunk_merges: 7.
num_chunk_splits: 1235.
num_chunks_enlarged: 740.
num_inconsistent_stats: 0.

CodeHeap 'non-profiled nmethods': size=120000Kb used=2361Kb max_used=2361Kb free=117638Kb
 bounds [0x000001d0f0370000, 0x000001d0f05e0000, 0x000001d0f78a0000]
CodeHeap 'profiled nmethods': size=120000Kb used=9754Kb max_used=9754Kb free=110245Kb
 bounds [0x000001d0e88a0000, 0x000001d0e9230000, 0x000001d0efdd0000]
CodeHeap 'non-nmethods': size=5760Kb used=1337Kb max_used=1404Kb free=4422Kb
 bounds [0x000001d0efdd0000, 0x000001d0f0040000, 0x000001d0f0370000]
CodeCache: size=245760Kb, used=13452Kb, max_used=13519Kb, free=232305Kb
 total_blobs=5251, nmethods=4622, adapters=535, full_count=0
Compilation: enabled, stopped_count=0, restarted_count=0

Compilation events (20 events):
Event: 28.057 Thread 0x000001d0e55f64f0 4622       3       org.eclipse.core.runtime.ListenerList$ListenerListIterator::hasNext (16 bytes)
Event: 28.057 Thread 0x000001d0e55f64f0 nmethod 4622 0x000001d0e9219d90 code [0x000001d0e9219f40, 0x000001d0e921a0c0]
Event: 28.057 Thread 0x000001d0e55f64f0 4623       3       org.eclipse.core.internal.preferences.ImmutableMap$ArrayMap::<init> (50 bytes)
Event: 28.058 Thread 0x000001d0e55f64f0 nmethod 4623 0x000001d0e921a190 code [0x000001d0e921a380, 0x000001d0e921a790]
Event: 28.058 Thread 0x000001d0e55f64f0 4624       3       org.eclipse.core.internal.preferences.ImmutableMap$ArrayMap::get (54 bytes)
Event: 28.058 Thread 0x000001d0e55f64f0 nmethod 4624 0x000001d0e921a910 code [0x000001d0e921ab00, 0x000001d0e921ae38]
Event: 28.058 Thread 0x000001d0e55f64f0 4625       3       org.eclipse.core.runtime.ListenerList::iterator (12 bytes)
Event: 28.059 Thread 0x000001d0e55f64f0 nmethod 4625 0x000001d0e921b090 code [0x000001d0e921b240, 0x000001d0e921b488]
Event: 28.059 Thread 0x000001d0e55f64f0 4626   !   3       org.eclipse.core.internal.preferences.EclipsePreferences::internalPut (87 bytes)
Event: 28.060 Thread 0x000001d0e55f64f0 nmethod 4626 0x000001d0e921b590 code [0x000001d0e921b7e0, 0x000001d0e921c080]
Event: 28.061 Thread 0x000001d0e55f64f0 4627       3       org.eclipse.core.internal.preferences.ImmutableMap$ArrayMap::put (138 bytes)
Event: 28.062 Thread 0x000001d0e55f64f0 nmethod 4627 0x000001d0e921c610 code [0x000001d0e921c840, 0x000001d0e921ce70]
Event: 28.062 Thread 0x000001d0e55f64f0 4628       3       org.eclipse.core.internal.preferences.EclipsePreferences::put (43 bytes)
Event: 28.063 Thread 0x000001d0ffb3c060 nmethod 4594 0x000001d0f05bd790 code [0x000001d0f05bd980, 0x000001d0f05bdeb8]
Event: 28.063 Thread 0x000001d0ffb3c060 4615       4       java.nio.Buffer::position (52 bytes)
Event: 28.063 Thread 0x000001d0e55f64f0 nmethod 4628 0x000001d0e921d190 code [0x000001d0e921d3e0, 0x000001d0e921de20]
Event: 28.064 Thread 0x000001d0ffb3c060 nmethod 4615 0x000001d0f05be210 code [0x000001d0f05be3a0, 0x000001d0f05be490]
Event: 28.064 Thread 0x000001d0ffb3c060 4616   !   4       sun.nio.cs.StreamDecoder::read (78 bytes)
Event: 28.118 Thread 0x000001d0e55f64f0 4629       3       org.eclipse.core.runtime.preferences.IEclipsePreferences$PreferenceChangeEvent::<init> (41 bytes)
Event: 28.119 Thread 0x000001d0e55f64f0 nmethod 4629 0x000001d0e921e190 code [0x000001d0e921e380, 0x000001d0e921e8f0]

GC Heap History (20 events):
Event: 9.197 GC heap before
{Heap before GC invocations=3 (full 0):
 PSYoungGen      total 29696K, used 29686K [0x00000000d5580000, 0x00000000d7680000, 0x0000000100000000)
  eden space 25600K, 100% used [0x00000000d5580000,0x00000000d6e80000,0x00000000d6e80000)
  from space 4096K, 99% used [0x00000000d7280000,0x00000000d767d810,0x00000000d7680000)
  to   space 4096K, 0% used [0x00000000d6e80000,0x00000000d6e80000,0x00000000d7280000)
 ParOldGen       total 68608K, used 2049K [0x0000000080000000, 0x0000000084300000, 0x00000000d5580000)
  object space 68608K, 2% used [0x0000000080000000,0x00000000802006a8,0x0000000084300000)
 Metaspace       used 9424K, committed 9792K, reserved 1114112K
  class space    used 1007K, committed 1152K, reserved 1048576K
}
Event: 9.205 GC heap after
{Heap after GC invocations=3 (full 0):
 PSYoungGen      total 29696K, used 4072K [0x00000000d5580000, 0x00000000d7680000, 0x0000000100000000)
  eden space 25600K, 0% used [0x00000000d5580000,0x00000000d5580000,0x00000000d6e80000)
  from space 4096K, 99% used [0x00000000d6e80000,0x00000000d727a000,0x00000000d7280000)
  to   space 4096K, 0% used [0x00000000d7280000,0x00000000d7280000,0x00000000d7680000)
 ParOldGen       total 68608K, used 5057K [0x0000000080000000, 0x0000000084300000, 0x00000000d5580000)
  object space 68608K, 7% used [0x0000000080000000,0x00000000804f0410,0x0000000084300000)
 Metaspace       used 9424K, committed 9792K, reserved 1114112K
  class space    used 1007K, committed 1152K, reserved 1048576K
}
Event: 13.230 GC heap before
{Heap before GC invocations=4 (full 0):
 PSYoungGen      total 29696K, used 29672K [0x00000000d5580000, 0x00000000d7680000, 0x0000000100000000)
  eden space 25600K, 100% used [0x00000000d5580000,0x00000000d6e80000,0x00000000d6e80000)
  from space 4096K, 99% used [0x00000000d6e80000,0x00000000d727a000,0x00000000d7280000)
  to   space 4096K, 0% used [0x00000000d7280000,0x00000000d7280000,0x00000000d7680000)
 ParOldGen       total 68608K, used 5057K [0x0000000080000000, 0x0000000084300000, 0x00000000d5580000)
  object space 68608K, 7% used [0x0000000080000000,0x00000000804f0410,0x0000000084300000)
 Metaspace       used 11659K, committed 12032K, reserved 1114112K
  class space    used 1227K, committed 1408K, reserved 1048576K
}
Event: 13.238 GC heap after
{Heap after GC invocations=4 (full 0):
 PSYoungGen      total 29696K, used 4075K [0x00000000d5580000, 0x00000000d7680000, 0x0000000100000000)
  eden space 25600K, 0% used [0x00000000d5580000,0x00000000d5580000,0x00000000d6e80000)
  from space 4096K, 99% used [0x00000000d7280000,0x00000000d767af18,0x00000000d7680000)
  to   space 4096K, 0% used [0x00000000d6e80000,0x00000000d6e80000,0x00000000d7280000)
 ParOldGen       total 68608K, used 6088K [0x0000000080000000, 0x0000000084300000, 0x00000000d5580000)
  object space 68608K, 8% used [0x0000000080000000,0x00000000805f2168,0x0000000084300000)
 Metaspace       used 11659K, committed 12032K, reserved 1114112K
  class space    used 1227K, committed 1408K, reserved 1048576K
}
Event: 16.121 GC heap before
{Heap before GC invocations=5 (full 0):
 PSYoungGen      total 29696K, used 29675K [0x00000000d5580000, 0x00000000d7680000, 0x0000000100000000)
  eden space 25600K, 100% used [0x00000000d5580000,0x00000000d6e80000,0x00000000d6e80000)
  from space 4096K, 99% used [0x00000000d7280000,0x00000000d767af18,0x00000000d7680000)
  to   space 4096K, 0% used [0x00000000d6e80000,0x00000000d6e80000,0x00000000d7280000)
 ParOldGen       total 68608K, used 6088K [0x0000000080000000, 0x0000000084300000, 0x00000000d5580000)
  object space 68608K, 8% used [0x0000000080000000,0x00000000805f2168,0x0000000084300000)
 Metaspace       used 14758K, committed 15232K, reserved 1114112K
  class space    used 1507K, committed 1664K, reserved 1048576K
}
Event: 16.128 GC heap after
{Heap after GC invocations=5 (full 0):
 PSYoungGen      total 29184K, used 4085K [0x00000000d5580000, 0x00000000d7900000, 0x0000000100000000)
  eden space 25088K, 0% used [0x00000000d5580000,0x00000000d5580000,0x00000000d6e00000)
  from space 4096K, 99% used [0x00000000d6e80000,0x00000000d727d600,0x00000000d7280000)
  to   space 5632K, 0% used [0x00000000d7380000,0x00000000d7380000,0x00000000d7900000)
 ParOldGen       total 68608K, used 7393K [0x0000000080000000, 0x0000000084300000, 0x00000000d5580000)
  object space 68608K, 10% used [0x0000000080000000,0x0000000080738630,0x0000000084300000)
 Metaspace       used 14758K, committed 15232K, reserved 1114112K
  class space    used 1507K, committed 1664K, reserved 1048576K
}
Event: 17.993 GC heap before
{Heap before GC invocations=6 (full 0):
 PSYoungGen      total 29184K, used 29173K [0x00000000d5580000, 0x00000000d7900000, 0x0000000100000000)
  eden space 25088K, 100% used [0x00000000d5580000,0x00000000d6e00000,0x00000000d6e00000)
  from space 4096K, 99% used [0x00000000d6e80000,0x00000000d727d600,0x00000000d7280000)
  to   space 5632K, 0% used [0x00000000d7380000,0x00000000d7380000,0x00000000d7900000)
 ParOldGen       total 68608K, used 7393K [0x0000000080000000, 0x0000000084300000, 0x00000000d5580000)
  object space 68608K, 10% used [0x0000000080000000,0x0000000080738630,0x0000000084300000)
 Metaspace       used 16983K, committed 17600K, reserved 1114112K
  class space    used 1750K, committed 1984K, reserved 1048576K
}
Event: 18.003 GC heap after
{Heap after GC invocations=6 (full 0):
 PSYoungGen      total 29184K, used 5624K [0x00000000d5580000, 0x00000000d7b80000, 0x0000000100000000)
  eden space 23552K, 0% used [0x00000000d5580000,0x00000000d5580000,0x00000000d6c80000)
  from space 5632K, 99% used [0x00000000d7380000,0x00000000d78fe050,0x00000000d7900000)
  to   space 7168K, 0% used [0x00000000d6c80000,0x00000000d6c80000,0x00000000d7380000)
 ParOldGen       total 68608K, used 8297K [0x0000000080000000, 0x0000000084300000, 0x00000000d5580000)
  object space 68608K, 12% used [0x0000000080000000,0x000000008081a630,0x0000000084300000)
 Metaspace       used 16983K, committed 17600K, reserved 1114112K
  class space    used 1750K, committed 1984K, reserved 1048576K
}
Event: 21.638 GC heap before
{Heap before GC invocations=7 (full 0):
 PSYoungGen      total 29184K, used 29176K [0x00000000d5580000, 0x00000000d7b80000, 0x0000000100000000)
  eden space 23552K, 100% used [0x00000000d5580000,0x00000000d6c80000,0x00000000d6c80000)
  from space 5632K, 99% used [0x00000000d7380000,0x00000000d78fe050,0x00000000d7900000)
  to   space 7168K, 0% used [0x00000000d6c80000,0x00000000d6c80000,0x00000000d7380000)
 ParOldGen       total 68608K, used 8297K [0x0000000080000000, 0x0000000084300000, 0x00000000d5580000)
  object space 68608K, 12% used [0x0000000080000000,0x000000008081a630,0x0000000084300000)
 Metaspace       used 19505K, committed 20288K, reserved 1114112K
  class space    used 2021K, committed 2304K, reserved 1048576K
}
Event: 21.653 GC heap after
{Heap after GC invocations=7 (full 0):
 PSYoungGen      total 27648K, used 4441K [0x00000000d5580000, 0x00000000d7700000, 0x0000000100000000)
  eden space 23040K, 0% used [0x00000000d5580000,0x00000000d5580000,0x00000000d6c00000)
  from space 4608K, 96% used [0x00000000d6c80000,0x00000000d70d67d8,0x00000000d7100000)
  to   space 5632K, 0% used [0x00000000d7180000,0x00000000d7180000,0x00000000d7700000)
 ParOldGen       total 68608K, used 10107K [0x0000000080000000, 0x0000000084300000, 0x00000000d5580000)
  object space 68608K, 14% used [0x0000000080000000,0x00000000809dec40,0x0000000084300000)
 Metaspace       used 19505K, committed 20288K, reserved 1114112K
  class space    used 2021K, committed 2304K, reserved 1048576K
}
Event: 23.013 GC heap before
{Heap before GC invocations=8 (full 0):
 PSYoungGen      total 27648K, used 17609K [0x00000000d5580000, 0x00000000d7700000, 0x0000000100000000)
  eden space 23040K, 57% used [0x00000000d5580000,0x00000000d625bf58,0x00000000d6c00000)
  from space 4608K, 96% used [0x00000000d6c80000,0x00000000d70d67d8,0x00000000d7100000)
  to   space 5632K, 0% used [0x00000000d7180000,0x00000000d7180000,0x00000000d7700000)
 ParOldGen       total 68608K, used 10107K [0x0000000080000000, 0x0000000084300000, 0x00000000d5580000)
  object space 68608K, 14% used [0x0000000080000000,0x00000000809dec40,0x0000000084300000)
 Metaspace       used 20757K, committed 21504K, reserved 1114112K
  class space    used 2174K, committed 2496K, reserved 1048576K
}
Event: 23.018 GC heap after
{Heap after GC invocations=8 (full 0):
 PSYoungGen      total 27648K, used 4573K [0x00000000d5580000, 0x00000000d7600000, 0x0000000100000000)
  eden space 23040K, 0% used [0x00000000d5580000,0x00000000d5580000,0x00000000d6c00000)
  from space 4608K, 99% used [0x00000000d7180000,0x00000000d75f74f0,0x00000000d7600000)
  to   space 5120K, 0% used [0x00000000d6c00000,0x00000000d6c00000,0x00000000d7100000)
 ParOldGen       total 68608K, used 10610K [0x0000000080000000, 0x0000000084300000, 0x00000000d5580000)
  object space 68608K, 15% used [0x0000000080000000,0x0000000080a5cb58,0x0000000084300000)
 Metaspace       used 20757K, committed 21504K, reserved 1114112K
  class space    used 2174K, committed 2496K, reserved 1048576K
}
Event: 23.018 GC heap before
{Heap before GC invocations=9 (full 1):
 PSYoungGen      total 27648K, used 4573K [0x00000000d5580000, 0x00000000d7600000, 0x0000000100000000)
  eden space 23040K, 0% used [0x00000000d5580000,0x00000000d5580000,0x00000000d6c00000)
  from space 4608K, 99% used [0x00000000d7180000,0x00000000d75f74f0,0x00000000d7600000)
  to   space 5120K, 0% used [0x00000000d6c00000,0x00000000d6c00000,0x00000000d7100000)
 ParOldGen       total 68608K, used 10610K [0x0000000080000000, 0x0000000084300000, 0x00000000d5580000)
  object space 68608K, 15% used [0x0000000080000000,0x0000000080a5cb58,0x0000000084300000)
 Metaspace       used 20757K, committed 21504K, reserved 1114112K
  class space    used 2174K, committed 2496K, reserved 1048576K
}
Event: 23.095 GC heap after
{Heap after GC invocations=9 (full 1):
 PSYoungGen      total 27648K, used 0K [0x00000000d5580000, 0x00000000d7600000, 0x0000000100000000)
  eden space 23040K, 0% used [0x00000000d5580000,0x00000000d5580000,0x00000000d6c00000)
  from space 4608K, 0% used [0x00000000d7180000,0x00000000d7180000,0x00000000d7600000)
  to   space 5120K, 0% used [0x00000000d6c00000,0x00000000d6c00000,0x00000000d7100000)
 ParOldGen       total 68608K, used 14612K [0x0000000080000000, 0x0000000084300000, 0x00000000d5580000)
  object space 68608K, 21% used [0x0000000080000000,0x0000000080e45068,0x0000000084300000)
 Metaspace       used 20744K, committed 21504K, reserved 1114112K
  class space    used 2171K, committed 2496K, reserved 1048576K
}
Event: 24.320 GC heap before
{Heap before GC invocations=10 (full 1):
 PSYoungGen      total 27648K, used 23040K [0x00000000d5580000, 0x00000000d7600000, 0x0000000100000000)
  eden space 23040K, 100% used [0x00000000d5580000,0x00000000d6c00000,0x00000000d6c00000)
  from space 4608K, 0% used [0x00000000d7180000,0x00000000d7180000,0x00000000d7600000)
  to   space 5120K, 0% used [0x00000000d6c00000,0x00000000d6c00000,0x00000000d7100000)
 ParOldGen       total 68608K, used 14612K [0x0000000080000000, 0x0000000084300000, 0x00000000d5580000)
  object space 68608K, 21% used [0x0000000080000000,0x0000000080e45068,0x0000000084300000)
 Metaspace       used 22510K, committed 23296K, reserved 1114112K
  class space    used 2315K, committed 2624K, reserved 1048576K
}
Event: 24.322 GC heap after
{Heap after GC invocations=10 (full 1):
 PSYoungGen      total 25600K, used 2690K [0x00000000d5580000, 0x00000000d7280000, 0x0000000100000000)
  eden space 22528K, 0% used [0x00000000d5580000,0x00000000d5580000,0x00000000d6b80000)
  from space 3072K, 87% used [0x00000000d6c00000,0x00000000d6ea0970,0x00000000d6f00000)
  to   space 3584K, 0% used [0x00000000d6f00000,0x00000000d6f00000,0x00000000d7280000)
 ParOldGen       total 68608K, used 14620K [0x0000000080000000, 0x0000000084300000, 0x00000000d5580000)
  object space 68608K, 21% used [0x0000000080000000,0x0000000080e47068,0x0000000084300000)
 Metaspace       used 22510K, committed 23296K, reserved 1114112K
  class space    used 2315K, committed 2624K, reserved 1048576K
}
Event: 25.594 GC heap before
{Heap before GC invocations=11 (full 1):
 PSYoungGen      total 25600K, used 25218K [0x00000000d5580000, 0x00000000d7280000, 0x0000000100000000)
  eden space 22528K, 100% used [0x00000000d5580000,0x00000000d6b80000,0x00000000d6b80000)
  from space 3072K, 87% used [0x00000000d6c00000,0x00000000d6ea0970,0x00000000d6f00000)
  to   space 3584K, 0% used [0x00000000d6f00000,0x00000000d6f00000,0x00000000d7280000)
 ParOldGen       total 68608K, used 14620K [0x0000000080000000, 0x0000000084300000, 0x00000000d5580000)
  object space 68608K, 21% used [0x0000000080000000,0x0000000080e47068,0x0000000084300000)
 Metaspace       used 25667K, committed 26560K, reserved 1114112K
  class space    used 2594K, committed 2944K, reserved 1048576K
}
Event: 25.597 GC heap after
{Heap after GC invocations=11 (full 1):
 PSYoungGen      total 23552K, used 1185K [0x00000000d5580000, 0x00000000d7080000, 0x0000000100000000)
  eden space 22016K, 0% used [0x00000000d5580000,0x00000000d5580000,0x00000000d6b00000)
  from space 1536K, 77% used [0x00000000d6f00000,0x00000000d70286a8,0x00000000d7080000)
  to   space 2048K, 0% used [0x00000000d6c80000,0x00000000d6c80000,0x00000000d6e80000)
 ParOldGen       total 68608K, used 14628K [0x0000000080000000, 0x0000000084300000, 0x00000000d5580000)
  object space 68608K, 21% used [0x0000000080000000,0x0000000080e49068,0x0000000084300000)
 Metaspace       used 25667K, committed 26560K, reserved 1114112K
  class space    used 2594K, committed 2944K, reserved 1048576K
}
Event: 27.419 GC heap before
{Heap before GC invocations=12 (full 1):
 PSYoungGen      total 23552K, used 23201K [0x00000000d5580000, 0x00000000d7080000, 0x0000000100000000)
  eden space 22016K, 100% used [0x00000000d5580000,0x00000000d6b00000,0x00000000d6b00000)
  from space 1536K, 77% used [0x00000000d6f00000,0x00000000d70286a8,0x00000000d7080000)
  to   space 2048K, 0% used [0x00000000d6c80000,0x00000000d6c80000,0x00000000d6e80000)
 ParOldGen       total 68608K, used 14628K [0x0000000080000000, 0x0000000084300000, 0x00000000d5580000)
  object space 68608K, 21% used [0x0000000080000000,0x0000000080e49068,0x0000000084300000)
 Metaspace       used 28353K, committed 29312K, reserved 1114112K
  class space    used 2916K, committed 3328K, reserved 1048576K
}
Event: 27.423 GC heap after
{Heap after GC invocations=12 (full 1):
 PSYoungGen      total 24064K, used 2043K [0x00000000d5580000, 0x00000000d7300000, 0x0000000100000000)
  eden space 22016K, 0% used [0x00000000d5580000,0x00000000d5580000,0x00000000d6b00000)
  from space 2048K, 99% used [0x00000000d6c80000,0x00000000d6e7ed80,0x00000000d6e80000)
  to   space 4096K, 0% used [0x00000000d6f00000,0x00000000d6f00000,0x00000000d7300000)
 ParOldGen       total 68608K, used 15999K [0x0000000080000000, 0x0000000084300000, 0x00000000d5580000)
  object space 68608K, 23% used [0x0000000080000000,0x0000000080f9fdc0,0x0000000084300000)
 Metaspace       used 28353K, committed 29312K, reserved 1114112K
  class space    used 2916K, committed 3328K, reserved 1048576K
}

Dll operation events (10 events):
Event: 0.027 Loaded shared library c:\Users\ACER\.antigravity\extensions\redhat.java-1.54.0-win32-x64\jre\21.0.10-win32-x86_64\bin\java.dll
Event: 0.874 Loaded shared library c:\Users\ACER\.antigravity\extensions\redhat.java-1.54.0-win32-x64\jre\21.0.10-win32-x86_64\bin\zip.dll
Event: 1.065 Loaded shared library C:\Users\ACER\.antigravity\extensions\redhat.java-1.54.0-win32-x64\jre\21.0.10-win32-x86_64\bin\instrument.dll
Event: 1.075 Loaded shared library C:\Users\ACER\.antigravity\extensions\redhat.java-1.54.0-win32-x64\jre\21.0.10-win32-x86_64\bin\net.dll
Event: 1.078 Loaded shared library C:\Users\ACER\.antigravity\extensions\redhat.java-1.54.0-win32-x64\jre\21.0.10-win32-x86_64\bin\nio.dll
Event: 1.083 Loaded shared library C:\Users\ACER\.antigravity\extensions\redhat.java-1.54.0-win32-x64\jre\21.0.10-win32-x86_64\bin\zip.dll
Event: 1.162 Loaded shared library C:\Users\ACER\.antigravity\extensions\redhat.java-1.54.0-win32-x64\jre\21.0.10-win32-x86_64\bin\jimage.dll
Event: 1.494 Loaded shared library c:\Users\ACER\.antigravity\extensions\redhat.java-1.54.0-win32-x64\jre\21.0.10-win32-x86_64\bin\verify.dll
Event: 7.157 Loaded shared library C:\Users\ACER\AppData\Roaming\Antigravity\User\globalStorage\redhat.java\1.54.0\config_win\org.eclipse.equinox.launcher\org.eclipse.equinox.launcher.win32.win32.x86_64_1.3.0.v20260203-2149\eclipse_11919.dll
Event: 17.731 Loaded shared library C:\Users\ACER\AppData\Local\Temp\jna-2003023\jna6292430126469881983.dll

Deoptimization events (20 events):
Event: 24.521 Thread 0x000001d0fd2b2e70 Uncommon trap: trap_request=0xffffff76 fr.pc=0x000001d0f04e0798 relative=0x0000000000000398
Event: 24.521 Thread 0x000001d0fd2b2e70 Uncommon trap: reason=predicate action=maybe_recompile pc=0x000001d0f04e0798 method=java.util.regex.Pattern$BmpCharPropertyGreedy.match(Ljava/util/regex/Matcher;ILjava/lang/CharSequence;)Z @ 12 c2
Event: 24.521 Thread 0x000001d0fd2b2e70 DEOPT PACKING pc=0x000001d0f04e0798 sp=0x0000002e38cfea40
Event: 24.521 Thread 0x000001d0fd2b2e70 DEOPT UNPACKING pc=0x000001d0efe23aa2 sp=0x0000002e38cfe9c8 mode 2
Event: 27.201 Thread 0x000001d0fd1094d0 Uncommon trap: trap_request=0xffffff45 fr.pc=0x000001d0f05a6c04 relative=0x0000000000000164
Event: 27.201 Thread 0x000001d0fd1094d0 Uncommon trap: reason=unstable_if action=reinterpret pc=0x000001d0f05a6c04 method=org.lombokweb.asm.ByteVector.putByteArray([BII)Lorg/lombokweb/asm/ByteVector; @ 20 c2
Event: 27.201 Thread 0x000001d0fd1094d0 DEOPT PACKING pc=0x000001d0f05a6c04 sp=0x0000002e387eee10
Event: 27.201 Thread 0x000001d0fd1094d0 DEOPT UNPACKING pc=0x000001d0efe23aa2 sp=0x0000002e387eede0 mode 2
Event: 27.652 Thread 0x000001d0fd2b2e70 Uncommon trap: trap_request=0xffffff45 fr.pc=0x000001d0f0447f98 relative=0x00000000000008d8
Event: 27.652 Thread 0x000001d0fd2b2e70 Uncommon trap: reason=unstable_if action=reinterpret pc=0x000001d0f0447f98 method=jdk.internal.org.objectweb.asm.SymbolTable.put(Ljdk/internal/org/objectweb/asm/SymbolTable$Entry;)Ljdk/internal/org/objectweb/asm/SymbolTable$Entry; @ 13 c2
Event: 27.652 Thread 0x000001d0fd2b2e70 DEOPT PACKING pc=0x000001d0f0447f98 sp=0x0000002e38cfd9b0
Event: 27.652 Thread 0x000001d0fd2b2e70 DEOPT UNPACKING pc=0x000001d0efe23aa2 sp=0x0000002e38cfd8c8 mode 2
Event: 27.857 Thread 0x000001d0fd2b2e70 Uncommon trap: trap_request=0xffffffc6 fr.pc=0x000001d0f0470414 relative=0x0000000000001074
Event: 27.857 Thread 0x000001d0fd2b2e70 Uncommon trap: reason=bimorphic_or_optimized_type_check action=maybe_recompile pc=0x000001d0f0470414 method=java.util.Properties$LineReader.readLine()I @ 479 c2
Event: 27.857 Thread 0x000001d0fd2b2e70 DEOPT PACKING pc=0x000001d0f0470414 sp=0x0000002e38cfdac0
Event: 27.857 Thread 0x000001d0fd2b2e70 DEOPT UNPACKING pc=0x000001d0efe23aa2 sp=0x0000002e38cfda60 mode 2
Event: 28.021 Thread 0x000001d0fd2b2e70 Uncommon trap: trap_request=0xffffff45 fr.pc=0x000001d0f058cf68 relative=0x00000000000000c8
Event: 28.021 Thread 0x000001d0fd2b2e70 Uncommon trap: reason=unstable_if action=reinterpret pc=0x000001d0f058cf68 method=org.codehaus.plexus.util.xml.pull.MXParser.more()C @ 8 c2
Event: 28.021 Thread 0x000001d0fd2b2e70 DEOPT PACKING pc=0x000001d0f058cf68 sp=0x0000002e38cfe5b0
Event: 28.021 Thread 0x000001d0fd2b2e70 DEOPT UNPACKING pc=0x000001d0efe23aa2 sp=0x0000002e38cfe540 mode 2

Classes loaded (20 events):
Event: 26.450 Loading class sun/reflect/annotation/TypeAnnotation$LocationInfo
Event: 26.451 Loading class sun/reflect/annotation/TypeAnnotation$LocationInfo done
Event: 26.451 Loading class sun/reflect/annotation/TypeAnnotation$LocationInfo$Location
Event: 26.451 Loading class sun/reflect/annotation/TypeAnnotation$LocationInfo$Location done
Event: 26.451 Loading class sun/reflect/annotation/AnnotatedTypeFactory
Event: 26.451 Loading class sun/reflect/annotation/AnnotatedTypeFactory done
Event: 26.451 Loading class sun/reflect/annotation/AnnotatedTypeFactory$AnnotatedTypeBaseImpl
Event: 26.452 Loading class sun/reflect/annotation/AnnotatedTypeFactory$AnnotatedTypeBaseImpl done
Event: 27.248 Loading class java/lang/annotation/ElementType
Event: 27.249 Loading class java/lang/annotation/ElementType done
Event: 27.414 Loading class java/lang/reflect/ParameterizedType
Event: 27.415 Loading class java/lang/reflect/ParameterizedType done
Event: 27.425 Loading class java/lang/reflect/WildcardType
Event: 27.425 Loading class java/lang/reflect/WildcardType done
Event: 27.428 Loading class sun/reflect/generics/tree/TypeVariableSignature
Event: 27.428 Loading class sun/reflect/generics/tree/TypeVariableSignature done
Event: 27.635 Loading class java/lang/Deprecated
Event: 27.635 Loading class java/lang/Deprecated done
Event: 28.011 Loading class java/lang/annotation/IncompleteAnnotationException
Event: 28.011 Loading class java/lang/annotation/IncompleteAnnotationException done

Classes unloaded (7 events):
Event: 23.030 Thread 0x000001d0e555e290 Unloading class 0x000001d0811a3800 'java/lang/invoke/LambdaForm$MH+0x000001d0811a3800'
Event: 23.030 Thread 0x000001d0e555e290 Unloading class 0x000001d0811a3400 'java/lang/invoke/LambdaForm$MH+0x000001d0811a3400'
Event: 23.030 Thread 0x000001d0e555e290 Unloading class 0x000001d0811a3000 'java/lang/invoke/LambdaForm$MH+0x000001d0811a3000'
Event: 23.030 Thread 0x000001d0e555e290 Unloading class 0x000001d0811a2c00 'java/lang/invoke/LambdaForm$MH+0x000001d0811a2c00'
Event: 23.030 Thread 0x000001d0e555e290 Unloading class 0x000001d0811a2800 'java/lang/invoke/LambdaForm$BMH+0x000001d0811a2800'
Event: 23.030 Thread 0x000001d0e555e290 Unloading class 0x000001d0811a2400 'java/lang/invoke/LambdaForm$DMH+0x000001d0811a2400'
Event: 23.030 Thread 0x000001d0e555e290 Unloading class 0x000001d0811a1000 'java/lang/invoke/LambdaForm$DMH+0x000001d0811a1000'

Classes redefined (0 events):
No events

Internal exceptions (20 events):
Event: 24.336 Thread 0x000001d0fd2b27e0 Exception <a 'java/lang/NoSuchMethodError'{0x00000000d5924df8}: 'java.lang.Object java.lang.invoke.DirectMethodHandle$Holder.newInvokeSpecial(java.lang.Object, java.lang.Object, java.lang.Object, java.lang.Object, java.lang.Object)'> (0x00000000d5924df8) 
thrown [s\src\hotspot\share\interpreter\linkResolver.cpp, line 773]
Event: 24.341 Thread 0x000001d0fd2b2e70 Exception <a 'java/lang/NoSuchMethodError'{0x00000000d592be50}: 'java.lang.Object java.lang.invoke.Invokers$Holder.invoke_MT(java.lang.Object, java.lang.Object, java.lang.Object, java.lang.Object, java.lang.Object, java.lang.Object, java.lang.Object, java.lang.Object, java.lang.Object)'> (0x00000000d592be50) 
thrown [s\src\hotspot\share\interpreter\linkResolver.cpp, line 773]
Event: 24.361 Thread 0x000001d0fd2b2e70 Exception <a 'java/lang/NoSuchMethodError'{0x00000000d59ae748}: 'int java.lang.invoke.DirectMethodHandle$Holder.invokeVirtual(java.lang.Object, java.lang.Object, java.lang.Object)'> (0x00000000d59ae748) 
thrown [s\src\hotspot\share\interpreter\linkResolver.cpp, line 773]
Event: 24.362 Thread 0x000001d0fd2b2e70 Exception <a 'java/lang/NoSuchMethodError'{0x00000000d59b2668}: 'int java.lang.invoke.DirectMethodHandle$Holder.invokeStaticInit(java.lang.Object, int, int)'> (0x00000000d59b2668) 
thrown [s\src\hotspot\share\interpreter\linkResolver.cpp, line 773]
Event: 24.363 Thread 0x000001d0fd2b2e70 Exception <a 'java/lang/NoSuchMethodError'{0x00000000d59b9960}: 'int java.lang.invoke.DirectMethodHandle$Holder.invokeStaticInit(java.lang.Object, long, long)'> (0x00000000d59b9960) 
thrown [s\src\hotspot\share\interpreter\linkResolver.cpp, line 773]
Event: 24.367 Thread 0x000001d0fd2b2e70 Exception <a 'java/lang/NoSuchMethodError'{0x00000000d59c1fa8}: 'int java.lang.invoke.DirectMethodHandle$Holder.invokeStaticInit(java.lang.Object, float, float)'> (0x00000000d59c1fa8) 
thrown [s\src\hotspot\share\interpreter\linkResolver.cpp, line 773]
Event: 24.368 Thread 0x000001d0fd2b2e70 Exception <a 'java/lang/NoSuchMethodError'{0x00000000d59c88e0}: 'int java.lang.invoke.DirectMethodHandle$Holder.invokeStaticInit(java.lang.Object, double, double)'> (0x00000000d59c88e0) 
thrown [s\src\hotspot\share\interpreter\linkResolver.cpp, line 773]
Event: 24.369 Thread 0x000001d0fd2b2e70 Exception <a 'java/lang/NoSuchMethodError'{0x00000000d59cca28}: 'int java.lang.invoke.DirectMethodHandle$Holder.invokeStatic(java.lang.Object, long)'> (0x00000000d59cca28) 
thrown [s\src\hotspot\share\interpreter\linkResolver.cpp, line 773]
Event: 24.377 Thread 0x000001d0fd2b2e70 Exception <a 'java/lang/NoSuchMethodError'{0x00000000d59eb0c0}: 'int java.lang.invoke.Invokers$Holder.linkToTargetMethod(java.lang.Object, java.lang.Object)'> (0x00000000d59eb0c0) 
thrown [s\src\hotspot\share\interpreter\linkResolver.cpp, line 773]
Event: 24.377 Thread 0x000001d0fd2b27e0 Exception <a 'java/lang/NoSuchMethodError'{0x00000000d59ee408}: 'int java.lang.invoke.Invokers$Holder.linkToTargetMethod(java.lang.Object, java.lang.Object)'> (0x00000000d59ee408) 
thrown [s\src\hotspot\share\interpreter\linkResolver.cpp, line 773]
Event: 24.385 Thread 0x000001d0fd2b27e0 Exception <a 'java/lang/NoSuchMethodError'{0x00000000d5a12280}: 'int java.lang.invoke.DirectMethodHandle$Holder.invokeSpecial(java.lang.Object, java.lang.Object, java.lang.Object, java.lang.Object)'> (0x00000000d5a12280) 
thrown [s\src\hotspot\share\interpreter\linkResolver.cpp, line 773]
Event: 24.387 Thread 0x000001d0fd2b27e0 Exception <a 'java/lang/NoSuchMethodError'{0x00000000d5a1fbd0}: 'java.lang.Object java.lang.invoke.DirectMethodHandle$Holder.invokeStatic(java.lang.Object, int, java.lang.Object, java.lang.Object)'> (0x00000000d5a1fbd0) 
thrown [s\src\hotspot\share\interpreter\linkResolver.cpp, line 773]
Event: 24.387 Thread 0x000001d0fd2b27e0 Exception <a 'java/lang/NoSuchMethodError'{0x00000000d5a297e8}: 'java.lang.Object java.lang.invoke.DelegatingMethodHandle$Holder.delegate(java.lang.Object, int, java.lang.Object, java.lang.Object)'> (0x00000000d5a297e8) 
thrown [s\src\hotspot\share\interpreter\linkResolver.cpp, line 773]
Event: 24.391 Thread 0x000001d0fd2b27e0 Exception <a 'java/lang/NoSuchMethodError'{0x00000000d5a49718}: 'int java.lang.invoke.Invokers$Holder.linkToTargetMethod(java.lang.Object, java.lang.Object, java.lang.Object)'> (0x00000000d5a49718) 
thrown [s\src\hotspot\share\interpreter\linkResolver.cpp, line 773]
Event: 24.520 Thread 0x000001d0fd1094d0 Exception <a 'java/io/FileNotFoundException'{0x00000000d5b7c3e8}> (0x00000000d5b7c3e8) 
thrown [s\src\hotspot\share\prims\jni.cpp, line 520]
Event: 24.520 Thread 0x000001d0fd1094d0 Exception <a 'java/io/FileNotFoundException'{0x00000000d5b7d248}> (0x00000000d5b7d248) 
thrown [s\src\hotspot\share\prims\jni.cpp, line 520]
Event: 24.520 Thread 0x000001d0fd1094d0 Exception <a 'java/io/FileNotFoundException'{0x00000000d5b7e1b0}> (0x00000000d5b7e1b0) 
thrown [s\src\hotspot\share\prims\jni.cpp, line 520]
Event: 24.699 Thread 0x000001d0fd2b2e70 Exception <a 'java/lang/NoSuchMethodError'{0x00000000d5fe89b0}: 'java.lang.Object java.lang.invoke.DirectMethodHandle$Holder.invokeSpecialIFC(java.lang.Object, java.lang.Object, java.lang.Object, java.lang.Object)'> (0x00000000d5fe89b0) 
thrown [s\src\hotspot\share\interpreter\linkResolver.cpp, line 773]
Event: 27.201 Thread 0x000001d0fd1094d0 Implicit null exception at 0x000001d0f05a6af5 to 0x000001d0f05a6be8
Event: 28.012 Thread 0x000001d0fd2b2e70 Exception <a 'java/lang/NoClassDefFoundError'{0x00000000d5ef2670}: javax/enterprise/inject/Typed> (0x00000000d5ef2670) 
thrown [s\src\hotspot\share\classfile\systemDictionary.cpp, line 301]

ZGC Phase Switch (0 events):
No events

VM Operations (20 events):
Event: 22.656 Executing safepoint VM operation: Cleanup
Event: 22.767 Executing safepoint VM operation: Cleanup done
Event: 23.013 Executing safepoint VM operation: CollectForMetadataAllocation (Metadata GC Threshold)
Event: 23.095 Executing safepoint VM operation: CollectForMetadataAllocation (Metadata GC Threshold) done
Event: 23.348 Executing non-safepoint VM operation: HandshakeAllThreads (Deoptimize)
Event: 23.448 Executing non-safepoint VM operation: HandshakeAllThreads (Deoptimize) done
Event: 24.320 Executing safepoint VM operation: ParallelGCFailedAllocation (Allocation Failure)
Event: 24.322 Executing safepoint VM operation: ParallelGCFailedAllocation (Allocation Failure) done
Event: 24.392 Executing non-safepoint VM operation: HandshakeAllThreads (Deoptimize)
Event: 24.507 Executing non-safepoint VM operation: HandshakeAllThreads (Deoptimize) done
Event: 25.507 Executing safepoint VM operation: Cleanup
Event: 25.578 Executing safepoint VM operation: Cleanup done
Event: 25.593 Executing safepoint VM operation: ParallelGCFailedAllocation (Allocation Failure)
Event: 25.597 Executing safepoint VM operation: ParallelGCFailedAllocation (Allocation Failure) done
Event: 26.607 Executing safepoint VM operation: Cleanup
Event: 26.749 Executing safepoint VM operation: Cleanup done
Event: 27.419 Executing safepoint VM operation: ParallelGCFailedAllocation (Allocation Failure)
Event: 27.423 Executing safepoint VM operation: ParallelGCFailedAllocation (Allocation Failure) done
Event: 27.860 Executing non-safepoint VM operation: HandshakeAllThreads (Deoptimize)
Event: 27.992 Executing non-safepoint VM operation: HandshakeAllThreads (Deoptimize) done

Memory protections (0 events):
No events

Nmethod flushes (0 events):
No events

Events (20 events):
Event: 7.613 Thread 0x000001d0e3383230 Thread added: 0x000001d0fd1094d0
Event: 8.421 Thread 0x000001d0e55815b0 Thread added: 0x000001d0fd2d9f90
Event: 8.783 Thread 0x000001d0fd2d9f90 Thread exited: 0x000001d0fd2d9f90
Event: 9.488 Thread 0x000001d0fd1094d0 Thread added: 0x000001d0fce23820
Event: 12.943 Thread 0x000001d0fd1094d0 Thread added: 0x000001d0fcd0e530
Event: 15.847 Thread 0x000001d0fd1094d0 Thread added: 0x000001d0fd2b2150
Event: 16.636 Thread 0x000001d0e55f64f0 Thread added: 0x000001d0fcf1b080
Event: 17.302 Thread 0x000001d0fcf1b080 Thread exited: 0x000001d0fcf1b080
Event: 17.904 Thread 0x000001d0fd1094d0 Thread added: 0x000001d0fd2b3500
Event: 18.205 Thread 0x000001d0fd1094d0 Thread added: 0x000001d0fd2b2e70
Event: 19.132 Thread 0x000001d0fd1094d0 Thread added: 0x000001d0fd2b0080
Event: 19.356 Thread 0x000001d0fd2b0080 Thread added: 0x000001d0fd2b27e0
Event: 21.959 Thread 0x000001d0e55f64f0 Thread added: 0x000001d0fd0906c0
Event: 22.113 Thread 0x000001d0fd0906c0 Thread exited: 0x000001d0fd0906c0
Event: 24.277 Thread 0x000001d0e55f64f0 Thread added: 0x000001d0fe8fc5b0
Event: 24.323 Thread 0x000001d0fd2b27e0 Thread added: 0x000001d0fd2b0710
Event: 24.707 Thread 0x000001d0fe8fc5b0 Thread exited: 0x000001d0fe8fc5b0
Event: 27.651 Thread 0x000001d0e55f64f0 Thread added: 0x000001d0fe636300
Event: 28.002 Thread 0x000001d0fe636300 Thread exited: 0x000001d0fe636300
Event: 28.051 Thread 0x000001d0e55f64f0 Thread added: 0x000001d0ffb3c060


Dynamic libraries:
0x00007ff7ac010000 - 0x00007ff7ac01e000 	c:\Users\ACER\.antigravity\extensions\redhat.java-1.54.0-win32-x64\jre\21.0.10-win32-x86_64\bin\java.exe
0x00007ffb2ba10000 - 0x00007ffb2bc08000 	C:\Windows\SYSTEM32\ntdll.dll
0x00007ffb2a550000 - 0x00007ffb2a612000 	C:\Windows\System32\KERNEL32.DLL
0x00007ffb290a0000 - 0x00007ffb29396000 	C:\Windows\System32\KERNELBASE.dll
0x00007ffb29750000 - 0x00007ffb29850000 	C:\Windows\System32\ucrtbase.dll
0x00007ffb08c00000 - 0x00007ffb08c18000 	c:\Users\ACER\.antigravity\extensions\redhat.java-1.54.0-win32-x64\jre\21.0.10-win32-x86_64\bin\jli.dll
0x00007ffb2b700000 - 0x00007ffb2b8a1000 	C:\Windows\System32\USER32.dll
0x00007ffb293a0000 - 0x00007ffb293c2000 	C:\Windows\System32\win32u.dll
0x00007ffb29c20000 - 0x00007ffb29c4b000 	C:\Windows\System32\GDI32.dll
0x00007ffb29560000 - 0x00007ffb29679000 	C:\Windows\System32\gdi32full.dll
0x00007ffb29990000 - 0x00007ffb29a2d000 	C:\Windows\System32\msvcp_win.dll
0x00007ffb04e40000 - 0x00007ffb04e5e000 	c:\Users\ACER\.antigravity\extensions\redhat.java-1.54.0-win32-x64\jre\21.0.10-win32-x86_64\bin\VCRUNTIME140.dll
0x00007ffb12c70000 - 0x00007ffb12f0b000 	C:\Windows\WinSxS\amd64_microsoft.windows.common-controls_6595b64144ccf1df_6.0.19041.6456_none_60b8a6cb71f64256\COMCTL32.dll
0x00007ffb2ae30000 - 0x00007ffb2aece000 	C:\Windows\System32\msvcrt.dll
0x00007ffb29b00000 - 0x00007ffb29b2f000 	C:\Windows\System32\IMM32.DLL
0x00007ffb231b0000 - 0x00007ffb231bc000 	c:\Users\ACER\.antigravity\extensions\redhat.java-1.54.0-win32-x64\jre\21.0.10-win32-x86_64\bin\vcruntime140_1.dll
0x00007ffafca90000 - 0x00007ffafcb1d000 	c:\Users\ACER\.antigravity\extensions\redhat.java-1.54.0-win32-x64\jre\21.0.10-win32-x86_64\bin\msvcp140.dll
0x00007ffa80740000 - 0x00007ffa814e1000 	c:\Users\ACER\.antigravity\extensions\redhat.java-1.54.0-win32-x64\jre\21.0.10-win32-x86_64\bin\server\jvm.dll
0x00007ffb2b490000 - 0x00007ffb2b541000 	C:\Windows\System32\ADVAPI32.dll
0x00007ffb2aa30000 - 0x00007ffb2aacf000 	C:\Windows\System32\sechost.dll
0x00007ffb2a620000 - 0x00007ffb2a740000 	C:\Windows\System32\RPCRT4.dll
0x00007ffb293d0000 - 0x00007ffb293f7000 	C:\Windows\System32\bcrypt.dll
0x00007ffb2af50000 - 0x00007ffb2afbb000 	C:\Windows\System32\WS2_32.dll
0x00007ffb28f00000 - 0x00007ffb28f4b000 	C:\Windows\SYSTEM32\POWRPROF.dll
0x00007ffb0ef60000 - 0x00007ffb0ef87000 	C:\Windows\SYSTEM32\WINMM.dll
0x00007ffb22890000 - 0x00007ffb2289a000 	C:\Windows\SYSTEM32\VERSION.dll
0x00007ffb28ee0000 - 0x00007ffb28ef2000 	C:\Windows\SYSTEM32\UMPDC.dll
0x00007ffb26f10000 - 0x00007ffb26f22000 	C:\Windows\SYSTEM32\kernel.appcore.dll
0x00007ffb230a0000 - 0x00007ffb230aa000 	c:\Users\ACER\.antigravity\extensions\redhat.java-1.54.0-win32-x64\jre\21.0.10-win32-x86_64\bin\jimage.dll
0x00007ffb0efa0000 - 0x00007ffb0f1a1000 	C:\Windows\SYSTEM32\DBGHELP.DLL
0x00007ffb0e8b0000 - 0x00007ffb0e8e4000 	C:\Windows\SYSTEM32\dbgcore.DLL
0x00007ffb29850000 - 0x00007ffb298d2000 	C:\Windows\System32\bcryptPrimitives.dll
0x00007ffb22430000 - 0x00007ffb2243f000 	c:\Users\ACER\.antigravity\extensions\redhat.java-1.54.0-win32-x64\jre\21.0.10-win32-x86_64\bin\instrument.dll
0x00007ffb03ea0000 - 0x00007ffb03ec0000 	c:\Users\ACER\.antigravity\extensions\redhat.java-1.54.0-win32-x64\jre\21.0.10-win32-x86_64\bin\java.dll
0x00007ffb29c50000 - 0x00007ffb2a3c0000 	C:\Windows\System32\SHELL32.dll
0x00007ffb27110000 - 0x00007ffb278b5000 	C:\Windows\SYSTEM32\windows.storage.dll
0x00007ffb2aad0000 - 0x00007ffb2ae24000 	C:\Windows\System32\combase.dll
0x00007ffb289f0000 - 0x00007ffb28a1b000 	C:\Windows\SYSTEM32\Wldp.dll
0x00007ffb2a450000 - 0x00007ffb2a51d000 	C:\Windows\System32\OLEAUT32.dll
0x00007ffb2a7a0000 - 0x00007ffb2a84d000 	C:\Windows\System32\SHCORE.dll
0x00007ffb29a90000 - 0x00007ffb29aeb000 	C:\Windows\System32\shlwapi.dll
0x00007ffb28fd0000 - 0x00007ffb28ff4000 	C:\Windows\SYSTEM32\profapi.dll
0x00007ffafc840000 - 0x00007ffafc858000 	c:\Users\ACER\.antigravity\extensions\redhat.java-1.54.0-win32-x64\jre\21.0.10-win32-x86_64\bin\zip.dll
0x00007ffb21f50000 - 0x00007ffb21f60000 	C:\Users\ACER\.antigravity\extensions\redhat.java-1.54.0-win32-x64\jre\21.0.10-win32-x86_64\bin\net.dll
0x00007ffb20390000 - 0x00007ffb2049a000 	C:\Windows\SYSTEM32\WINHTTP.dll
0x00007ffb28750000 - 0x00007ffb287ba000 	C:\Windows\system32\mswsock.dll
0x00007ffafc3b0000 - 0x00007ffafc3c6000 	C:\Users\ACER\.antigravity\extensions\redhat.java-1.54.0-win32-x64\jre\21.0.10-win32-x86_64\bin\nio.dll
0x00007ffb1fee0000 - 0x00007ffb1fef0000 	c:\Users\ACER\.antigravity\extensions\redhat.java-1.54.0-win32-x64\jre\21.0.10-win32-x86_64\bin\verify.dll
0x00007ffb08960000 - 0x00007ffb089a5000 	C:\Users\ACER\AppData\Roaming\Antigravity\User\globalStorage\redhat.java\1.54.0\config_win\org.eclipse.equinox.launcher\org.eclipse.equinox.launcher.win32.win32.x86_64_1.3.0.v20260203-2149\eclipse_11919.dll
0x00007ffb2a900000 - 0x00007ffb2aa2b000 	C:\Windows\System32\ole32.dll
0x00007ffb28950000 - 0x00007ffb28968000 	C:\Windows\SYSTEM32\CRYPTSP.dll
0x00007ffb28070000 - 0x00007ffb280a8000 	C:\Windows\system32\rsaenh.dll
0x00007ffb28f50000 - 0x00007ffb28f7e000 	C:\Windows\SYSTEM32\USERENV.dll
0x00007ffb28940000 - 0x00007ffb2894c000 	C:\Windows\SYSTEM32\CRYPTBASE.dll
0x00007ffb28430000 - 0x00007ffb2846b000 	C:\Windows\SYSTEM32\IPHLPAPI.DLL
0x00007ffb29b30000 - 0x00007ffb29b38000 	C:\Windows\System32\NSI.dll
0x00007ffb08910000 - 0x00007ffb08959000 	C:\Users\ACER\AppData\Local\Temp\jna-2003023\jna6292430126469881983.dll
0x00007ffb2a540000 - 0x00007ffb2a548000 	C:\Windows\System32\PSAPI.DLL

JVMTI agents:
c:\Users\ACER\.antigravity\extensions\redhat.java-1.54.0-win32-x64\lombok\lombok-1.18.39-4050.jar path:c:\Users\ACER\.antigravity\extensions\redhat.java-1.54.0-win32-x64\jre\21.0.10-win32-x86_64\bin\instrument.dll, loaded, initialized, instrumentlib options:none

dbghelp: loaded successfully - version: 4.0.5 - missing functions: none
symbol engine: initialized successfully - sym options: 0x614 - pdb path: .;c:\Users\ACER\.antigravity\extensions\redhat.java-1.54.0-win32-x64\jre\21.0.10-win32-x86_64\bin;C:\Windows\SYSTEM32;C:\Windows\WinSxS\amd64_microsoft.windows.common-controls_6595b64144ccf1df_6.0.19041.6456_none_60b8a6cb71f64256;c:\Users\ACER\.antigravity\extensions\redhat.java-1.54.0-win32-x64\jre\21.0.10-win32-x86_64\bin\server;C:\Users\ACER\AppData\Roaming\Antigravity\User\globalStorage\redhat.java\1.54.0\config_win\org.eclipse.equinox.launcher\org.eclipse.equinox.launcher.win32.win32.x86_64_1.3.0.v20260203-2149;C:\Users\ACER\AppData\Local\Temp\jna-2003023

VM Arguments:
jvm_args: --add-modules=ALL-SYSTEM --add-opens=java.base/java.util=ALL-UNNAMED --add-opens=java.base/java.lang=ALL-UNNAMED --add-opens=java.base/sun.nio.fs=ALL-UNNAMED -Declipse.application=org.eclipse.jdt.ls.core.id1 -Dosgi.bundles.defaultStartLevel=4 -Declipse.product=org.eclipse.jdt.ls.core.product -Djava.import.generatesMetadataFilesAtProjectRoot=false -DDetectVMInstallationsJob.disabled=true -Dfile.encoding=utf8 -XX:+UseParallelGC -XX:GCTimeRatio=4 -XX:AdaptiveSizePolicyWeight=90 -Dsun.zip.disableMemoryMapping=true -Xmx2G -Xms100m -Xlog:disable -javaagent:c:\Users\ACER\.antigravity\extensions\redhat.java-1.54.0-win32-x64\lombok\lombok-1.18.39-4050.jar -XX:+HeapDumpOnOutOfMemoryError -XX:HeapDumpPath=c:\Users\ACER\AppData\Roaming\Antigravity\User\workspaceStorage\be0dba1104155269c9e789474766d2e6\redhat.java -Daether.dependencyCollector.impl=bf 
java_command: c:\Users\ACER\.antigravity\extensions\redhat.java-1.54.0-win32-x64\server\plugins\org.eclipse.equinox.launcher_1.7.100.v20251111-0406.jar -configuration c:\Users\ACER\AppData\Roaming\Antigravity\User\globalStorage\redhat.java\1.54.0\config_win -data c:\Users\ACER\AppData\Roaming\Antigravity\User\workspaceStorage\be0dba1104155269c9e789474766d2e6\redhat.java\jdt_ws --pipe=\\.\pipe\lsp-b893c9c0f2de73d245b9a8a84ce08da7-sock
java_class_path (initial): c:\Users\ACER\.antigravity\extensions\redhat.java-1.54.0-win32-x64\server\plugins\org.eclipse.equinox.launcher_1.7.100.v20251111-0406.jar
Launcher Type: SUN_STANDARD

[Global flags]
    uintx AdaptiveSizePolicyWeight                 = 90                                        {product} {command line}
     intx CICompilerCount                          = 3                                         {product} {ergonomic}
    uintx GCTimeRatio                              = 4                                         {product} {command line}
     bool HeapDumpOnOutOfMemoryError               = true                                   {manageable} {command line}
    ccstr HeapDumpPath                             = c:\Users\ACER\AppData\Roaming\Antigravity\User\workspaceStorage\be0dba1104155269c9e789474766d2e6\redhat.java         {manageable} {command line}
   size_t InitialHeapSize                          = 104857600                                 {product} {command line}
   size_t MaxHeapSize                              = 2147483648                                {product} {command line}
   size_t MaxNewSize                               = 715653120                                 {product} {ergonomic}
   size_t MinHeapDeltaBytes                        = 524288                                    {product} {ergonomic}
   size_t MinHeapSize                              = 104857600                                 {product} {command line}
   size_t NewSize                                  = 34603008                                  {product} {ergonomic}
    uintx NonNMethodCodeHeapSize                   = 5832780                                {pd product} {ergonomic}
    uintx NonProfiledCodeHeapSize                  = 122912730                              {pd product} {ergonomic}
   size_t OldSize                                  = 70254592                                  {product} {ergonomic}
    uintx ProfiledCodeHeapSize                     = 122912730                              {pd product} {ergonomic}
    uintx ReservedCodeCacheSize                    = 251658240                              {pd product} {ergonomic}
     bool SegmentedCodeCache                       = true                                      {product} {ergonomic}
   size_t SoftMaxHeapSize                          = 2147483648                             {manageable} {ergonomic}
     bool UseCompressedOops                        = true                           {product lp64_product} {ergonomic}
     bool UseLargePagesIndividualAllocation        = false                                  {pd product} {ergonomic}
     bool UseParallelGC                            = true                                      {product} {command line}

Logging:
Log output configuration:
 #0: stdout all=off uptime,level,tags foldmultilines=false
 #1: stderr all=off uptime,level,tags foldmultilines=false

Release file:
JAVA_VERSION="21.0.10" 
MODULES="java.base java.compiler java.datatransfer java.xml java.prefs java.desktop java.instrument java.logging java.management java.security.sasl java.naming java.rmi java.management.rmi java.net.http java.scripting java.security.jgss java.transaction.xa java.sql java.sql.rowset java.xml.crypto java.se java.smartcardio jdk.accessibility jdk.internal.jvmstat jdk.attach jdk.charsets jdk.internal.opt jdk.zipfs jdk.compiler jdk.crypto.ec jdk.crypto.cryptoki jdk.crypto.mscapi jdk.dynalink jdk.internal.ed jdk.editpad jdk.hotspot.agent jdk.httpserver jdk.internal.le jdk.internal.vm.ci jdk.internal.vm.compiler jdk.internal.vm.compiler.management jdk.jartool jdk.javadoc jdk.jcmd jdk.management jdk.management.agent jdk.jconsole jdk.jdeps jdk.jdwp.agent jdk.jdi jdk.jfr jdk.jshell jdk.jsobject jdk.jstatd jdk.localedata jdk.management.jfr jdk.naming.dns jdk.naming.rmi jdk.net jdk.nio.mapmode jdk.random jdk.sctp jdk.security.auth jdk.security.jgss jdk.unsupported jdk.unsupported.desktop jdk.xml.dom" 

Environment Variables:
JAVA_HOME=C:\Program Files\Java\jdk-17
PATH=C:\Program Files\Common Files\Oracle\Java\javapath;C:\Program Files\Java\jdk-17\bin;C:\Windows\System32\Wbem;C:\Windows\System32\WindowsPowerShell\v1.0\;C:\Windows\System32\OpenSSH\;D:\xampp\htdocs\codewithharry;C:\Program Files\Git\cmd;D:\MinGW\bin\apache-maven-3.9.6;C:\apache-maven-3.9.6\bin;C:\Program Files\MongoDB\mongosh-2.3.0-win32-x64\bin;C:\Program Files\PuTTY\;C:\Program Files\MongoDB\Server\7.0\bin;C:\gradle\gradle-8.14\bin;C:\Program Files\WireGuard\;C:\Program Files\nodejs\;C:\Program Files\MySQL\MySQL Server 8.0\bin;C:\Users\ACER\.local\bin;C:\Windows\system32;C:\Windows;c:\Users\ACER\AppData\Local\Programs\cursor\resources\app\codeBin;C:\Users\ACER\AppData\Local\Programs\Python\Python313\Scripts\;C:\Users\ACER\AppData\Local\Programs\Python\Python313\;C:\Users\ACER\AppData\Local\Programs\Python\Launcher\;C:\Users\ACER\.local\bin;C:\Program Files\MySQL\MySQL Shell 8.0\bin\;C:\Users\ACER\AppData\Local\Microsoft\WindowsApps;C:\Users\ACER\AppData\Local\Programs\Microsoft VS Code\bin;C:\Program Files\MongoDB\Server\7.0\bin;C:\Users\ACER\AppData\Local\Programs\cursor\resources\app\bin;C:\Users\ACER\AppData\Local\Programs\Antigravity\bin;C:\Users\ACER\AppData\Roaming\npm;E:\futter-dev\sdk\flutter\bin;C:\Users\ACER\AppData\Local\Android\Sdk\platform-tools;C:\Users\ACER\AppData\Local\Android\Sdk\cmdline-tools\latest\bin;
USERNAME=ACER
OS=Windows_NT
PROCESSOR_IDENTIFIER=Intel64 Family 6 Model 142 Stepping 9, GenuineIntel
TMP=C:\Users\ACER\AppData\Local\Temp
TEMP=C:\Users\ACER\AppData\Local\Temp




Periodic native trim disabled

---------------  S Y S T E M  ---------------

OS:
 Windows 10 , 64 bit Build 19041 (10.0.19041.5915)
OS uptime: 0 days 3:56 hours

CPU: total 4 (initial active 4) (2 cores per cpu, 2 threads per core) family 6 model 142 stepping 9 microcode 0xb4, cx8, cmov, fxsr, ht, mmx, 3dnowpref, sse, sse2, sse3, ssse3, sse4.1, sse4.2, popcnt, lzcnt, tsc, tscinvbit, avx, avx2, aes, erms, clmul, bmi1, bmi2, adx, fma, vzeroupper, clflush, clflushopt, rdtscp, f16c
Processor Information for the first 4 processors :
  Max Mhz: 2400, Current Mhz: 2400, Mhz Limit: 2400

Memory: 4k page, system-wide physical 12165M (620M free)
TotalPageFile size 20357M (AvailPageFile size 4M)
current process WorkingSet (physical memory assigned to process): 161M, peak: 169M
current process commit charge ("private bytes"): 281M, peak: 286M

vm_info: OpenJDK 64-Bit Server VM (21.0.10+7-LTS) for windows-amd64 JRE (21.0.10+7-LTS), built on 2026-01-20T00:00:00Z by "admin" with MS VC++ 17.12 (VS2022)

END.
