#
# There is insufficient memory for the Java Runtime Environment to continue.
# Native memory allocation (mmap) failed to map 67108864 bytes for G1 virtual space
# Possible reasons:
#   The system is out of physical RAM or swap space
#   The process is running with CompressedOops enabled, and the Java Heap may be blocking the growth of the native heap
# Possible solutions:
#   Reduce memory load on the system
#   Increase physical memory or swap space
#   Check if swap backing store is full
#   Decrease Java heap size (-Xmx/-Xms)
#   Decrease number of Java threads
#   Decrease Java thread stack sizes (-Xss)
#   Set larger code cache with -XX:ReservedCodeCacheSize=
#   JVM is running with Unscaled Compressed Oops mode in which the Java heap is
#     placed in the first 4GB address space. The Java Heap base address is the
#     maximum limit for the native heap growth. Please use -XX:HeapBaseMinAddress
#     to set the Java Heap base and to place the Java Heap above 4GB virtual address.
# This output file may be truncated or incomplete.
#
#  Out of Memory Error (os_windows.cpp:3548), pid=7124, tid=13328
#
# JRE version:  (17.0.13+10) (build )
# Java VM: Java HotSpot(TM) 64-Bit Server VM (17.0.13+10-LTS-268, mixed mode, sharing, tiered, compressed oops, compressed class ptrs, g1 gc, windows-amd64)
# No core dump will be written. Minidumps are not enabled by default on client versions of Windows
#

---------------  S U M M A R Y ------------

Command Line: -Xmx64m -Xms64m -Dorg.gradle.appname=gradlew E:\porteruser\android\\gradle\wrapper\gradle-wrapper.jar app:installDebug -PreactNativeDevServerPort=8081

Host: Intel(R) Core(TM) i3-7100U CPU @ 2.40GHz, 4 cores, 11G,  Windows 10 , 64 bit Build 19041 (10.0.19041.5915)
Time: Mon Apr 27 21:07:13 2026 India Standard Time elapsed time: 0.025741 seconds (0d 0h 0m 0s)

---------------  T H R E A D  ---------------

Current thread (0x000002373525c170):  JavaThread "Unknown thread" [_thread_in_vm, id=13328, stack(0x0000008824700000,0x0000008824800000)]

Stack: [0x0000008824700000,0x0000008824800000]
Native frames: (J=compiled Java code, j=interpreted, Vv=VM code, C=native code)
V  [jvm.dll+0x67a23a]
V  [jvm.dll+0x7da96d]
V  [jvm.dll+0x7dc2b3]
V  [jvm.dll+0x7dc923]
V  [jvm.dll+0x2450ef]
V  [jvm.dll+0x677279]
V  [jvm.dll+0x66bf22]
V  [jvm.dll+0x302006]
V  [jvm.dll+0x3095a6]
V  [jvm.dll+0x359e9e]
V  [jvm.dll+0x35a0cf]
V  [jvm.dll+0x2d90d8]
V  [jvm.dll+0x2da044]
V  [jvm.dll+0x7ace81]
V  [jvm.dll+0x367701]
V  [jvm.dll+0x78bcc9]
V  [jvm.dll+0x3ec9bf]
V  [jvm.dll+0x3ee5f1]
C  [jli.dll+0x5297]
C  [ucrtbase.dll+0x21bb2]
C  [KERNEL32.DLL+0x17374]
C  [ntdll.dll+0x4cc91]


---------------  P R O C E S S  ---------------

Threads class SMR info:
_java_thread_list=0x00007fff09518a18, length=0, elements={
}

Java Threads: ( => current thread )

Other Threads:
  0x000002373527b7f0 GCTaskThread "GC Thread#0" [stack: 0x0000008824800000,0x0000008824900000] [id=12608]
  0x000002373527cf40 ConcurrentGCThread "G1 Main Marker" [stack: 0x0000008824900000,0x0000008824a00000] [id=17120]
  0x000002373527d950 ConcurrentGCThread "G1 Conc#0" [stack: 0x0000008824a00000,0x0000008824b00000] [id=11188]

[error occurred during error reporting (printing all threads), id 0xc0000005, EXCEPTION_ACCESS_VIOLATION (0xc0000005) at pc=0x00007fff08d49bc7]

VM state: not at safepoint (not fully initialized)

VM Mutex/Monitor currently owned by a thread:  ([mutex/lock_event])
[0x0000023735257b40] Heap_lock - owner thread: 0x000002373525c170

Heap address: 0x00000000fc000000, size: 64 MB, Compressed Oops mode: 32-bit

CDS archive(s) mapped at: [0x0000000000000000-0x0000000000000000-0x0000000000000000), size 0, SharedBaseAddress: 0x0000000800000000, ArchiveRelocationMode: 1.
Narrow klass base: 0x0000000000000000, Narrow klass shift: 0, Narrow klass range: 0x0

GC Precious Log:
<Empty>

Heap:
 garbage-first heap   total 0K, used 0K [0x00000000fc000000, 0x0000000100000000)
  region size 1024K, 0 young (0K), 0 survivors (0K)

[error occurred during error reporting (printing heap information), id 0xc0000005, EXCEPTION_ACCESS_VIOLATION (0xc0000005) at pc=0x00007fff09133a29]

GC Heap History (0 events):
No events

Deoptimization events (0 events):
No events

Classes unloaded (0 events):
No events

Classes redefined (0 events):
No events

Internal exceptions (0 events):
No events

VM Operations (0 events):
No events

Events (1 events):
Event: 0.010 Loaded shared library C:\Program Files\Java\jdk-17\bin\java.dll


Dynamic libraries:
0x00007ff6bb700000 - 0x00007ff6bb710000 	C:\Program Files\Java\jdk-17\bin\java.exe
0x00007fff97d30000 - 0x00007fff97f28000 	C:\Windows\SYSTEM32\ntdll.dll
0x00007fff979a0000 - 0x00007fff97a62000 	C:\Windows\System32\KERNEL32.DLL
0x00007fff95930000 - 0x00007fff95c26000 	C:\Windows\System32\KERNELBASE.dll
0x00007fff95450000 - 0x00007fff95550000 	C:\Windows\System32\ucrtbase.dll
0x00007fff74e30000 - 0x00007fff74e4b000 	C:\Program Files\Java\jdk-17\bin\VCRUNTIME140.dll
0x00007fff74e50000 - 0x00007fff74e69000 	C:\Program Files\Java\jdk-17\bin\jli.dll
0x00007fff96e30000 - 0x00007fff96ee1000 	C:\Windows\System32\ADVAPI32.dll
0x00007fff96950000 - 0x00007fff969ee000 	C:\Windows\System32\msvcrt.dll
0x00007fff96d60000 - 0x00007fff96dff000 	C:\Windows\System32\sechost.dll
0x00007fff95d50000 - 0x00007fff95e70000 	C:\Windows\System32\RPCRT4.dll
0x00007fff95880000 - 0x00007fff958a7000 	C:\Windows\System32\bcrypt.dll
0x00007fff97a70000 - 0x00007fff97c11000 	C:\Windows\System32\USER32.dll
0x00007fff95750000 - 0x00007fff95772000 	C:\Windows\System32\win32u.dll
0x00007fff7e5c0000 - 0x00007fff7e85b000 	C:\Windows\WinSxS\amd64_microsoft.windows.common-controls_6595b64144ccf1df_6.0.19041.6456_none_60b8a6cb71f64256\COMCTL32.dll
0x00007fff95e70000 - 0x00007fff95e9b000 	C:\Windows\System32\GDI32.dll
0x00007fff95c30000 - 0x00007fff95d49000 	C:\Windows\System32\gdi32full.dll
0x00007fff956b0000 - 0x00007fff9574d000 	C:\Windows\System32\msvcp_win.dll
0x00007fff8ed70000 - 0x00007fff8ed7a000 	C:\Windows\SYSTEM32\VERSION.dll
0x00007fff96e00000 - 0x00007fff96e2f000 	C:\Windows\System32\IMM32.DLL
0x00007fff8dd00000 - 0x00007fff8dd0c000 	C:\Program Files\Java\jdk-17\bin\vcruntime140_1.dll
0x00007fff68e20000 - 0x00007fff68eae000 	C:\Program Files\Java\jdk-17\bin\msvcp140.dll
0x00007fff08a60000 - 0x00007fff09641000 	C:\Program Files\Java\jdk-17\bin\server\jvm.dll
0x00007fff95ea0000 - 0x00007fff95ea8000 	C:\Windows\System32\PSAPI.DLL
0x00007fff90050000 - 0x00007fff90059000 	C:\Windows\SYSTEM32\WSOCK32.dll
0x00007fff7b910000 - 0x00007fff7b937000 	C:\Windows\SYSTEM32\WINMM.dll
0x00007fff96cf0000 - 0x00007fff96d5b000 	C:\Windows\System32\WS2_32.dll
0x00007fff93230000 - 0x00007fff93242000 	C:\Windows\SYSTEM32\kernel.appcore.dll
0x00007fff8dc00000 - 0x00007fff8dc0a000 	C:\Program Files\Java\jdk-17\bin\jimage.dll
0x00007fff7b950000 - 0x00007fff7bb51000 	C:\Windows\SYSTEM32\DBGHELP.DLL
0x00007fff7a440000 - 0x00007fff7a474000 	C:\Windows\SYSTEM32\dbgcore.DLL
0x00007fff953c0000 - 0x00007fff95442000 	C:\Windows\System32\bcryptPrimitives.dll
0x00007fff74e00000 - 0x00007fff74e25000 	C:\Program Files\Java\jdk-17\bin\java.dll

dbghelp: loaded successfully - version: 4.0.5 - missing functions: none
symbol engine: initialized successfully - sym options: 0x614 - pdb path: .;C:\Program Files\Java\jdk-17\bin;C:\Windows\SYSTEM32;C:\Windows\WinSxS\amd64_microsoft.windows.common-controls_6595b64144ccf1df_6.0.19041.6456_none_60b8a6cb71f64256;C:\Program Files\Java\jdk-17\bin\server

VM Arguments:
jvm_args: -Xmx64m -Xms64m -Dorg.gradle.appname=gradlew 
java_command: E:\porteruser\android\\gradle\wrapper\gradle-wrapper.jar app:installDebug -PreactNativeDevServerPort=8081
java_class_path (initial): E:\porteruser\android\\gradle\wrapper\gradle-wrapper.jar
Launcher Type: SUN_STANDARD

[Global flags]
     intx CICompilerCount                          = 3                                         {product} {ergonomic}
     uint ConcGCThreads                            = 1                                         {product} {ergonomic}
     uint G1ConcRefinementThreads                  = 4                                         {product} {ergonomic}
   size_t G1HeapRegionSize                         = 1048576                                   {product} {ergonomic}
    uintx GCDrainStackTargetSize                   = 64                                        {product} {ergonomic}
   size_t InitialHeapSize                          = 67108864                                  {product} {command line}
   size_t MarkStackSize                            = 4194304                                   {product} {ergonomic}
   size_t MaxHeapSize                              = 67108864                                  {product} {command line}
   size_t MinHeapDeltaBytes                        = 1048576                                   {product} {ergonomic}
   size_t MinHeapSize                              = 67108864                                  {product} {command line}
    uintx NonNMethodCodeHeapSize                   = 5832780                                {pd product} {ergonomic}
    uintx NonProfiledCodeHeapSize                  = 122912730                              {pd product} {ergonomic}
    uintx ProfiledCodeHeapSize                     = 122912730                              {pd product} {ergonomic}
    uintx ReservedCodeCacheSize                    = 251658240                              {pd product} {ergonomic}
     bool SegmentedCodeCache                       = true                                      {product} {ergonomic}
   size_t SoftMaxHeapSize                          = 67108864                               {manageable} {ergonomic}
     bool UseCompressedClassPointers               = true                           {product lp64_product} {ergonomic}
     bool UseCompressedOops                        = true                           {product lp64_product} {ergonomic}
     bool UseG1GC                                  = true                                      {product} {ergonomic}
     bool UseLargePagesIndividualAllocation        = false                                  {pd product} {ergonomic}

Logging:
Log output configuration:
 #0: stdout all=warning uptime,level,tags
 #1: stderr all=off uptime,level,tags

Environment Variables:
JAVA_HOME=C:\Program Files\Java\jdk-17
PATH=E:\porteruser\node_modules\.bin;E:\porteruser\node_modules\.bin;E:\node_modules\.bin;C:\Program Files\nodejs\node_modules\npm\node_modules\@npmcli\run-script\lib\node-gyp-bin;C:\Users\ACER\bin;C:\Program Files\Git\mingw64\bin;C:\Program Files\Git\usr\local\bin;C:\Program Files\Git\usr\bin;C:\Program Files\Git\usr\bin;C:\Program Files\Git\mingw64\bin;C:\Program Files\Git\usr\bin;C:\Users\ACER\bin;C:\Program Files\Common Files\Oracle\Java\javapath;C:\Program Files\Java\jdk-17\bin;C:\Windows\System32\Wbem;C:\Windows\System32\WindowsPowerShell\v1.0;C:\Windows\System32\OpenSSH;D:\xampp\htdocs\codewithharry;C:\Program Files\Git\cmd;D:\MinGW\bin\apache-maven-3.9.6;C:\apache-maven-3.9.6\bin;C:\Program Files\MongoDB\mongosh-2.3.0-win32-x64\bin;C:\Program Files\PuTTY;C:\Program Files\MongoDB\Server\7.0\bin;C:\gradle\gradle-8.14\bin;C:\Program Files\WireGuard;C:\Program Files\nodejs;C:\Program Files\MySQL\MySQL Server 8.0\bin;C:\Users\ACER\.local\bin;C:\Windows\system32;C:\Windows;C:\Users\ACER\AppData\Local\Programs\cursor\resources\app\codeBin;C:\Users\ACER\AppData\Local\Programs\Python\Python313\Scripts;C:\Users\ACER\AppData\Local\Programs\Python\Python313;C:\Users\ACER\AppData\Local\Programs\Python\Launcher;C:\Program Files\MySQL\MySQL Shell 8.0\bin;C:\Users\ACER\AppData\Local\Microsoft\WindowsApps;C:\Users\ACER\AppData\Local\Programs\Microsoft VS Code\bin;C:\Users\ACER\AppData\Local\Programs\cursor\resources\app\bin;C:\Users\ACER\AppData\Local\Programs\Antigravity\bin;C:\Users\ACER\AppData\Roaming\npm;E:\futter-dev\sdk\flutter\bin;C:\Users\ACER\AppData\Local\Android\Sdk\platform-tools;C:\Users\ACER\AppData\Local\Android\Sdk\cmdline-tools\latest\bin;C:\Program Files\Git\usr\bin\vendor_perl;C:\Program Files\Git\usr\bin\core_perl
USERNAME=ACER
SHELL=C:\Program Files\Git\usr\bin\bash.exe
DISPLAY=needs-to-be-defined
LANG=en_US.UTF-8
OS=Windows_NT
PROCESSOR_IDENTIFIER=Intel64 Family 6 Model 142 Stepping 9, GenuineIntel



---------------  S Y S T E M  ---------------

OS:
 Windows 10 , 64 bit Build 19041 (10.0.19041.5915)
OS uptime: 1 days 9:46 hours

CPU: total 4 (initial active 4) (2 cores per cpu, 2 threads per core) family 6 model 142 stepping 9 microcode 0xb4, cx8, cmov, fxsr, ht, mmx, 3dnowpref, sse, sse2, sse3, ssse3, sse4.1, sse4.2, popcnt, lzcnt, tsc, tscinvbit, avx, avx2, aes, erms, clmul, bmi1, bmi2, adx, fma, vzeroupper, clflush, clflushopt

Memory: 4k page, system-wide physical 12165M (815M free)
TotalPageFile size 20357M (AvailPageFile size 26M)
current process WorkingSet (physical memory assigned to process): 10M, peak: 10M
current process commit charge ("private bytes"): 51M, peak: 115M

vm_info: Java HotSpot(TM) 64-Bit Server VM (17.0.13+10-LTS-268) for windows-amd64 JRE (17.0.13+10-LTS-268), built on Sep 30 2024 06:33:13 by "mach5one" with MS VC++ 17.6 (VS2022)

END.
