#
# There is insufficient memory for the Java Runtime Environment to continue.
# Native memory allocation (mmap) failed to map 32505856 bytes for G1 virtual space
# Possible reasons:
#   The system is out of physical RAM or swap space
#   The process is running with CompressedOops enabled, and the Java Heap may be blocking the growth of the native heap
# Possible solutions:
#   Reduce memory load on the system
#   Increase physical memory or swap space
#   Check if swap backing store is full
#   Decrease Java heap size (-Xmx/-Xms)
#   Decrease number of Java threads
#   Decrease Java thread stack sizes (-Xss)
#   Set larger code cache with -XX:ReservedCodeCacheSize=
#   JVM is running with Unscaled Compressed Oops mode in which the Java heap is
#     placed in the first 4GB address space. The Java Heap base address is the
#     maximum limit for the native heap growth. Please use -XX:HeapBaseMinAddress
#     to set the Java Heap base and to place the Java Heap above 4GB virtual address.
# This output file may be truncated or incomplete.
#
#  Out of Memory Error (os_windows.cpp:3548), pid=15796, tid=18416
#
# JRE version: Java(TM) SE Runtime Environment (17.0.13+10) (build 17.0.13+10-LTS-268)
# Java VM: Java HotSpot(TM) 64-Bit Server VM (17.0.13+10-LTS-268, mixed mode, sharing, tiered, compressed oops, compressed class ptrs, g1 gc, windows-amd64)
# No core dump will be written. Minidumps are not enabled by default on client versions of Windows
#

---------------  S U M M A R Y ------------

Command Line: -XX:MaxMetaspaceSize=512m --add-opens=java.base/java.util=ALL-UNNAMED --add-opens=java.base/java.lang=ALL-UNNAMED --add-opens=java.base/java.lang.invoke=ALL-UNNAMED --add-opens=java.prefs/java.util.prefs=ALL-UNNAMED --add-opens=java.base/java.nio.charset=ALL-UNNAMED --add-opens=java.base/java.net=ALL-UNNAMED --add-opens=java.base/java.util.concurrent.atomic=ALL-UNNAMED -Xmx2048m -Dfile.encoding=windows-1252 -Duser.country=IN -Duser.language=en -Duser.variant -javaagent:C:\Users\ACER\.gradle\wrapper\dists\gradle-8.8-bin\dl7vupf4psengwqhwktix4v1\gradle-8.8\lib\agents\gradle-instrumentation-agent-8.8.jar org.gradle.launcher.daemon.bootstrap.GradleDaemon 8.8

Host: Intel(R) Core(TM) i3-7100U CPU @ 2.40GHz, 4 cores, 11G,  Windows 10 , 64 bit Build 19041 (10.0.19041.5915)
Time: Mon Apr 27 21:00:59 2026 India Standard Time elapsed time: 35.981627 seconds (0d 0h 0m 35s)

---------------  T H R E A D  ---------------

Current thread (0x000001d3cf880320):  VMThread "VM Thread" [stack: 0x0000006f2e200000,0x0000006f2e300000] [id=18416]

Stack: [0x0000006f2e200000,0x0000006f2e300000]
Native frames: (J=compiled Java code, j=interpreted, Vv=VM code, C=native code)
V  [jvm.dll+0x67a23a]
V  [jvm.dll+0x7da96d]
V  [jvm.dll+0x7dc2b3]
V  [jvm.dll+0x7dc923]
V  [jvm.dll+0x2450ef]
V  [jvm.dll+0x677279]
V  [jvm.dll+0x66bf22]
V  [jvm.dll+0x302006]
V  [jvm.dll+0x3095a6]
V  [jvm.dll+0x359e9e]
V  [jvm.dll+0x35a0cf]
V  [jvm.dll+0x2d90d8]
V  [jvm.dll+0x2d750d]
V  [jvm.dll+0x2d6b5c]
V  [jvm.dll+0x31a6bb]
V  [jvm.dll+0x7e121b]
V  [jvm.dll+0x7e1f54]
V  [jvm.dll+0x7e246d]
V  [jvm.dll+0x7e2844]
V  [jvm.dll+0x7e2910]
V  [jvm.dll+0x78af1a]
V  [jvm.dll+0x679125]
C  [ucrtbase.dll+0x21bb2]
C  [KERNEL32.DLL+0x17374]
C  [ntdll.dll+0x4cc91]

VM_Operation (0x0000006f2f8f4e50): G1CollectForAllocation, mode: safepoint, requested by thread 0x000001d3f085c5f0


---------------  P R O C E S S  ---------------

Threads class SMR info:
_java_thread_list=0x000001d3f1ffb3b0, length=33, elements={
0x000001d3aff634d0, 0x000001d3cf8846c0, 0x000001d3cf885ce0, 0x000001d3cf89e490,
0x000001d3cf8a0060, 0x000001d3cf8a32d0, 0x000001d3cf8a4ca0, 0x000001d3cf8a61e0,
0x000001d3cf8aa930, 0x000001d3cf8ae280, 0x000001d3cf86eb70, 0x000001d3cfb90bf0,
0x000001d3efc23de0, 0x000001d3f03a9910, 0x000001d3f0880770, 0x000001d3f09f75e0,
0x000001d3f09f7ac0, 0x000001d3f085e960, 0x000001d3f085c5f0, 0x000001d3f085f380,
0x000001d3f085ee70, 0x000001d3f085e450, 0x000001d3f085da30, 0x000001d3f085c0e0,
0x000001d3f085cb00, 0x000001d3f085d010, 0x000001d3f085d520, 0x000001d3f085df40,
0x000001d3f0e1da80, 0x000001d3f0e1c130, 0x000001d3f0e1c640, 0x000001d3f0e1d570,
0x000001d3f0e1e4a0
}

Java Threads: ( => current thread )
  0x000001d3aff634d0 JavaThread "main" [_thread_blocked, id=14556, stack(0x0000006f2dc00000,0x0000006f2dd00000)]
  0x000001d3cf8846c0 JavaThread "Reference Handler" daemon [_thread_blocked, id=13940, stack(0x0000006f2e300000,0x0000006f2e400000)]
  0x000001d3cf885ce0 JavaThread "Finalizer" daemon [_thread_blocked, id=5512, stack(0x0000006f2e400000,0x0000006f2e500000)]
  0x000001d3cf89e490 JavaThread "Signal Dispatcher" daemon [_thread_blocked, id=4072, stack(0x0000006f2e500000,0x0000006f2e600000)]
  0x000001d3cf8a0060 JavaThread "Attach Listener" daemon [_thread_blocked, id=11944, stack(0x0000006f2e600000,0x0000006f2e700000)]
  0x000001d3cf8a32d0 JavaThread "Service Thread" daemon [_thread_blocked, id=14072, stack(0x0000006f2e700000,0x0000006f2e800000)]
  0x000001d3cf8a4ca0 JavaThread "Monitor Deflation Thread" daemon [_thread_blocked, id=12916, stack(0x0000006f2e800000,0x0000006f2e900000)]
  0x000001d3cf8a61e0 JavaThread "C2 CompilerThread0" daemon [_thread_in_native, id=12596, stack(0x0000006f2e900000,0x0000006f2ea00000)]
  0x000001d3cf8aa930 JavaThread "C1 CompilerThread0" daemon [_thread_blocked, id=15968, stack(0x0000006f2ea00000,0x0000006f2eb00000)]
  0x000001d3cf8ae280 JavaThread "Sweeper thread" daemon [_thread_blocked, id=1352, stack(0x0000006f2eb00000,0x0000006f2ec00000)]
  0x000001d3cf86eb70 JavaThread "Common-Cleaner" daemon [_thread_blocked, id=15880, stack(0x0000006f2ec00000,0x0000006f2ed00000)]
  0x000001d3cfb90bf0 JavaThread "Notification Thread" daemon [_thread_blocked, id=14320, stack(0x0000006f2ed00000,0x0000006f2ee00000)]
  0x000001d3efc23de0 JavaThread "Daemon health stats" [_thread_blocked, id=8992, stack(0x0000006f2f300000,0x0000006f2f400000)]
  0x000001d3f03a9910 JavaThread "Incoming local TCP Connector on port 49943" [_thread_in_native, id=9924, stack(0x0000006f2f200000,0x0000006f2f300000)]
  0x000001d3f0880770 JavaThread "Daemon periodic checks" [_thread_blocked, id=17708, stack(0x0000006f2f400000,0x0000006f2f500000)]
  0x000001d3f09f75e0 JavaThread "Daemon" [_thread_blocked, id=6800, stack(0x0000006f2f600000,0x0000006f2f700000)]
  0x000001d3f09f7ac0 JavaThread "Handler for socket connection from /127.0.0.1:49943 to /127.0.0.1:49944" [_thread_in_native, id=16352, stack(0x0000006f2f700000,0x0000006f2f800000)]
  0x000001d3f085e960 JavaThread "Cancel handler" [_thread_blocked, id=10868, stack(0x0000006f2f500000,0x0000006f2f600000)]
  0x000001d3f085c5f0 JavaThread "Daemon worker" [_thread_blocked, id=6492, stack(0x0000006f2f800000,0x0000006f2f900000)]
  0x000001d3f085f380 JavaThread "Asynchronous log dispatcher for DefaultDaemonConnection: socket connection from /127.0.0.1:49943 to /127.0.0.1:49944" [_thread_blocked, id=13256, stack(0x0000006f2f900000,0x0000006f2fa00000)]
  0x000001d3f085ee70 JavaThread "Stdin handler" [_thread_blocked, id=16100, stack(0x0000006f2fa00000,0x0000006f2fb00000)]
  0x000001d3f085e450 JavaThread "Daemon client event forwarder" [_thread_blocked, id=10268, stack(0x0000006f2fb00000,0x0000006f2fc00000)]
  0x000001d3f085da30 JavaThread "Cache worker for journal cache (C:\Users\ACER\.gradle\caches\journal-1)" [_thread_blocked, id=16548, stack(0x0000006f2fc00000,0x0000006f2fd00000)]
  0x000001d3f085c0e0 JavaThread "File lock request listener" [_thread_in_native, id=6704, stack(0x0000006f2fd00000,0x0000006f2fe00000)]
  0x000001d3f085cb00 JavaThread "Cache worker for file hash cache (C:\Users\ACER\.gradle\caches\8.8\fileHashes)" [_thread_blocked, id=9332, stack(0x0000006f2fe00000,0x0000006f2ff00000)]
  0x000001d3f085d010 JavaThread "Cache worker for file hash cache (E:\porteruser\android\.gradle\8.8\fileHashes)" [_thread_blocked, id=7800, stack(0x0000006f2ff00000,0x0000006f30000000)]
  0x000001d3f085d520 JavaThread "File watcher server" daemon [_thread_in_native, id=17084, stack(0x0000006f30000000,0x0000006f30100000)]
  0x000001d3f085df40 JavaThread "File watcher consumer" daemon [_thread_blocked, id=3224, stack(0x0000006f30100000,0x0000006f30200000)]
  0x000001d3f0e1da80 JavaThread "Cache worker for checksums cache (E:\porteruser\android\.gradle\8.8\checksums)" [_thread_blocked, id=17148, stack(0x0000006f30300000,0x0000006f30400000)]
  0x000001d3f0e1c130 JavaThread "Cache worker for file content cache (C:\Users\ACER\.gradle\caches\8.8\fileContent)" [_thread_blocked, id=9400, stack(0x0000006f30400000,0x0000006f30500000)]
  0x000001d3f0e1c640 JavaThread "Cache worker for cache directory md-rule (C:\Users\ACER\.gradle\caches\8.8\md-rule)" [_thread_blocked, id=7088, stack(0x0000006f30500000,0x0000006f30600000)]
  0x000001d3f0e1d570 JavaThread "Cache worker for cache directory md-supplier (C:\Users\ACER\.gradle\caches\8.8\md-supplier)" [_thread_blocked, id=1884, stack(0x0000006f30600000,0x0000006f30700000)]
  0x000001d3f0e1e4a0 JavaThread "jar transforms" [_thread_blocked, id=11928, stack(0x0000006f30200000,0x0000006f30300000)]

Other Threads:
=>0x000001d3cf880320 VMThread "VM Thread" [stack: 0x0000006f2e200000,0x0000006f2e300000] [id=18416]
  0x000001d3affda850 WatcherThread [stack: 0x0000006f2ee00000,0x0000006f2ef00000] [id=11720]
  0x000001d3afe9e870 GCTaskThread "GC Thread#0" [stack: 0x0000006f2dd00000,0x0000006f2de00000] [id=2036]
  0x000001d3ef0325f0 GCTaskThread "GC Thread#1" [stack: 0x0000006f2ef00000,0x0000006f2f000000] [id=8112]
  0x000001d3cfccecb0 GCTaskThread "GC Thread#2" [stack: 0x0000006f2f000000,0x0000006f2f100000] [id=5564]
  0x000001d3cfccef70 GCTaskThread "GC Thread#3" [stack: 0x0000006f2f100000,0x0000006f2f200000] [id=9656]
  0x000001d3affc9690 ConcurrentGCThread "G1 Main Marker" [stack: 0x0000006f2de00000,0x0000006f2df00000] [id=12648]
  0x000001d3affca750 ConcurrentGCThread "G1 Conc#0" [stack: 0x0000006f2df00000,0x0000006f2e000000] [id=18376]
  0x000001d3b002e2a0 ConcurrentGCThread "G1 Refine#0" [stack: 0x0000006f2e000000,0x0000006f2e100000] [id=16948]
  0x000001d3cf73c590 ConcurrentGCThread "G1 Service" [stack: 0x0000006f2e100000,0x0000006f2e200000] [id=17072]

Threads with active compile tasks:
C2 CompilerThread0    36057 5669       4       org.objectweb.asm.ClassReader::readCode (5117 bytes)

VM state: at safepoint (normal execution)

VM Mutex/Monitor currently owned by a thread:  ([mutex/lock_event])
[0x000001d3aff5f1b0] Threads_lock - owner thread: 0x000001d3cf880320
[0x000001d3aff5de90] Heap_lock - owner thread: 0x000001d3f085c5f0

Heap address: 0x0000000080000000, size: 2048 MB, Compressed Oops mode: 32-bit

CDS archive(s) mapped at: [0x000001d3d0000000-0x000001d3d0bd0000-0x000001d3d0bd0000), size 12386304, SharedBaseAddress: 0x000001d3d0000000, ArchiveRelocationMode: 1.
Compressed class space mapped at: 0x000001d3d1000000-0x000001d3eb000000, reserved size: 436207616
Narrow klass base: 0x000001d3d0000000, Narrow klass shift: 0, Narrow klass range: 0x100000000

GC Precious Log:
 CPUs: 4 total, 4 available
 Memory: 12165M
 Large Page Support: Disabled
 NUMA Support: Disabled
 Compressed Oops: Enabled (32-bit)
 Heap Region Size: 1M
 Heap Min Capacity: 8M
 Heap Initial Capacity: 192M
 Heap Max Capacity: 2G
 Pre-touch: Disabled
 Parallel Workers: 4
 Concurrent Workers: 1
 Concurrent Refinement Workers: 4
 Periodic GC: Disabled

Heap:
 garbage-first heap   total 155648K, used 48473K [0x0000000080000000, 0x0000000100000000)
  region size 1024K, 6 young (6144K), 6 survivors (6144K)
 Metaspace       used 42798K, committed 43200K, reserved 491520K
  class space    used 5934K, committed 6144K, reserved 425984K

Heap Regions: E=young(eden), S=young(survivor), O=old, HS=humongous(starts), HC=humongous(continues), CS=collection set, F=free, OA=open archive, CA=closed archive, TAMS=top-at-mark-start (previous, next)
|   0|0x0000000080000000, 0x0000000080100000, 0x0000000080100000|100%|HS|  |TAMS 0x0000000080100000, 0x0000000080100000| Complete 
|   1|0x0000000080100000, 0x0000000080200000, 0x0000000080200000|100%|HC|  |TAMS 0x0000000080200000, 0x0000000080200000| Complete 
|   2|0x0000000080200000, 0x0000000080300000, 0x0000000080300000|100%|HC|  |TAMS 0x0000000080300000, 0x0000000080300000| Complete 
|   3|0x0000000080300000, 0x0000000080400000, 0x0000000080400000|100%|HC|  |TAMS 0x0000000080400000, 0x0000000080400000| Complete 
|   4|0x0000000080400000, 0x0000000080500000, 0x0000000080500000|100%| O|  |TAMS 0x0000000080500000, 0x0000000080500000| Untracked 
|   5|0x0000000080500000, 0x0000000080600000, 0x0000000080600000|100%| O|  |TAMS 0x0000000080600000, 0x0000000080600000| Untracked 
|   6|0x0000000080600000, 0x0000000080700000, 0x0000000080700000|100%| O|  |TAMS 0x0000000080700000, 0x0000000080700000| Untracked 
|   7|0x0000000080700000, 0x0000000080800000, 0x0000000080800000|100%| O|  |TAMS 0x0000000080800000, 0x0000000080800000| Untracked 
|   8|0x0000000080800000, 0x0000000080900000, 0x0000000080900000|100%| O|  |TAMS 0x0000000080900000, 0x0000000080900000| Untracked 
|   9|0x0000000080900000, 0x0000000080a00000, 0x0000000080a00000|100%| O|  |TAMS 0x0000000080a00000, 0x0000000080a00000| Untracked 
|  10|0x0000000080a00000, 0x0000000080b00000, 0x0000000080b00000|100%| O|  |TAMS 0x0000000080b00000, 0x0000000080b00000| Untracked 
|  11|0x0000000080b00000, 0x0000000080c00000, 0x0000000080c00000|100%|HS|  |TAMS 0x0000000080c00000, 0x0000000080c00000| Complete 
|  12|0x0000000080c00000, 0x0000000080d00000, 0x0000000080d00000|100%| O|  |TAMS 0x0000000080d00000, 0x0000000080d00000| Untracked 
|  13|0x0000000080d00000, 0x0000000080e00000, 0x0000000080e00000|100%| O|  |TAMS 0x0000000080e00000, 0x0000000080e00000| Untracked 
|  14|0x0000000080e00000, 0x0000000080f00000, 0x0000000080f00000|100%| O|  |TAMS 0x0000000080f00000, 0x0000000080f00000| Untracked 
|  15|0x0000000080f00000, 0x0000000081000000, 0x0000000081000000|100%| O|  |TAMS 0x0000000081000000, 0x0000000081000000| Untracked 
|  16|0x0000000081000000, 0x0000000081100000, 0x0000000081100000|100%| O|  |TAMS 0x0000000081100000, 0x0000000081100000| Untracked 
|  17|0x0000000081100000, 0x0000000081200000, 0x0000000081200000|100%| O|  |TAMS 0x0000000081200000, 0x0000000081200000| Untracked 
|  18|0x0000000081200000, 0x0000000081300000, 0x0000000081300000|100%| O|  |TAMS 0x0000000081300000, 0x0000000081300000| Untracked 
|  19|0x0000000081300000, 0x0000000081400000, 0x0000000081400000|100%| O|  |TAMS 0x0000000081400000, 0x0000000081400000| Untracked 
|  20|0x0000000081400000, 0x0000000081500000, 0x0000000081500000|100%| O|  |TAMS 0x0000000081500000, 0x0000000081500000| Untracked 
|  21|0x0000000081500000, 0x0000000081600000, 0x0000000081600000|100%| O|  |TAMS 0x0000000081600000, 0x0000000081600000| Untracked 
|  22|0x0000000081600000, 0x0000000081700000, 0x0000000081700000|100%| O|  |TAMS 0x0000000081600000, 0x0000000081700000| Untracked 
|  23|0x0000000081700000, 0x0000000081800000, 0x0000000081800000|100%| O|  |TAMS 0x0000000081800000, 0x0000000081800000| Untracked 
|  24|0x0000000081800000, 0x0000000081900000, 0x0000000081900000|100%| O|  |TAMS 0x0000000081900000, 0x0000000081900000| Untracked 
|  25|0x0000000081900000, 0x0000000081a00000, 0x0000000081a00000|100%| O|  |TAMS 0x0000000081a00000, 0x0000000081a00000| Untracked 
|  26|0x0000000081a00000, 0x0000000081b00000, 0x0000000081b00000|100%| O|  |TAMS 0x0000000081a00000, 0x0000000081a00000| Untracked 
|  27|0x0000000081b00000, 0x0000000081c00000, 0x0000000081c00000|100%| O|  |TAMS 0x0000000081b00000, 0x0000000081c00000| Untracked 
|  28|0x0000000081c00000, 0x0000000081d00000, 0x0000000081d00000|100%| O|  |TAMS 0x0000000081c00000, 0x0000000081d00000| Untracked 
|  29|0x0000000081d00000, 0x0000000081e00000, 0x0000000081e00000|100%| O|  |TAMS 0x0000000081d00000, 0x0000000081e00000| Untracked 
|  30|0x0000000081e00000, 0x0000000081f00000, 0x0000000081f00000|100%| O|  |TAMS 0x0000000081e00000, 0x0000000081f00000| Untracked 
|  31|0x0000000081f00000, 0x0000000082000000, 0x0000000082000000|100%| O|  |TAMS 0x0000000081f00000, 0x0000000082000000| Untracked 
|  32|0x0000000082000000, 0x0000000082100000, 0x0000000082100000|100%| O|  |TAMS 0x0000000082000000, 0x0000000082100000| Untracked 
|  33|0x0000000082100000, 0x0000000082200000, 0x0000000082200000|100%| O|  |TAMS 0x0000000082100000, 0x00000000821ba800| Untracked 
|  34|0x0000000082200000, 0x0000000082300000, 0x0000000082300000|100%| O|  |TAMS 0x0000000082200000, 0x0000000082200000| Untracked 
|  35|0x0000000082300000, 0x0000000082400000, 0x0000000082400000|100%| O|  |TAMS 0x0000000082300000, 0x0000000082300000| Untracked 
|  36|0x0000000082400000, 0x0000000082500000, 0x0000000082500000|100%| O|  |TAMS 0x0000000082400000, 0x0000000082400000| Untracked 
|  37|0x0000000082500000, 0x0000000082600000, 0x0000000082600000|100%| O|  |TAMS 0x0000000082500000, 0x0000000082500000| Untracked 
|  38|0x0000000082600000, 0x0000000082700000, 0x0000000082700000|100%| O|  |TAMS 0x0000000082600000, 0x0000000082600000| Untracked 
|  39|0x0000000082700000, 0x0000000082800000, 0x0000000082800000|100%| O|  |TAMS 0x0000000082700000, 0x0000000082700000| Untracked 
|  40|0x0000000082800000, 0x0000000082900000, 0x0000000082900000|100%| O|  |TAMS 0x0000000082800000, 0x0000000082800000| Untracked 
|  41|0x0000000082900000, 0x0000000082956600, 0x0000000082a00000| 33%| O|  |TAMS 0x0000000082900000, 0x0000000082900000| Untracked 
|  42|0x0000000082a00000, 0x0000000082a00000, 0x0000000082b00000|  0%| F|  |TAMS 0x0000000082a00000, 0x0000000082a00000| Untracked 
|  43|0x0000000082b00000, 0x0000000082b00000, 0x0000000082c00000|  0%| F|  |TAMS 0x0000000082b00000, 0x0000000082b00000| Untracked 
|  44|0x0000000082c00000, 0x0000000082c00000, 0x0000000082d00000|  0%| F|  |TAMS 0x0000000082c00000, 0x0000000082c00000| Untracked 
|  45|0x0000000082d00000, 0x0000000082d00000, 0x0000000082e00000|  0%| F|  |TAMS 0x0000000082d00000, 0x0000000082d00000| Untracked 
|  46|0x0000000082e00000, 0x0000000082e00000, 0x0000000082f00000|  0%| F|  |TAMS 0x0000000082e00000, 0x0000000082e00000| Untracked 
|  47|0x0000000082f00000, 0x0000000082f00000, 0x0000000083000000|  0%| F|  |TAMS 0x0000000082f00000, 0x0000000082f00000| Untracked 
|  48|0x0000000083000000, 0x0000000083000000, 0x0000000083100000|  0%| F|  |TAMS 0x0000000083000000, 0x0000000083000000| Untracked 
|  49|0x0000000083100000, 0x0000000083100000, 0x0000000083200000|  0%| F|  |TAMS 0x0000000083100000, 0x0000000083100000| Untracked 
|  50|0x0000000083200000, 0x0000000083200000, 0x0000000083300000|  0%| F|  |TAMS 0x0000000083200000, 0x0000000083200000| Untracked 
|  51|0x0000000083300000, 0x0000000083300000, 0x0000000083400000|  0%| F|  |TAMS 0x0000000083300000, 0x0000000083300000| Untracked 
|  52|0x0000000083400000, 0x0000000083400000, 0x0000000083500000|  0%| F|  |TAMS 0x0000000083400000, 0x0000000083400000| Untracked 
|  53|0x0000000083500000, 0x0000000083500000, 0x0000000083600000|  0%| F|  |TAMS 0x0000000083500000, 0x0000000083500000| Untracked 
|  54|0x0000000083600000, 0x0000000083600000, 0x0000000083700000|  0%| F|  |TAMS 0x0000000083600000, 0x0000000083600000| Untracked 
|  55|0x0000000083700000, 0x0000000083700000, 0x0000000083800000|  0%| F|  |TAMS 0x0000000083700000, 0x0000000083700000| Untracked 
|  56|0x0000000083800000, 0x0000000083800000, 0x0000000083900000|  0%| F|  |TAMS 0x0000000083800000, 0x0000000083800000| Untracked 
|  57|0x0000000083900000, 0x0000000083900000, 0x0000000083a00000|  0%| F|  |TAMS 0x0000000083900000, 0x0000000083900000| Untracked 
|  58|0x0000000083a00000, 0x0000000083b00000, 0x0000000083b00000|100%| S|CS|TAMS 0x0000000083a00000, 0x0000000083a00000| Complete 
|  59|0x0000000083b00000, 0x0000000083c00000, 0x0000000083c00000|100%| S|CS|TAMS 0x0000000083b00000, 0x0000000083b00000| Complete 
|  60|0x0000000083c00000, 0x0000000083d00000, 0x0000000083d00000|100%| S|CS|TAMS 0x0000000083c00000, 0x0000000083c00000| Complete 
|  61|0x0000000083d00000, 0x0000000083d00000, 0x0000000083e00000|  0%| F|  |TAMS 0x0000000083d00000, 0x0000000083d00000| Untracked 
|  62|0x0000000083e00000, 0x0000000083e00000, 0x0000000083f00000|  0%| F|  |TAMS 0x0000000083e00000, 0x0000000083e00000| Untracked 
|  63|0x0000000083f00000, 0x0000000083f00000, 0x0000000084000000|  0%| F|  |TAMS 0x0000000083f00000, 0x0000000083f00000| Untracked 
|  64|0x0000000084000000, 0x0000000084000000, 0x0000000084100000|  0%| F|  |TAMS 0x0000000084000000, 0x0000000084000000| Untracked 
|  65|0x0000000084100000, 0x0000000084100000, 0x0000000084200000|  0%| F|  |TAMS 0x0000000084100000, 0x0000000084100000| Untracked 
|  66|0x0000000084200000, 0x0000000084200000, 0x0000000084300000|  0%| F|  |TAMS 0x0000000084200000, 0x0000000084200000| Untracked 
|  67|0x0000000084300000, 0x0000000084400000, 0x0000000084400000|100%| S|CS|TAMS 0x0000000084300000, 0x0000000084300000| Complete 
|  68|0x0000000084400000, 0x0000000084400000, 0x0000000084500000|  0%| F|  |TAMS 0x0000000084400000, 0x0000000084400000| Untracked 
|  69|0x0000000084500000, 0x0000000084600000, 0x0000000084600000|100%| S|CS|TAMS 0x0000000084500000, 0x0000000084500000| Complete 
|  70|0x0000000084600000, 0x0000000084700000, 0x0000000084700000|100%| S|CS|TAMS 0x0000000084600000, 0x0000000084600000| Complete 
|  71|0x0000000084700000, 0x0000000084700000, 0x0000000084800000|  0%| F|  |TAMS 0x0000000084700000, 0x0000000084700000| Untracked 
|  72|0x0000000084800000, 0x0000000084800000, 0x0000000084900000|  0%| F|  |TAMS 0x0000000084800000, 0x0000000084800000| Untracked 
|  73|0x0000000084900000, 0x0000000084900000, 0x0000000084a00000|  0%| F|  |TAMS 0x0000000084900000, 0x0000000084900000| Untracked 
|  74|0x0000000084a00000, 0x0000000084a00000, 0x0000000084b00000|  0%| F|  |TAMS 0x0000000084a00000, 0x0000000084a00000| Untracked 
|  75|0x0000000084b00000, 0x0000000084b00000, 0x0000000084c00000|  0%| F|  |TAMS 0x0000000084b00000, 0x0000000084b00000| Untracked 
|  76|0x0000000084c00000, 0x0000000084c00000, 0x0000000084d00000|  0%| F|  |TAMS 0x0000000084c00000, 0x0000000084c00000| Untracked 
|  77|0x0000000084d00000, 0x0000000084d00000, 0x0000000084e00000|  0%| F|  |TAMS 0x0000000084d00000, 0x0000000084d00000| Untracked 
|  78|0x0000000084e00000, 0x0000000084e00000, 0x0000000084f00000|  0%| F|  |TAMS 0x0000000084e00000, 0x0000000084e00000| Untracked 
|  79|0x0000000084f00000, 0x0000000084f00000, 0x0000000085000000|  0%| F|  |TAMS 0x0000000084f00000, 0x0000000084f00000| Untracked 
|  80|0x0000000085000000, 0x0000000085000000, 0x0000000085100000|  0%| F|  |TAMS 0x0000000085000000, 0x0000000085000000| Untracked 
|  81|0x0000000085100000, 0x0000000085100000, 0x0000000085200000|  0%| F|  |TAMS 0x0000000085100000, 0x0000000085100000| Untracked 
|  82|0x0000000085200000, 0x0000000085200000, 0x0000000085300000|  0%| F|  |TAMS 0x0000000085200000, 0x0000000085200000| Untracked 
|  83|0x0000000085300000, 0x0000000085300000, 0x0000000085400000|  0%| F|  |TAMS 0x0000000085300000, 0x0000000085300000| Untracked 
|  84|0x0000000085400000, 0x0000000085400000, 0x0000000085500000|  0%| F|  |TAMS 0x0000000085400000, 0x0000000085400000| Untracked 
|  85|0x0000000085500000, 0x0000000085500000, 0x0000000085600000|  0%| F|  |TAMS 0x0000000085500000, 0x0000000085500000| Untracked 
|  86|0x0000000085600000, 0x0000000085600000, 0x0000000085700000|  0%| F|  |TAMS 0x0000000085600000, 0x0000000085600000| Untracked 
|  87|0x0000000085700000, 0x0000000085700000, 0x0000000085800000|  0%| F|  |TAMS 0x0000000085700000, 0x0000000085700000| Untracked 
|  88|0x0000000085800000, 0x0000000085800000, 0x0000000085900000|  0%| F|  |TAMS 0x0000000085800000, 0x0000000085800000| Untracked 
|  89|0x0000000085900000, 0x0000000085900000, 0x0000000085a00000|  0%| F|  |TAMS 0x0000000085900000, 0x0000000085900000| Untracked 
|  90|0x0000000085a00000, 0x0000000085a00000, 0x0000000085b00000|  0%| F|  |TAMS 0x0000000085a00000, 0x0000000085a00000| Untracked 
|  91|0x0000000085b00000, 0x0000000085b00000, 0x0000000085c00000|  0%| F|  |TAMS 0x0000000085b00000, 0x0000000085b00000| Untracked 
|  92|0x0000000085c00000, 0x0000000085c00000, 0x0000000085d00000|  0%| F|  |TAMS 0x0000000085c00000, 0x0000000085c00000| Untracked 
|  93|0x0000000085d00000, 0x0000000085d00000, 0x0000000085e00000|  0%| F|  |TAMS 0x0000000085d00000, 0x0000000085d00000| Untracked 
|  94|0x0000000085e00000, 0x0000000085e00000, 0x0000000085f00000|  0%| F|  |TAMS 0x0000000085e00000, 0x0000000085e00000| Untracked 
|  95|0x0000000085f00000, 0x0000000085f00000, 0x0000000086000000|  0%| F|  |TAMS 0x0000000085f00000, 0x0000000085f00000| Untracked 
|  96|0x0000000086000000, 0x0000000086000000, 0x0000000086100000|  0%| F|  |TAMS 0x0000000086000000, 0x0000000086000000| Untracked 
|  97|0x0000000086100000, 0x0000000086100000, 0x0000000086200000|  0%| F|  |TAMS 0x0000000086100000, 0x0000000086100000| Untracked 
|  98|0x0000000086200000, 0x0000000086200000, 0x0000000086300000|  0%| F|  |TAMS 0x0000000086200000, 0x0000000086200000| Untracked 
|  99|0x0000000086300000, 0x0000000086300000, 0x0000000086400000|  0%| F|  |TAMS 0x0000000086300000, 0x0000000086300000| Untracked 
| 100|0x0000000086400000, 0x0000000086400000, 0x0000000086500000|  0%| F|  |TAMS 0x0000000086400000, 0x0000000086400000| Untracked 
| 101|0x0000000086500000, 0x0000000086500000, 0x0000000086600000|  0%| F|  |TAMS 0x0000000086500000, 0x0000000086500000| Untracked 
| 102|0x0000000086600000, 0x0000000086600000, 0x0000000086700000|  0%| F|  |TAMS 0x0000000086600000, 0x0000000086600000| Untracked 
| 103|0x0000000086700000, 0x0000000086700000, 0x0000000086800000|  0%| F|  |TAMS 0x0000000086700000, 0x0000000086700000| Untracked 
| 104|0x0000000086800000, 0x0000000086800000, 0x0000000086900000|  0%| F|  |TAMS 0x0000000086800000, 0x0000000086800000| Untracked 
| 105|0x0000000086900000, 0x0000000086900000, 0x0000000086a00000|  0%| F|  |TAMS 0x0000000086900000, 0x0000000086900000| Untracked 
| 106|0x0000000086a00000, 0x0000000086a00000, 0x0000000086b00000|  0%| F|  |TAMS 0x0000000086a00000, 0x0000000086a00000| Untracked 
| 107|0x0000000086b00000, 0x0000000086b00000, 0x0000000086c00000|  0%| F|  |TAMS 0x0000000086b00000, 0x0000000086b00000| Untracked 
| 108|0x0000000086c00000, 0x0000000086c00000, 0x0000000086d00000|  0%| F|  |TAMS 0x0000000086c00000, 0x0000000086c00000| Untracked 
| 109|0x0000000086d00000, 0x0000000086d00000, 0x0000000086e00000|  0%| F|  |TAMS 0x0000000086d00000, 0x0000000086d00000| Untracked 
| 110|0x0000000086e00000, 0x0000000086e00000, 0x0000000086f00000|  0%| F|  |TAMS 0x0000000086e00000, 0x0000000086e00000| Untracked 
| 111|0x0000000086f00000, 0x0000000086f00000, 0x0000000087000000|  0%| F|  |TAMS 0x0000000086f00000, 0x0000000086f00000| Untracked 
| 112|0x0000000087000000, 0x0000000087000000, 0x0000000087100000|  0%| F|  |TAMS 0x0000000087000000, 0x0000000087000000| Untracked 
| 113|0x0000000087100000, 0x0000000087100000, 0x0000000087200000|  0%| F|  |TAMS 0x0000000087100000, 0x0000000087100000| Untracked 
| 114|0x0000000087200000, 0x0000000087200000, 0x0000000087300000|  0%| F|  |TAMS 0x0000000087200000, 0x0000000087200000| Untracked 
| 115|0x0000000087300000, 0x0000000087300000, 0x0000000087400000|  0%| F|  |TAMS 0x0000000087300000, 0x0000000087300000| Untracked 
| 116|0x0000000087400000, 0x0000000087400000, 0x0000000087500000|  0%| F|  |TAMS 0x0000000087400000, 0x0000000087400000| Untracked 
| 117|0x0000000087500000, 0x0000000087500000, 0x0000000087600000|  0%| F|  |TAMS 0x0000000087500000, 0x0000000087500000| Untracked 
| 118|0x0000000087600000, 0x0000000087600000, 0x0000000087700000|  0%| F|  |TAMS 0x0000000087600000, 0x0000000087600000| Untracked 
| 119|0x0000000087700000, 0x0000000087700000, 0x0000000087800000|  0%| F|  |TAMS 0x0000000087700000, 0x0000000087700000| Untracked 
| 120|0x0000000087800000, 0x0000000087800000, 0x0000000087900000|  0%| F|  |TAMS 0x0000000087800000, 0x0000000087800000| Untracked 
| 121|0x0000000087900000, 0x0000000087900000, 0x0000000087a00000|  0%| F|  |TAMS 0x0000000087900000, 0x0000000087900000| Untracked 
| 122|0x0000000087a00000, 0x0000000087a00000, 0x0000000087b00000|  0%| F|  |TAMS 0x0000000087a00000, 0x0000000087a00000| Untracked 
| 123|0x0000000087b00000, 0x0000000087b00000, 0x0000000087c00000|  0%| F|  |TAMS 0x0000000087b00000, 0x0000000087b00000| Untracked 
| 124|0x0000000087c00000, 0x0000000087c00000, 0x0000000087d00000|  0%| F|  |TAMS 0x0000000087c00000, 0x0000000087c00000| Untracked 
| 125|0x0000000087d00000, 0x0000000087d00000, 0x0000000087e00000|  0%| F|  |TAMS 0x0000000087d00000, 0x0000000087d00000| Untracked 
| 126|0x0000000087e00000, 0x0000000087e00000, 0x0000000087f00000|  0%| F|  |TAMS 0x0000000087e00000, 0x0000000087e00000| Untracked 
| 127|0x0000000087f00000, 0x0000000087f00000, 0x0000000088000000|  0%| F|  |TAMS 0x0000000087f00000, 0x0000000087f00000| Untracked 
| 128|0x0000000088000000, 0x0000000088000000, 0x0000000088100000|  0%| F|  |TAMS 0x0000000088000000, 0x0000000088000000| Untracked 
| 129|0x0000000088100000, 0x0000000088100000, 0x0000000088200000|  0%| F|  |TAMS 0x0000000088100000, 0x0000000088100000| Untracked 
| 130|0x0000000088200000, 0x0000000088200000, 0x0000000088300000|  0%| F|  |TAMS 0x0000000088200000, 0x0000000088200000| Untracked 
| 131|0x0000000088300000, 0x0000000088300000, 0x0000000088400000|  0%| F|  |TAMS 0x0000000088300000, 0x0000000088300000| Untracked 
| 132|0x0000000088400000, 0x0000000088400000, 0x0000000088500000|  0%| F|  |TAMS 0x0000000088400000, 0x0000000088400000| Untracked 
| 133|0x0000000088500000, 0x0000000088500000, 0x0000000088600000|  0%| F|  |TAMS 0x0000000088500000, 0x0000000088500000| Untracked 
| 134|0x0000000088600000, 0x0000000088600000, 0x0000000088700000|  0%| F|  |TAMS 0x0000000088600000, 0x0000000088600000| Untracked 
| 135|0x0000000088700000, 0x0000000088700000, 0x0000000088800000|  0%| F|  |TAMS 0x0000000088700000, 0x0000000088700000| Untracked 
| 136|0x0000000088800000, 0x0000000088800000, 0x0000000088900000|  0%| F|  |TAMS 0x0000000088800000, 0x0000000088800000| Untracked 
| 137|0x0000000088900000, 0x0000000088900000, 0x0000000088a00000|  0%| F|  |TAMS 0x0000000088900000, 0x0000000088900000| Untracked 
| 138|0x0000000088a00000, 0x0000000088a00000, 0x0000000088b00000|  0%| F|  |TAMS 0x0000000088a00000, 0x0000000088a00000| Untracked 
| 139|0x0000000088b00000, 0x0000000088b00000, 0x0000000088c00000|  0%| F|  |TAMS 0x0000000088b00000, 0x0000000088b00000| Untracked 
| 140|0x0000000088c00000, 0x0000000088c00000, 0x0000000088d00000|  0%| F|  |TAMS 0x0000000088c00000, 0x0000000088c00000| Untracked 
| 141|0x0000000088d00000, 0x0000000088d00000, 0x0000000088e00000|  0%| F|  |TAMS 0x0000000088d00000, 0x0000000088d00000| Untracked 
| 142|0x0000000088e00000, 0x0000000088e00000, 0x0000000088f00000|  0%| F|  |TAMS 0x0000000088e00000, 0x0000000088e00000| Untracked 
| 143|0x0000000088f00000, 0x0000000088f00000, 0x0000000089000000|  0%| F|  |TAMS 0x0000000088f00000, 0x0000000088f00000| Untracked 
| 144|0x0000000089000000, 0x0000000089000000, 0x0000000089100000|  0%| F|  |TAMS 0x0000000089000000, 0x0000000089000000| Untracked 
| 145|0x0000000089100000, 0x0000000089100000, 0x0000000089200000|  0%| F|  |TAMS 0x0000000089100000, 0x0000000089100000| Untracked 
| 146|0x0000000089200000, 0x0000000089200000, 0x0000000089300000|  0%| F|  |TAMS 0x0000000089200000, 0x0000000089200000| Untracked 
| 147|0x0000000089300000, 0x0000000089300000, 0x0000000089400000|  0%| F|  |TAMS 0x0000000089300000, 0x0000000089300000| Untracked 
| 148|0x0000000089400000, 0x0000000089400000, 0x0000000089500000|  0%| F|  |TAMS 0x0000000089400000, 0x0000000089400000| Untracked 
| 187|0x000000008bb00000, 0x000000008bb00000, 0x000000008bc00000|  0%| F|  |TAMS 0x000000008bb00000, 0x000000008bb00000| Untracked 
| 188|0x000000008bc00000, 0x000000008bc00000, 0x000000008bd00000|  0%| F|  |TAMS 0x000000008bc00000, 0x000000008bc00000| Untracked 
| 191|0x000000008bf00000, 0x000000008bf00000, 0x000000008c000000|  0%| F|  |TAMS 0x000000008bf00000, 0x000000008bf00000| Untracked 

Card table byte_map: [0x000001d3c8a30000,0x000001d3c8e30000] _byte_map_base: 0x000001d3c8630000

Marking Bits (Prev, Next): (CMBitMap*) 0x000001d3affb7d50, (CMBitMap*) 0x000001d3affb7d90
 Prev Bits: [0x000001d3c9230000, 0x000001d3cb230000)
 Next Bits: [0x000001d3cb230000, 0x000001d3cd230000)

Polling page: 0x000001d3b0030000

Metaspace:

Usage:
  Non-class:     36.00 MB used.
      Class:      5.80 MB used.
       Both:     41.80 MB used.

Virtual space:
  Non-class space:       64.00 MB reserved,      36.19 MB ( 57%) committed,  1 nodes.
      Class space:      416.00 MB reserved,       6.00 MB (  1%) committed,  1 nodes.
             Both:      480.00 MB reserved,      42.19 MB (  9%) committed. 

Chunk freelists:
   Non-Class:  11.51 MB
       Class:  9.81 MB
        Both:  21.33 MB

MaxMetaspaceSize: 512.00 MB
CompressedClassSpaceSize: 416.00 MB
Initial GC threshold: 21.00 MB
Current GC threshold: 59.00 MB
CDS: on
MetaspaceReclaimPolicy: balanced
 - commit_granule_bytes: 65536.
 - commit_granule_words: 8192.
 - virtual_space_node_default_size: 8388608.
 - enlarge_chunks_in_place: 1.
 - new_chunks_are_fully_committed: 0.
 - uncommit_free_chunks: 1.
 - use_allocation_guard: 0.
 - handle_deallocations: 1.


Internal statistics:

num_allocs_failed_limit: 6.
num_arena_births: 484.
num_arena_deaths: 0.
num_vsnodes_births: 2.
num_vsnodes_deaths: 0.
num_space_committed: 675.
num_space_uncommitted: 0.
num_chunks_returned_to_freelist: 6.
num_chunks_taken_from_freelist: 2088.
num_chunk_merges: 6.
num_chunk_splits: 1423.
num_chunks_enlarged: 1009.
num_inconsistent_stats: 0.

CodeHeap 'non-profiled nmethods': size=120000Kb used=3332Kb max_used=3332Kb free=116667Kb
 bounds [0x000001d3c0ad0000, 0x000001d3c0e70000, 0x000001d3c8000000]
CodeHeap 'profiled nmethods': size=120000Kb used=9721Kb max_used=10860Kb free=110279Kb
 bounds [0x000001d3b9000000, 0x000001d3b9b00000, 0x000001d3c0530000]
CodeHeap 'non-nmethods': size=5760Kb used=2314Kb max_used=2435Kb free=3445Kb
 bounds [0x000001d3c0530000, 0x000001d3c07c0000, 0x000001d3c0ad0000]
 total_blobs=5603 nmethods=4775 adapters=740
 compilation: enabled
              stopped_count=0, restarted_count=0
 full_count=0

Compilation events (20 events):
Event: 34.536 Thread 0x000001d3cf8aa930 5670       2       java.lang.invoke.DirectMethodHandle$Holder::invokeStatic (17 bytes)
Event: 34.537 Thread 0x000001d3cf8aa930 nmethod 5670 0x000001d3b97c1390 code [0x000001d3b97c1540, 0x000001d3b97c1698]
Event: 34.537 Thread 0x000001d3cf8aa930 5671       2       java.lang.invoke.LambdaForm$MH/0x000001d3d10e0000::invoke (27 bytes)
Event: 34.537 Thread 0x000001d3cf8aa930 nmethod 5671 0x000001d3b9846890 code [0x000001d3b9846a40, 0x000001d3b9846bf8]
Event: 34.537 Thread 0x000001d3cf8aa930 5672       2       javax.management.ObjectName::<init> (15 bytes)
Event: 34.537 Thread 0x000001d3cf8aa930 nmethod 5672 0x000001d3b932f490 code [0x000001d3b932f620, 0x000001d3b932f748]
Event: 34.537 Thread 0x000001d3cf8aa930 5673       2       sun.management.Util::newObjectName (11 bytes)
Event: 34.539 Thread 0x000001d3cf8aa930 nmethod 5673 0x000001d3b976a990 code [0x000001d3b976aba0, 0x000001d3b976b028]
Event: 34.539 Thread 0x000001d3cf8aa930 5674   !   2       sun.management.Util::newObjectName (15 bytes)
Event: 34.539 Thread 0x000001d3cf8aa930 nmethod 5674 0x000001d3b994e410 code [0x000001d3b994e5c0, 0x000001d3b994e818]
Event: 34.539 Thread 0x000001d3cf8aa930 5675       2       javax.management.ObjectName::getInstance (9 bytes)
Event: 34.539 Thread 0x000001d3cf8aa930 nmethod 5675 0x000001d3b9a48090 code [0x000001d3b9a48220, 0x000001d3b9a48388]
Event: 34.539 Thread 0x000001d3cf8aa930 5676       2       sun.management.MemoryPoolImpl::getObjectName (10 bytes)
Event: 34.541 Thread 0x000001d3cf8aa930 nmethod 5676 0x000001d3b984e210 code [0x000001d3b984e420, 0x000001d3b984e8a8]
Event: 34.541 Thread 0x000001d3cf8aa930 5677       2       sun.management.spi.PlatformMBeanProvider$PlatformComponent$$Lambda$72/0x000001d3d10769e8::test (9 bytes)
Event: 34.541 Thread 0x000001d3cf8aa930 nmethod 5677 0x000001d3b9355010 code [0x000001d3b93551a0, 0x000001d3b93552b8]
Event: 34.541 Thread 0x000001d3cf8aa930 5678       2       sun.management.spi.PlatformMBeanProvider$PlatformComponent$$Lambda$73/0x000001d3d1076c38::apply (9 bytes)
Event: 34.541 Thread 0x000001d3cf8aa930 nmethod 5678 0x000001d3b9860810 code [0x000001d3b98609c0, 0x000001d3b9860bf8]
Event: 35.144 Thread 0x000001d3cf8aa930 5681       2       org.gradle.internal.serialize.kryo.KryoBackedEncoder::writeSmallInt (11 bytes)
Event: 35.144 Thread 0x000001d3cf8aa930 nmethod 5681 0x000001d3b937aa10 code [0x000001d3b937aba0, 0x000001d3b937acc8]

GC Heap History (20 events):
Event: 28.679 GC heap after
{Heap after GC invocations=38 (full 0):
 garbage-first heap   total 155648K, used 42635K [0x0000000080000000, 0x0000000100000000)
  region size 1024K, 6 young (6144K), 6 survivors (6144K)
 Metaspace       used 42770K, committed 43200K, reserved 491520K
  class space    used 5933K, committed 6144K, reserved 425984K
}
Event: 29.327 GC heap before
{Heap before GC invocations=38 (full 0):
 garbage-first heap   total 155648K, used 129675K [0x0000000080000000, 0x0000000100000000)
  region size 1024K, 91 young (93184K), 6 survivors (6144K)
 Metaspace       used 42770K, committed 43200K, reserved 491520K
  class space    used 5933K, committed 6144K, reserved 425984K
}
Event: 29.333 GC heap after
{Heap after GC invocations=39 (full 0):
 garbage-first heap   total 155648K, used 43314K [0x0000000080000000, 0x0000000100000000)
  region size 1024K, 7 young (7168K), 7 survivors (7168K)
 Metaspace       used 42770K, committed 43200K, reserved 491520K
  class space    used 5933K, committed 6144K, reserved 425984K
}
Event: 29.902 GC heap before
{Heap before GC invocations=39 (full 0):
 garbage-first heap   total 155648K, used 129330K [0x0000000080000000, 0x0000000100000000)
  region size 1024K, 91 young (93184K), 7 survivors (7168K)
 Metaspace       used 42770K, committed 43200K, reserved 491520K
  class space    used 5933K, committed 6144K, reserved 425984K
}
Event: 29.908 GC heap after
{Heap after GC invocations=40 (full 0):
 garbage-first heap   total 155648K, used 43635K [0x0000000080000000, 0x0000000100000000)
  region size 1024K, 7 young (7168K), 7 survivors (7168K)
 Metaspace       used 42770K, committed 43200K, reserved 491520K
  class space    used 5933K, committed 6144K, reserved 425984K
}
Event: 30.394 GC heap before
{Heap before GC invocations=40 (full 0):
 garbage-first heap   total 155648K, used 129651K [0x0000000080000000, 0x0000000100000000)
  region size 1024K, 91 young (93184K), 7 survivors (7168K)
 Metaspace       used 42771K, committed 43200K, reserved 491520K
  class space    used 5933K, committed 6144K, reserved 425984K
}
Event: 30.400 GC heap after
{Heap after GC invocations=41 (full 0):
 garbage-first heap   total 155648K, used 44323K [0x0000000080000000, 0x0000000100000000)
  region size 1024K, 7 young (7168K), 7 survivors (7168K)
 Metaspace       used 42771K, committed 43200K, reserved 491520K
  class space    used 5933K, committed 6144K, reserved 425984K
}
Event: 30.859 GC heap before
{Heap before GC invocations=41 (full 0):
 garbage-first heap   total 155648K, used 130339K [0x0000000080000000, 0x0000000100000000)
  region size 1024K, 91 young (93184K), 7 survivors (7168K)
 Metaspace       used 42774K, committed 43200K, reserved 491520K
  class space    used 5934K, committed 6144K, reserved 425984K
}
Event: 30.865 GC heap after
{Heap after GC invocations=42 (full 0):
 garbage-first heap   total 155648K, used 44859K [0x0000000080000000, 0x0000000100000000)
  region size 1024K, 7 young (7168K), 7 survivors (7168K)
 Metaspace       used 42774K, committed 43200K, reserved 491520K
  class space    used 5934K, committed 6144K, reserved 425984K
}
Event: 31.409 GC heap before
{Heap before GC invocations=42 (full 0):
 garbage-first heap   total 155648K, used 130875K [0x0000000080000000, 0x0000000100000000)
  region size 1024K, 91 young (93184K), 7 survivors (7168K)
 Metaspace       used 42783K, committed 43200K, reserved 491520K
  class space    used 5934K, committed 6144K, reserved 425984K
}
Event: 31.415 GC heap after
{Heap after GC invocations=43 (full 0):
 garbage-first heap   total 155648K, used 45439K [0x0000000080000000, 0x0000000100000000)
  region size 1024K, 7 young (7168K), 7 survivors (7168K)
 Metaspace       used 42783K, committed 43200K, reserved 491520K
  class space    used 5934K, committed 6144K, reserved 425984K
}
Event: 33.283 GC heap before
{Heap before GC invocations=43 (full 0):
 garbage-first heap   total 155648K, used 131455K [0x0000000080000000, 0x0000000100000000)
  region size 1024K, 91 young (93184K), 7 survivors (7168K)
 Metaspace       used 42789K, committed 43200K, reserved 491520K
  class space    used 5934K, committed 6144K, reserved 425984K
}
Event: 33.289 GC heap after
{Heap after GC invocations=44 (full 0):
 garbage-first heap   total 155648K, used 46309K [0x0000000080000000, 0x0000000100000000)
  region size 1024K, 7 young (7168K), 7 survivors (7168K)
 Metaspace       used 42789K, committed 43200K, reserved 491520K
  class space    used 5934K, committed 6144K, reserved 425984K
}
Event: 33.837 GC heap before
{Heap before GC invocations=44 (full 0):
 garbage-first heap   total 155648K, used 131301K [0x0000000080000000, 0x0000000100000000)
  region size 1024K, 90 young (92160K), 7 survivors (7168K)
 Metaspace       used 42790K, committed 43200K, reserved 491520K
  class space    used 5934K, committed 6144K, reserved 425984K
}
Event: 33.846 GC heap after
{Heap after GC invocations=45 (full 0):
 garbage-first heap   total 155648K, used 46881K [0x0000000080000000, 0x0000000100000000)
  region size 1024K, 7 young (7168K), 7 survivors (7168K)
 Metaspace       used 42790K, committed 43200K, reserved 491520K
  class space    used 5934K, committed 6144K, reserved 425984K
}
Event: 34.682 GC heap before
{Heap before GC invocations=45 (full 0):
 garbage-first heap   total 155648K, used 130849K [0x0000000080000000, 0x0000000100000000)
  region size 1024K, 89 young (91136K), 7 survivors (7168K)
 Metaspace       used 42796K, committed 43200K, reserved 491520K
  class space    used 5934K, committed 6144K, reserved 425984K
}
Event: 34.688 GC heap after
{Heap after GC invocations=46 (full 0):
 garbage-first heap   total 155648K, used 47392K [0x0000000080000000, 0x0000000100000000)
  region size 1024K, 7 young (7168K), 7 survivors (7168K)
 Metaspace       used 42796K, committed 43200K, reserved 491520K
  class space    used 5934K, committed 6144K, reserved 425984K
}
Event: 35.173 GC heap before
{Heap before GC invocations=46 (full 0):
 garbage-first heap   total 155648K, used 131360K [0x0000000080000000, 0x0000000100000000)
  region size 1024K, 89 young (91136K), 7 survivors (7168K)
 Metaspace       used 42798K, committed 43200K, reserved 491520K
  class space    used 5934K, committed 6144K, reserved 425984K
}
Event: 35.179 GC heap after
{Heap after GC invocations=47 (full 0):
 garbage-first heap   total 155648K, used 47831K [0x0000000080000000, 0x0000000100000000)
  region size 1024K, 7 young (7168K), 7 survivors (7168K)
 Metaspace       used 42798K, committed 43200K, reserved 491520K
  class space    used 5934K, committed 6144K, reserved 425984K
}
Event: 35.965 GC heap before
{Heap before GC invocations=47 (full 0):
 garbage-first heap   total 155648K, used 130775K [0x0000000080000000, 0x0000000100000000)
  region size 1024K, 88 young (90112K), 7 survivors (7168K)
 Metaspace       used 42798K, committed 43200K, reserved 491520K
  class space    used 5934K, committed 6144K, reserved 425984K
}

Deoptimization events (20 events):
Event: 35.468 Thread 0x000001d3f085c5f0 DEOPT PACKING pc=0x000001d3b9960ad1 sp=0x0000006f2f8f53b0
Event: 35.468 Thread 0x000001d3f085c5f0 DEOPT UNPACKING pc=0x000001d3c0582b43 sp=0x0000006f2f8f4ac0 mode 0
Event: 35.547 Thread 0x000001d3f085c5f0 DEOPT PACKING pc=0x000001d3b995f942 sp=0x0000006f2f8f53b0
Event: 35.547 Thread 0x000001d3f085c5f0 DEOPT UNPACKING pc=0x000001d3c0582b43 sp=0x0000006f2f8f4ac0 mode 0
Event: 35.569 Thread 0x000001d3f085c5f0 DEOPT PACKING pc=0x000001d3b995f942 sp=0x0000006f2f8f53b0
Event: 35.569 Thread 0x000001d3f085c5f0 DEOPT UNPACKING pc=0x000001d3c0582b43 sp=0x0000006f2f8f4ac0 mode 0
Event: 35.608 Thread 0x000001d3f085c5f0 DEOPT PACKING pc=0x000001d3b9960ad1 sp=0x0000006f2f8f53b0
Event: 35.608 Thread 0x000001d3f085c5f0 DEOPT UNPACKING pc=0x000001d3c0582b43 sp=0x0000006f2f8f4ac0 mode 0
Event: 35.630 Thread 0x000001d3f085c5f0 DEOPT PACKING pc=0x000001d3b995f942 sp=0x0000006f2f8f53b0
Event: 35.630 Thread 0x000001d3f085c5f0 DEOPT UNPACKING pc=0x000001d3c0582b43 sp=0x0000006f2f8f4ac0 mode 0
Event: 35.652 Thread 0x000001d3f085c5f0 DEOPT PACKING pc=0x000001d3b995f942 sp=0x0000006f2f8f53b0
Event: 35.652 Thread 0x000001d3f085c5f0 DEOPT UNPACKING pc=0x000001d3c0582b43 sp=0x0000006f2f8f4ac0 mode 0
Event: 35.671 Thread 0x000001d3f085c5f0 DEOPT PACKING pc=0x000001d3b9960ad1 sp=0x0000006f2f8f53b0
Event: 35.671 Thread 0x000001d3f085c5f0 DEOPT UNPACKING pc=0x000001d3c0582b43 sp=0x0000006f2f8f4ac0 mode 0
Event: 35.817 Thread 0x000001d3f085c5f0 DEOPT PACKING pc=0x000001d3b995f942 sp=0x0000006f2f8f53b0
Event: 35.817 Thread 0x000001d3f085c5f0 DEOPT UNPACKING pc=0x000001d3c0582b43 sp=0x0000006f2f8f4ac0 mode 0
Event: 35.893 Thread 0x000001d3f085c5f0 DEOPT PACKING pc=0x000001d3b9960ad1 sp=0x0000006f2f8f53b0
Event: 35.893 Thread 0x000001d3f085c5f0 DEOPT UNPACKING pc=0x000001d3c0582b43 sp=0x0000006f2f8f4ac0 mode 0
Event: 35.914 Thread 0x000001d3f085c5f0 DEOPT PACKING pc=0x000001d3b9960ad1 sp=0x0000006f2f8f53b0
Event: 35.914 Thread 0x000001d3f085c5f0 DEOPT UNPACKING pc=0x000001d3c0582b43 sp=0x0000006f2f8f4ac0 mode 0

Classes unloaded (0 events):
No events

Classes redefined (0 events):
No events

Internal exceptions (20 events):
Event: 13.931 Thread 0x000001d3f085c5f0 Exception <a 'sun/nio/fs/WindowsException'{0x000000008bf1c8f8}> (0x000000008bf1c8f8) 
thrown [s\open\src\hotspot\share\prims\jni.cpp, line 516]
Event: 13.932 Thread 0x000001d3f085c5f0 Exception <a 'sun/nio/fs/WindowsException'{0x000000008bf1e3a0}> (0x000000008bf1e3a0) 
thrown [s\open\src\hotspot\share\prims\jni.cpp, line 516]
Event: 13.969 Thread 0x000001d3f085c5f0 Exception <a 'java/lang/NoSuchMethodError'{0x000000008bb01b30}: 'java.lang.Object java.lang.invoke.Invokers$Holder.invoker(java.lang.Object, java.lang.Object, java.lang.Object, java.lang.Object, java.lang.Object, java.lang.Object)'> (0x000000008bb01b30) 
thrown [s\open\src\hotspot\share\interpreter\linkResolver.cpp, line 759]
Event: 13.990 Thread 0x000001d3f085c5f0 Exception <a 'java/lang/NoSuchMethodError'{0x000000008bb95438}: 'java.lang.Object java.lang.invoke.Invokers$Holder.invoker(java.lang.Object, java.lang.Object, java.lang.Object, java.lang.Object)'> (0x000000008bb95438) 
thrown [s\open\src\hotspot\share\interpreter\linkResolver.cpp, line 759]
Event: 14.015 Thread 0x000001d3f085c5f0 Exception <a 'java/lang/NoSuchMethodError'{0x00000000853008a8}: 'java.lang.Object java.lang.invoke.Invokers$Holder.invoker(java.lang.Object, java.lang.Object, java.lang.Object, java.lang.Object, java.lang.Object)'> (0x00000000853008a8) 
thrown [s\open\src\hotspot\share\interpreter\linkResolver.cpp, line 759]
Event: 14.029 Thread 0x000001d3f085c5f0 Exception <a 'java/lang/NoSuchMethodError'{0x0000000085324eb8}: 'java.lang.Object java.lang.invoke.DelegatingMethodHandle$Holder.reinvoke_L(java.lang.Object, java.lang.Object, java.lang.Object, java.lang.Object, java.lang.Object, java.lang.Object, java.lang.Object, java.lang.Object, java.lang.Object, java.lang.Object, java.lang.Object, java.lang.Object, java.lang.Object, java.lang.Object, java.lang.Object, java.lang.Object, java.lang.Object, java.lang.Object, java.lang.Object, java.lang.Object, java.lang.O
Event: 14.035 Thread 0x000001d3f085c5f0 Exception <a 'java/lang/NoSuchMethodError'{0x0000000085331338}: 'java.lang.Object java.lang.invoke.Invokers$Holder.invoker(java.lang.Object, java.lang.Object, java.lang.Object, java.lang.Object, java.lang.Object, java.lang.Object, java.lang.Object, java.lang.Object, java.lang.Object, java.lang.Object, java.lang.Object, java.lang.Object, java.lang.Object, java.lang.Object, java.lang.Object, java.lang.Object, java.lang.Object, java.lang.Object, java.lang.Object, java.lang.Object, java.lang.Object, java.lang.
Event: 14.036 Thread 0x000001d3f085c5f0 Exception <a 'java/lang/NoSuchMethodError'{0x0000000085338660}: 'java.lang.Object java.lang.invoke.DelegatingMethodHandle$Holder.delegate(java.lang.Object, java.lang.Object, java.lang.Object, java.lang.Object, java.lang.Object, java.lang.Object, java.lang.Object, java.lang.Object, java.lang.Object, java.lang.Object, java.lang.Object, java.lang.Object, java.lang.Object, java.lang.Object, java.lang.Object, java.lang.Object, java.lang.Object, java.lang.Object, java.lang.Object, java.lang.Object, java.lang.Obj
Event: 14.064 Thread 0x000001d3f085c5f0 Exception <a 'java/lang/NoSuchMethodError'{0x00000000853b4340}: 'java.lang.Object java.lang.invoke.DirectMethodHandle$Holder.invokeStatic(java.lang.Object, java.lang.Object, java.lang.Object, java.lang.Object, java.lang.Object, java.lang.Object, java.lang.Object, java.lang.Object, java.lang.Object, java.lang.Object, java.lang.Object, java.lang.Object, java.lang.Object, java.lang.Object, java.lang.Object, java.lang.Object, java.lang.Object)'> (0x00000000853b4340) 
thrown [s\open\src\hotspot\share\interprete
Event: 14.078 Thread 0x000001d3f085c5f0 Exception <a 'java/lang/NoSuchMethodError'{0x00000000853ddb30}: 'java.lang.Object java.lang.invoke.DirectMethodHandle$Holder.invokeStatic(java.lang.Object, java.lang.Object, java.lang.Object, java.lang.Object, java.lang.Object, java.lang.Object, java.lang.Object, java.lang.Object, java.lang.Object, java.lang.Object, java.lang.Object, java.lang.Object, java.lang.Object, java.lang.Object, java.lang.Object, java.lang.Object, java.lang.Object, java.lang.Object)'> (0x00000000853ddb30) 
thrown [s\open\src\hotspo
Event: 14.082 Thread 0x000001d3f085c5f0 Exception <a 'java/lang/NoSuchMethodError'{0x0000000085208c30}: 'java.lang.Object java.lang.invoke.DirectMethodHandle$Holder.invokeStatic(java.lang.Object, java.lang.Object, java.lang.Object, java.lang.Object, java.lang.Object, java.lang.Object, java.lang.Object, java.lang.Object, java.lang.Object, java.lang.Object, java.lang.Object, java.lang.Object, java.lang.Object, java.lang.Object, java.lang.Object, java.lang.Object, java.lang.Object, java.lang.Object, java.lang.Object)'> (0x0000000085208c30) 
thrown 
Event: 14.087 Thread 0x000001d3f085c5f0 Exception <a 'java/lang/NoSuchMethodError'{0x0000000085234b40}: 'java.lang.Object java.lang.invoke.DirectMethodHandle$Holder.invokeStatic(java.lang.Object, java.lang.Object, java.lang.Object, java.lang.Object, java.lang.Object, java.lang.Object, java.lang.Object, java.lang.Object, java.lang.Object, java.lang.Object, java.lang.Object, java.lang.Object, java.lang.Object, java.lang.Object, java.lang.Object, java.lang.Object, java.lang.Object, java.lang.Object, java.lang.Object, java.lang.Object)'> (0x00000000
Event: 14.091 Thread 0x000001d3f085c5f0 Exception <a 'java/lang/NoSuchMethodError'{0x0000000085261478}: 'java.lang.Object java.lang.invoke.DirectMethodHandle$Holder.invokeStatic(java.lang.Object, java.lang.Object, java.lang.Object, java.lang.Object, java.lang.Object, java.lang.Object, java.lang.Object, java.lang.Object, java.lang.Object, java.lang.Object, java.lang.Object, java.lang.Object, java.lang.Object, java.lang.Object, java.lang.Object, java.lang.Object, java.lang.Object, java.lang.Object, java.lang.Object, java.lang.Object, java.lang.Obj
Event: 14.095 Thread 0x000001d3f085c5f0 Exception <a 'java/lang/NoSuchMethodError'{0x0000000085292728}: 'java.lang.Object java.lang.invoke.DirectMethodHandle$Holder.invokeStatic(java.lang.Object, java.lang.Object, java.lang.Object, java.lang.Object, java.lang.Object, java.lang.Object, java.lang.Object, java.lang.Object, java.lang.Object, java.lang.Object, java.lang.Object, java.lang.Object, java.lang.Object, java.lang.Object, java.lang.Object, java.lang.Object, java.lang.Object, java.lang.Object, java.lang.Object, java.lang.Object, java.lang.Obj
Event: 14.099 Thread 0x000001d3f085c5f0 Exception <a 'java/lang/NoSuchMethodError'{0x00000000852c1230}: 'java.lang.Object java.lang.invoke.DirectMethodHandle$Holder.invokeStatic(java.lang.Object, java.lang.Object, java.lang.Object, java.lang.Object, java.lang.Object, java.lang.Object, java.lang.Object, java.lang.Object, java.lang.Object, java.lang.Object, java.lang.Object, java.lang.Object, java.lang.Object, java.lang.Object, java.lang.Object, java.lang.Object, java.lang.Object, java.lang.Object, java.lang.Object, java.lang.Object, java.lang.Obj
Event: 14.102 Thread 0x000001d3f085c5f0 Exception <a 'java/lang/NoSuchMethodError'{0x00000000852f07e8}: 'java.lang.Object java.lang.invoke.DirectMethodHandle$Holder.invokeStatic(java.lang.Object, java.lang.Object, java.lang.Object, java.lang.Object, java.lang.Object, java.lang.Object, java.lang.Object, java.lang.Object, java.lang.Object, java.lang.Object, java.lang.Object, java.lang.Object, java.lang.Object, java.lang.Object, java.lang.Object, java.lang.Object, java.lang.Object, java.lang.Object, java.lang.Object, java.lang.Object, java.lang.Obj
Event: 14.106 Thread 0x000001d3f085c5f0 Exception <a 'java/lang/NoSuchMethodError'{0x0000000085121fe0}: 'java.lang.Object java.lang.invoke.DirectMethodHandle$Holder.invokeStatic(java.lang.Object, java.lang.Object, java.lang.Object, java.lang.Object, java.lang.Object, java.lang.Object, java.lang.Object, java.lang.Object, java.lang.Object, java.lang.Object, java.lang.Object, java.lang.Object, java.lang.Object, java.lang.Object, java.lang.Object, java.lang.Object, java.lang.Object, java.lang.Object, java.lang.Object, java.lang.Object, java.lang.Obj
Event: 14.109 Thread 0x000001d3f085c5f0 Exception <a 'java/lang/NoSuchMethodError'{0x00000000851549c0}: 'java.lang.Object java.lang.invoke.DirectMethodHandle$Holder.invokeStatic(java.lang.Object, java.lang.Object, java.lang.Object, java.lang.Object, java.lang.Object, java.lang.Object, java.lang.Object, java.lang.Object, java.lang.Object, java.lang.Object, java.lang.Object, java.lang.Object, java.lang.Object, java.lang.Object, java.lang.Object, java.lang.Object, java.lang.Object, java.lang.Object, java.lang.Object, java.lang.Object, java.lang.Obj
Event: 14.482 Thread 0x000001d3f085c5f0 Exception <a 'sun/nio/fs/WindowsException'{0x0000000083f796d8}> (0x0000000083f796d8) 
thrown [s\open\src\hotspot\share\prims\jni.cpp, line 516]
Event: 14.483 Thread 0x000001d3f085c5f0 Exception <a 'sun/nio/fs/WindowsException'{0x0000000083f7b1e0}> (0x0000000083f7b1e0) 
thrown [s\open\src\hotspot\share\prims\jni.cpp, line 516]

VM Operations (20 events):
Event: 29.333 Executing VM operation: G1CollectForAllocation done
Event: 29.902 Executing VM operation: G1CollectForAllocation
Event: 29.908 Executing VM operation: G1CollectForAllocation done
Event: 30.394 Executing VM operation: G1CollectForAllocation
Event: 30.400 Executing VM operation: G1CollectForAllocation done
Event: 30.859 Executing VM operation: G1CollectForAllocation
Event: 30.865 Executing VM operation: G1CollectForAllocation done
Event: 31.409 Executing VM operation: G1CollectForAllocation
Event: 31.415 Executing VM operation: G1CollectForAllocation done
Event: 32.427 Executing VM operation: Cleanup
Event: 32.427 Executing VM operation: Cleanup done
Event: 33.283 Executing VM operation: G1CollectForAllocation
Event: 33.289 Executing VM operation: G1CollectForAllocation done
Event: 33.837 Executing VM operation: G1CollectForAllocation
Event: 33.846 Executing VM operation: G1CollectForAllocation done
Event: 34.682 Executing VM operation: G1CollectForAllocation
Event: 34.688 Executing VM operation: G1CollectForAllocation done
Event: 35.173 Executing VM operation: G1CollectForAllocation
Event: 35.179 Executing VM operation: G1CollectForAllocation done
Event: 35.965 Executing VM operation: G1CollectForAllocation

Events (20 events):
Event: 16.893 Thread 0x000001d3cf8ae280 flushing nmethod 0x000001d3b9a2bb90
Event: 16.893 Thread 0x000001d3cf8ae280 flushing nmethod 0x000001d3b9a2c090
Event: 16.893 Thread 0x000001d3cf8ae280 flushing nmethod 0x000001d3b9a31690
Event: 16.893 Thread 0x000001d3cf8ae280 flushing nmethod 0x000001d3b9a32510
Event: 16.893 Thread 0x000001d3cf8ae280 flushing nmethod 0x000001d3b9a33390
Event: 16.893 Thread 0x000001d3cf8ae280 flushing nmethod 0x000001d3b9a33910
Event: 16.893 Thread 0x000001d3cf8ae280 flushing nmethod 0x000001d3b9a38090
Event: 16.893 Thread 0x000001d3cf8ae280 flushing nmethod 0x000001d3b9a39d10
Event: 16.893 Thread 0x000001d3cf8ae280 flushing nmethod 0x000001d3b9a3a310
Event: 16.893 Thread 0x000001d3cf8ae280 flushing nmethod 0x000001d3b9a47410
Event: 16.893 Thread 0x000001d3cf8ae280 flushing nmethod 0x000001d3b9a47d10
Event: 16.893 Thread 0x000001d3cf8ae280 flushing nmethod 0x000001d3b9a4db10
Event: 16.893 Thread 0x000001d3cf8ae280 flushing nmethod 0x000001d3b9a4e090
Event: 16.893 Thread 0x000001d3cf8ae280 flushing nmethod 0x000001d3b9a50910
Event: 16.893 Thread 0x000001d3cf8ae280 flushing nmethod 0x000001d3b9a58110
Event: 16.893 Thread 0x000001d3cf8ae280 flushing nmethod 0x000001d3b9a5af90
Event: 21.240 loading class java/util/regex/Pattern$Caret
Event: 21.240 loading class java/util/regex/Pattern$Caret done
Event: 30.738 loading class jdk/internal/access/foreign/MemorySegmentProxy
Event: 30.738 loading class jdk/internal/access/foreign/MemorySegmentProxy done


Dynamic libraries:
0x00007ff6bb700000 - 0x00007ff6bb710000 	C:\Program Files\Java\jdk-17\bin\java.exe
0x00007fff97d30000 - 0x00007fff97f28000 	C:\Windows\SYSTEM32\ntdll.dll
0x00007fff979a0000 - 0x00007fff97a62000 	C:\Windows\System32\KERNEL32.DLL
0x00007fff95930000 - 0x00007fff95c26000 	C:\Windows\System32\KERNELBASE.dll
0x00007fff95450000 - 0x00007fff95550000 	C:\Windows\System32\ucrtbase.dll
0x00007fff74e30000 - 0x00007fff74e4b000 	C:\Program Files\Java\jdk-17\bin\VCRUNTIME140.dll
0x00007fff74e50000 - 0x00007fff74e69000 	C:\Program Files\Java\jdk-17\bin\jli.dll
0x00007fff96e30000 - 0x00007fff96ee1000 	C:\Windows\System32\ADVAPI32.dll
0x00007fff96950000 - 0x00007fff969ee000 	C:\Windows\System32\msvcrt.dll
0x00007fff96d60000 - 0x00007fff96dff000 	C:\Windows\System32\sechost.dll
0x00007fff95d50000 - 0x00007fff95e70000 	C:\Windows\System32\RPCRT4.dll
0x00007fff95880000 - 0x00007fff958a7000 	C:\Windows\System32\bcrypt.dll
0x00007fff97a70000 - 0x00007fff97c11000 	C:\Windows\System32\USER32.dll
0x00007fff95750000 - 0x00007fff95772000 	C:\Windows\System32\win32u.dll
0x00007fff95e70000 - 0x00007fff95e9b000 	C:\Windows\System32\GDI32.dll
0x00007fff95c30000 - 0x00007fff95d49000 	C:\Windows\System32\gdi32full.dll
0x00007fff956b0000 - 0x00007fff9574d000 	C:\Windows\System32\msvcp_win.dll
0x00007fff7e5c0000 - 0x00007fff7e85b000 	C:\Windows\WinSxS\amd64_microsoft.windows.common-controls_6595b64144ccf1df_6.0.19041.6456_none_60b8a6cb71f64256\COMCTL32.dll
0x00007fff8ed70000 - 0x00007fff8ed7a000 	C:\Windows\SYSTEM32\VERSION.dll
0x00007fff96e00000 - 0x00007fff96e2f000 	C:\Windows\System32\IMM32.DLL
0x00007fff8dd00000 - 0x00007fff8dd0c000 	C:\Program Files\Java\jdk-17\bin\vcruntime140_1.dll
0x00007fff68e20000 - 0x00007fff68eae000 	C:\Program Files\Java\jdk-17\bin\msvcp140.dll
0x00007fff08a60000 - 0x00007fff09641000 	C:\Program Files\Java\jdk-17\bin\server\jvm.dll
0x00007fff95ea0000 - 0x00007fff95ea8000 	C:\Windows\System32\PSAPI.DLL
0x00007fff90050000 - 0x00007fff90059000 	C:\Windows\SYSTEM32\WSOCK32.dll
0x00007fff96cf0000 - 0x00007fff96d5b000 	C:\Windows\System32\WS2_32.dll
0x00007fff7b910000 - 0x00007fff7b937000 	C:\Windows\SYSTEM32\WINMM.dll
0x00007fff93230000 - 0x00007fff93242000 	C:\Windows\SYSTEM32\kernel.appcore.dll
0x00007fff8dc00000 - 0x00007fff8dc0a000 	C:\Program Files\Java\jdk-17\bin\jimage.dll
0x00007fff7b950000 - 0x00007fff7bb51000 	C:\Windows\SYSTEM32\DBGHELP.DLL
0x00007fff7a440000 - 0x00007fff7a474000 	C:\Windows\SYSTEM32\dbgcore.DLL
0x00007fff953c0000 - 0x00007fff95442000 	C:\Windows\System32\bcryptPrimitives.dll
0x00007fff8c400000 - 0x00007fff8c40e000 	C:\Program Files\Java\jdk-17\bin\instrument.dll
0x00007fff74e00000 - 0x00007fff74e25000 	C:\Program Files\Java\jdk-17\bin\java.dll
0x00007fff61590000 - 0x00007fff61667000 	C:\Program Files\Java\jdk-17\bin\jsvml.dll
0x00007fff96ef0000 - 0x00007fff97660000 	C:\Windows\System32\SHELL32.dll
0x00007fff93430000 - 0x00007fff93bd5000 	C:\Windows\SYSTEM32\windows.storage.dll
0x00007fff96540000 - 0x00007fff96894000 	C:\Windows\System32\combase.dll
0x00007fff94d10000 - 0x00007fff94d3b000 	C:\Windows\SYSTEM32\Wldp.dll
0x00007fff97c20000 - 0x00007fff97ced000 	C:\Windows\System32\OLEAUT32.dll
0x00007fff968a0000 - 0x00007fff9694d000 	C:\Windows\System32\SHCORE.dll
0x00007fff978d0000 - 0x00007fff9792b000 	C:\Windows\System32\shlwapi.dll
0x00007fff952f0000 - 0x00007fff95314000 	C:\Windows\SYSTEM32\profapi.dll
0x00007fff6b680000 - 0x00007fff6b698000 	C:\Program Files\Java\jdk-17\bin\zip.dll
0x00007fff74de0000 - 0x00007fff74df9000 	C:\Program Files\Java\jdk-17\bin\net.dll
0x00007fff8c6e0000 - 0x00007fff8c7ea000 	C:\Windows\SYSTEM32\WINHTTP.dll
0x00007fff94a70000 - 0x00007fff94ada000 	C:\Windows\system32\mswsock.dll
0x00007fff6b700000 - 0x00007fff6b716000 	C:\Program Files\Java\jdk-17\bin\nio.dll
0x00007fff8c510000 - 0x00007fff8c520000 	C:\Program Files\Java\jdk-17\bin\verify.dll
0x00007fff68f70000 - 0x00007fff68f97000 	C:\Users\ACER\.gradle\native\c067742578af261105cb4f569cf0c3c89f3d7b1fecec35dd04571415982c5e48\windows-amd64\native-platform.dll
0x00007fff24fd0000 - 0x00007fff25114000 	C:\Users\ACER\.gradle\native\100fb08df4bc3b14c8652ba06237920a3bd2aa13389f12d3474272988ae205f9\windows-amd64\native-platform-file-events.dll
0x00007fff8f080000 - 0x00007fff8f08a000 	C:\Program Files\Java\jdk-17\bin\management.dll
0x00007fff8de40000 - 0x00007fff8de4b000 	C:\Program Files\Java\jdk-17\bin\management_ext.dll
0x00007fff94c70000 - 0x00007fff94c88000 	C:\Windows\SYSTEM32\CRYPTSP.dll
0x00007fff94390000 - 0x00007fff943c8000 	C:\Windows\system32\rsaenh.dll
0x00007fff952b0000 - 0x00007fff952de000 	C:\Windows\SYSTEM32\USERENV.dll
0x00007fff94c60000 - 0x00007fff94c6c000 	C:\Windows\SYSTEM32\CRYPTBASE.dll
0x00007fff94750000 - 0x00007fff9478b000 	C:\Windows\SYSTEM32\IPHLPAPI.DLL
0x00007fff96b30000 - 0x00007fff96b38000 	C:\Windows\System32\NSI.dll
0x00007fff8ca90000 - 0x00007fff8caa7000 	C:\Windows\SYSTEM32\dhcpcsvc6.DLL
0x00007fff8cff0000 - 0x00007fff8d00d000 	C:\Windows\SYSTEM32\dhcpcsvc.DLL
0x00007fff94790000 - 0x00007fff9485a000 	C:\Windows\SYSTEM32\DNSAPI.dll
0x00007fff8c5e0000 - 0x00007fff8c5ee000 	C:\Program Files\Java\jdk-17\bin\sunmscapi.dll
0x00007fff95550000 - 0x00007fff956ad000 	C:\Windows\System32\CRYPT32.dll
0x00007fff94d80000 - 0x00007fff94da7000 	C:\Windows\SYSTEM32\ncrypt.dll
0x00007fff94d40000 - 0x00007fff94d7b000 	C:\Windows\SYSTEM32\NTASN1.dll
0x00007fff8c450000 - 0x00007fff8c457000 	C:\Windows\system32\wshunix.dll

dbghelp: loaded successfully - version: 4.0.5 - missing functions: none
symbol engine: initialized successfully - sym options: 0x614 - pdb path: .;C:\Program Files\Java\jdk-17\bin;C:\Windows\SYSTEM32;C:\Windows\WinSxS\amd64_microsoft.windows.common-controls_6595b64144ccf1df_6.0.19041.6456_none_60b8a6cb71f64256;C:\Program Files\Java\jdk-17\bin\server;C:\Users\ACER\.gradle\native\c067742578af261105cb4f569cf0c3c89f3d7b1fecec35dd04571415982c5e48\windows-amd64;C:\Users\ACER\.gradle\native\100fb08df4bc3b14c8652ba06237920a3bd2aa13389f12d3474272988ae205f9\windows-amd64

VM Arguments:
jvm_args: -XX:MaxMetaspaceSize=512m --add-opens=java.base/java.util=ALL-UNNAMED --add-opens=java.base/java.lang=ALL-UNNAMED --add-opens=java.base/java.lang.invoke=ALL-UNNAMED --add-opens=java.prefs/java.util.prefs=ALL-UNNAMED --add-opens=java.base/java.nio.charset=ALL-UNNAMED --add-opens=java.base/java.net=ALL-UNNAMED --add-opens=java.base/java.util.concurrent.atomic=ALL-UNNAMED -Xmx2048m -Dfile.encoding=windows-1252 -Duser.country=IN -Duser.language=en -Duser.variant -javaagent:C:\Users\ACER\.gradle\wrapper\dists\gradle-8.8-bin\dl7vupf4psengwqhwktix4v1\gradle-8.8\lib\agents\gradle-instrumentation-agent-8.8.jar 
java_command: org.gradle.launcher.daemon.bootstrap.GradleDaemon 8.8
java_class_path (initial): C:\Users\ACER\.gradle\wrapper\dists\gradle-8.8-bin\dl7vupf4psengwqhwktix4v1\gradle-8.8\lib\gradle-launcher-8.8.jar
Launcher Type: SUN_STANDARD

[Global flags]
     intx CICompilerCount                          = 3                                         {product} {ergonomic}
   size_t CompressedClassSpaceSize                 = 436207616                                 {product} {ergonomic}
     uint ConcGCThreads                            = 1                                         {product} {ergonomic}
     uint G1ConcRefinementThreads                  = 4                                         {product} {ergonomic}
   size_t G1HeapRegionSize                         = 1048576                                   {product} {ergonomic}
    uintx GCDrainStackTargetSize                   = 64                                        {product} {ergonomic}
   size_t InitialHeapSize                          = 201326592                                 {product} {ergonomic}
   size_t MarkStackSize                            = 4194304                                   {product} {ergonomic}
   size_t MaxHeapSize                              = 2147483648                                {product} {command line}
   size_t MaxMetaspaceSize                         = 536870912                                 {product} {command line}
   size_t MaxNewSize                               = 1287651328                                {product} {ergonomic}
   size_t MinHeapDeltaBytes                        = 1048576                                   {product} {ergonomic}
   size_t MinHeapSize                              = 8388608                                   {product} {ergonomic}
    uintx NonNMethodCodeHeapSize                   = 5832780                                {pd product} {ergonomic}
    uintx NonProfiledCodeHeapSize                  = 122912730                              {pd product} {ergonomic}
    uintx ProfiledCodeHeapSize                     = 122912730                              {pd product} {ergonomic}
    uintx ReservedCodeCacheSize                    = 251658240                              {pd product} {ergonomic}
     bool SegmentedCodeCache                       = true                                      {product} {ergonomic}
   size_t SoftMaxHeapSize                          = 2147483648                             {manageable} {ergonomic}
     bool UseCompressedClassPointers               = true                           {product lp64_product} {ergonomic}
     bool UseCompressedOops                        = true                           {product lp64_product} {ergonomic}
     bool UseG1GC                                  = true                                      {product} {ergonomic}
     bool UseLargePagesIndividualAllocation        = false                                  {pd product} {ergonomic}

Logging:
Log output configuration:
 #0: stdout all=warning uptime,level,tags
 #1: stderr all=off uptime,level,tags

Environment Variables:
JAVA_HOME=C:\Program Files\Java\jdk-17
PATH=C:\Users\ACER\bin;C:\Program Files\Git\mingw64\bin;C:\Program Files\Git\usr\local\bin;C:\Program Files\Git\usr\bin;C:\Program Files\Git\usr\bin;C:\Program Files\Git\mingw64\bin;C:\Program Files\Git\usr\bin;C:\Users\ACER\bin;C:\Program Files\Common Files\Oracle\Java\javapath;C:\Program Files\Java\jdk-17\bin;C:\Windows\System32\Wbem;C:\Windows\System32\WindowsPowerShell\v1.0;C:\Windows\System32\OpenSSH;D:\xampp\htdocs\codewithharry;C:\Program Files\Git\cmd;D:\MinGW\bin\apache-maven-3.9.6;C:\apache-maven-3.9.6\bin;C:\Program Files\MongoDB\mongosh-2.3.0-win32-x64\bin;C:\Program Files\PuTTY;C:\Program Files\MongoDB\Server\7.0\bin;C:\gradle\gradle-8.14\bin;C:\Program Files\WireGuard;C:\Program Files\nodejs;C:\Program Files\MySQL\MySQL Server 8.0\bin;C:\Users\ACER\.local\bin;C:\Windows\system32;C:\Windows;C:\Users\ACER\AppData\Local\Programs\cursor\resources\app\codeBin;C:\Users\ACER\AppData\Local\Programs\Python\Python313\Scripts;C:\Users\ACER\AppData\Local\Programs\Python\Python313;C:\Users\ACER\AppData\Local\Programs\Python\Launcher;C:\Program Files\MySQL\MySQL Shell 8.0\bin;C:\Users\ACER\AppData\Local\Microsoft\WindowsApps;C:\Users\ACER\AppData\Local\Programs\Microsoft VS Code\bin;C:\Users\ACER\AppData\Local\Programs\cursor\resources\app\bin;C:\Users\ACER\AppData\Local\Programs\Antigravity\bin;C:\Users\ACER\AppData\Roaming\npm;E:\futter-dev\sdk\flutter\bin;C:\Users\ACER\AppData\Local\Android\Sdk\platform-tools;C:\Users\ACER\AppData\Local\Android\Sdk\cmdline-tools\latest\bin;C:\Program Files\Git\usr\bin\vendor_perl;C:\Program Files\Git\usr\bin\core_perl
USERNAME=ACER
SHELL=C:\Program Files\Git\usr\bin\bash.exe
DISPLAY=needs-to-be-defined
LANG=en_US.UTF-8
OS=Windows_NT
PROCESSOR_IDENTIFIER=Intel64 Family 6 Model 142 Stepping 9, GenuineIntel



---------------  S Y S T E M  ---------------

OS:
 Windows 10 , 64 bit Build 19041 (10.0.19041.5915)
OS uptime: 1 days 9:39 hours

CPU: total 4 (initial active 4) (2 cores per cpu, 2 threads per core) family 6 model 142 stepping 9 microcode 0xb4, cx8, cmov, fxsr, ht, mmx, 3dnowpref, sse, sse2, sse3, ssse3, sse4.1, sse4.2, popcnt, lzcnt, tsc, tscinvbit, avx, avx2, aes, erms, clmul, bmi1, bmi2, adx, fma, vzeroupper, clflush, clflushopt

Memory: 4k page, system-wide physical 12165M (334M free)
TotalPageFile size 20357M (AvailPageFile size 20M)
current process WorkingSet (physical memory assigned to process): 317M, peak: 334M
current process commit charge ("private bytes"): 352M, peak: 385M

vm_info: Java HotSpot(TM) 64-Bit Server VM (17.0.13+10-LTS-268) for windows-amd64 JRE (17.0.13+10-LTS-268), built on Sep 30 2024 06:33:13 by "mach5one" with MS VC++ 17.6 (VS2022)

END.
